Copyright 1986-2022 Xilinx, Inc. All Rights Reserved. Copyright 2022-2025 Advanced Micro Devices, Inc. All Rights Reserved.
-------------------------------------------------------------------------------------------------------------------------------------------------------
| Tool Version : Vivado v.2025.2 (lin64) Build 6299465 Fri Nov 14 12:34:56 MST 2025
| Date         : Thu Oct  8 20:06:40 2026
| Host         : kompik running 64-bit Ubuntu 26.04 LTS
| Command      : report_timing -from [get_clocks mem_clk] -to [get_clocks mem_clk] -max_paths 10 -path_type full_clock_expanded -file memory_paths.rpt
| Design       : executor
| Device       : 7z020-clg484
| Speed File   : -2  PRODUCTION 1.12 2019-11-22
| Design State : Routed
-------------------------------------------------------------------------------------------------------------------------------------------------------

Timing Report

Slack (VIOLATED) :        -4.529ns  (required time - arrival time)
  Source:                 core/configuration/fields_reg[5][22]/C
                            (rising edge-triggered cell FDRE clocked by mem_clk  {rise@0.000ns fall@2.000ns period=4.000ns})
  Destination:            core/gate/active_expires_reg[41]/CE
                            (rising edge-triggered cell FDRE clocked by mem_clk  {rise@0.000ns fall@2.000ns period=4.000ns})
  Path Group:             mem_clk
  Path Type:              Setup (Max at Slow Process Corner)
  Requirement:            4.000ns  (mem_clk rise@4.000ns - mem_clk rise@0.000ns)
  Data Path Delay:        7.632ns  (logic 1.575ns (20.636%)  route 6.057ns (79.364%))
  Logic Levels:           10  (LUT4=3 LUT5=4 LUT6=3)
  Clock Path Skew:        -0.185ns (DCD - SCD + CPR)
    Destination Clock Delay (DCD):    1.228ns = ( 5.228 - 4.000 ) 
    Source Clock Delay      (SCD):    1.425ns
    Clock Pessimism Removal (CPR):    0.012ns
  Clock Uncertainty:      0.543ns  ((TSJ^2 + TIJ^2)^1/2 + DJ) / 2 + PE + UU
    Total System Jitter     (TSJ):    0.071ns
    Total Input Jitter      (TIJ):    0.050ns
    Discrete Jitter          (DJ):    0.000ns
    Phase Error              (PE):    0.000ns
    User Uncertainty         (UU):    0.500ns

    Location             Delay type                Incr(ns)  Path(ns)    Netlist Resource(s)
  -------------------------------------------------------------------    -------------------
                         (clock mem_clk rise edge)    0.000     0.000 r  
                                                      0.000     0.000 r  mem_clk (IN)
                         net (fo=2865, unset)         1.425     1.425    core/configuration/clk
    SLICE_X62Y76         FDRE                                         r  core/configuration/fields_reg[5][22]/C
  -------------------------------------------------------------------    -------------------
    SLICE_X62Y76         FDRE (Prop_fdre_C_Q)         0.398     1.823 r  core/configuration/fields_reg[5][22]/Q
                         net (fo=1, routed)           0.513     2.336    core/configuration/fields_reg_n_0_[5][22]
    SLICE_X63Y76         LUT4 (Prop_lut4_I2_O)        0.232     2.568 r  core/configuration/arm_due_INST_0_i_86/O
                         net (fo=2, routed)           0.250     2.818    core/configuration/arm_due_INST_0_i_86_n_0
    SLICE_X62Y75         LUT5 (Prop_lut5_I4_O)        0.105     2.923 r  core/configuration/arm_due_INST_0_i_43/O
                         net (fo=1, routed)           0.662     3.586    core/configuration/arm_due_INST_0_i_43_n_0
    SLICE_X61Y74         LUT4 (Prop_lut4_I3_O)        0.105     3.691 f  core/configuration/arm_due_INST_0_i_12/O
                         net (fo=1, routed)           0.546     4.237    core/configuration/compatible6
    SLICE_X60Y74         LUT6 (Prop_lut6_I0_O)        0.105     4.342 f  core/configuration/arm_due_INST_0_i_2/O
                         net (fo=2, routed)           0.663     5.004    core/configuration/arm_due_INST_0_i_2_n_0
    SLICE_X60Y73         LUT5 (Prop_lut5_I1_O)        0.105     5.109 f  core/configuration/arm_due_INST_0/O
                         net (fo=77, routed)          1.064     6.174    core/gate/cold_init
    SLICE_X51Y58         LUT5 (Prop_lut5_I3_O)        0.105     6.279 f  core/gate/last_sequence[63]_i_3/O
                         net (fo=4, routed)           0.387     6.666    core/gate/last_sequence[63]_i_3_n_0
    SLICE_X51Y58         LUT6 (Prop_lut6_I0_O)        0.105     6.771 f  core/gate/permit_at_edge_INST_0_i_49/O
                         net (fo=4, routed)           0.409     7.180    core/gate/permit_at_edge_INST_0_i_49_n_0
    SLICE_X51Y58         LUT6 (Prop_lut6_I5_O)        0.105     7.285 f  core/gate/permit_at_edge_INST_0_i_20/O
                         net (fo=6, routed)           0.471     7.755    core/gate/permit_at_edge_INST_0_i_20_n_0
    SLICE_X47Y62         LUT5 (Prop_lut5_I2_O)        0.105     7.860 r  core/gate/permit_at_edge_INST_0_i_4/O
                         net (fo=6, routed)           0.486     8.346    core/gate/permit_at_edge_INST_0_i_4_n_0
    SLICE_X43Y63         LUT4 (Prop_lut4_I1_O)        0.105     8.451 r  core/gate/active_expires[63]_i_1/O
                         net (fo=64, routed)          0.606     9.057    core/gate/active_expires[0]
    SLICE_X45Y65         FDRE                                         r  core/gate/active_expires_reg[41]/CE
  -------------------------------------------------------------------    -------------------

                         (clock mem_clk rise edge)    4.000     4.000 r  
                                                      0.000     4.000 r  mem_clk (IN)
                         net (fo=2865, unset)         1.228     5.228    core/gate/clk
    SLICE_X45Y65         FDRE                                         r  core/gate/active_expires_reg[41]/C
                         clock pessimism              0.012     5.240    
                         clock uncertainty           -0.543     4.697    
    SLICE_X45Y65         FDRE (Setup_fdre_C_CE)      -0.168     4.529    core/gate/active_expires_reg[41]
  -------------------------------------------------------------------
                         required time                          4.529    
                         arrival time                          -9.057    
  -------------------------------------------------------------------
                         slack                                 -4.529    

Slack (VIOLATED) :        -4.529ns  (required time - arrival time)
  Source:                 core/configuration/fields_reg[5][22]/C
                            (rising edge-triggered cell FDRE clocked by mem_clk  {rise@0.000ns fall@2.000ns period=4.000ns})
  Destination:            core/gate/active_expires_reg[42]/CE
                            (rising edge-triggered cell FDRE clocked by mem_clk  {rise@0.000ns fall@2.000ns period=4.000ns})
  Path Group:             mem_clk
  Path Type:              Setup (Max at Slow Process Corner)
  Requirement:            4.000ns  (mem_clk rise@4.000ns - mem_clk rise@0.000ns)
  Data Path Delay:        7.632ns  (logic 1.575ns (20.636%)  route 6.057ns (79.364%))
  Logic Levels:           10  (LUT4=3 LUT5=4 LUT6=3)
  Clock Path Skew:        -0.185ns (DCD - SCD + CPR)
    Destination Clock Delay (DCD):    1.228ns = ( 5.228 - 4.000 ) 
    Source Clock Delay      (SCD):    1.425ns
    Clock Pessimism Removal (CPR):    0.012ns
  Clock Uncertainty:      0.543ns  ((TSJ^2 + TIJ^2)^1/2 + DJ) / 2 + PE + UU
    Total System Jitter     (TSJ):    0.071ns
    Total Input Jitter      (TIJ):    0.050ns
    Discrete Jitter          (DJ):    0.000ns
    Phase Error              (PE):    0.000ns
    User Uncertainty         (UU):    0.500ns

    Location             Delay type                Incr(ns)  Path(ns)    Netlist Resource(s)
  -------------------------------------------------------------------    -------------------
                         (clock mem_clk rise edge)    0.000     0.000 r  
                                                      0.000     0.000 r  mem_clk (IN)
                         net (fo=2865, unset)         1.425     1.425    core/configuration/clk
    SLICE_X62Y76         FDRE                                         r  core/configuration/fields_reg[5][22]/C
  -------------------------------------------------------------------    -------------------
    SLICE_X62Y76         FDRE (Prop_fdre_C_Q)         0.398     1.823 r  core/configuration/fields_reg[5][22]/Q
                         net (fo=1, routed)           0.513     2.336    core/configuration/fields_reg_n_0_[5][22]
    SLICE_X63Y76         LUT4 (Prop_lut4_I2_O)        0.232     2.568 r  core/configuration/arm_due_INST_0_i_86/O
                         net (fo=2, routed)           0.250     2.818    core/configuration/arm_due_INST_0_i_86_n_0
    SLICE_X62Y75         LUT5 (Prop_lut5_I4_O)        0.105     2.923 r  core/configuration/arm_due_INST_0_i_43/O
                         net (fo=1, routed)           0.662     3.586    core/configuration/arm_due_INST_0_i_43_n_0
    SLICE_X61Y74         LUT4 (Prop_lut4_I3_O)        0.105     3.691 f  core/configuration/arm_due_INST_0_i_12/O
                         net (fo=1, routed)           0.546     4.237    core/configuration/compatible6
    SLICE_X60Y74         LUT6 (Prop_lut6_I0_O)        0.105     4.342 f  core/configuration/arm_due_INST_0_i_2/O
                         net (fo=2, routed)           0.663     5.004    core/configuration/arm_due_INST_0_i_2_n_0
    SLICE_X60Y73         LUT5 (Prop_lut5_I1_O)        0.105     5.109 f  core/configuration/arm_due_INST_0/O
                         net (fo=77, routed)          1.064     6.174    core/gate/cold_init
    SLICE_X51Y58         LUT5 (Prop_lut5_I3_O)        0.105     6.279 f  core/gate/last_sequence[63]_i_3/O
                         net (fo=4, routed)           0.387     6.666    core/gate/last_sequence[63]_i_3_n_0
    SLICE_X51Y58         LUT6 (Prop_lut6_I0_O)        0.105     6.771 f  core/gate/permit_at_edge_INST_0_i_49/O
                         net (fo=4, routed)           0.409     7.180    core/gate/permit_at_edge_INST_0_i_49_n_0
    SLICE_X51Y58         LUT6 (Prop_lut6_I5_O)        0.105     7.285 f  core/gate/permit_at_edge_INST_0_i_20/O
                         net (fo=6, routed)           0.471     7.755    core/gate/permit_at_edge_INST_0_i_20_n_0
    SLICE_X47Y62         LUT5 (Prop_lut5_I2_O)        0.105     7.860 r  core/gate/permit_at_edge_INST_0_i_4/O
                         net (fo=6, routed)           0.486     8.346    core/gate/permit_at_edge_INST_0_i_4_n_0
    SLICE_X43Y63         LUT4 (Prop_lut4_I1_O)        0.105     8.451 r  core/gate/active_expires[63]_i_1/O
                         net (fo=64, routed)          0.606     9.057    core/gate/active_expires[0]
    SLICE_X45Y65         FDRE                                         r  core/gate/active_expires_reg[42]/CE
  -------------------------------------------------------------------    -------------------

                         (clock mem_clk rise edge)    4.000     4.000 r  
                                                      0.000     4.000 r  mem_clk (IN)
                         net (fo=2865, unset)         1.228     5.228    core/gate/clk
    SLICE_X45Y65         FDRE                                         r  core/gate/active_expires_reg[42]/C
                         clock pessimism              0.012     5.240    
                         clock uncertainty           -0.543     4.697    
    SLICE_X45Y65         FDRE (Setup_fdre_C_CE)      -0.168     4.529    core/gate/active_expires_reg[42]
  -------------------------------------------------------------------
                         required time                          4.529    
                         arrival time                          -9.057    
  -------------------------------------------------------------------
                         slack                                 -4.529    

Slack (VIOLATED) :        -4.529ns  (required time - arrival time)
  Source:                 core/configuration/fields_reg[5][22]/C
                            (rising edge-triggered cell FDRE clocked by mem_clk  {rise@0.000ns fall@2.000ns period=4.000ns})
  Destination:            core/gate/active_expires_reg[43]/CE
                            (rising edge-triggered cell FDRE clocked by mem_clk  {rise@0.000ns fall@2.000ns period=4.000ns})
  Path Group:             mem_clk
  Path Type:              Setup (Max at Slow Process Corner)
  Requirement:            4.000ns  (mem_clk rise@4.000ns - mem_clk rise@0.000ns)
  Data Path Delay:        7.632ns  (logic 1.575ns (20.636%)  route 6.057ns (79.364%))
  Logic Levels:           10  (LUT4=3 LUT5=4 LUT6=3)
  Clock Path Skew:        -0.185ns (DCD - SCD + CPR)
    Destination Clock Delay (DCD):    1.228ns = ( 5.228 - 4.000 ) 
    Source Clock Delay      (SCD):    1.425ns
    Clock Pessimism Removal (CPR):    0.012ns
  Clock Uncertainty:      0.543ns  ((TSJ^2 + TIJ^2)^1/2 + DJ) / 2 + PE + UU
    Total System Jitter     (TSJ):    0.071ns
    Total Input Jitter      (TIJ):    0.050ns
    Discrete Jitter          (DJ):    0.000ns
    Phase Error              (PE):    0.000ns
    User Uncertainty         (UU):    0.500ns

    Location             Delay type                Incr(ns)  Path(ns)    Netlist Resource(s)
  -------------------------------------------------------------------    -------------------
                         (clock mem_clk rise edge)    0.000     0.000 r  
                                                      0.000     0.000 r  mem_clk (IN)
                         net (fo=2865, unset)         1.425     1.425    core/configuration/clk
    SLICE_X62Y76         FDRE                                         r  core/configuration/fields_reg[5][22]/C
  -------------------------------------------------------------------    -------------------
    SLICE_X62Y76         FDRE (Prop_fdre_C_Q)         0.398     1.823 r  core/configuration/fields_reg[5][22]/Q
                         net (fo=1, routed)           0.513     2.336    core/configuration/fields_reg_n_0_[5][22]
    SLICE_X63Y76         LUT4 (Prop_lut4_I2_O)        0.232     2.568 r  core/configuration/arm_due_INST_0_i_86/O
                         net (fo=2, routed)           0.250     2.818    core/configuration/arm_due_INST_0_i_86_n_0
    SLICE_X62Y75         LUT5 (Prop_lut5_I4_O)        0.105     2.923 r  core/configuration/arm_due_INST_0_i_43/O
                         net (fo=1, routed)           0.662     3.586    core/configuration/arm_due_INST_0_i_43_n_0
    SLICE_X61Y74         LUT4 (Prop_lut4_I3_O)        0.105     3.691 f  core/configuration/arm_due_INST_0_i_12/O
                         net (fo=1, routed)           0.546     4.237    core/configuration/compatible6
    SLICE_X60Y74         LUT6 (Prop_lut6_I0_O)        0.105     4.342 f  core/configuration/arm_due_INST_0_i_2/O
                         net (fo=2, routed)           0.663     5.004    core/configuration/arm_due_INST_0_i_2_n_0
    SLICE_X60Y73         LUT5 (Prop_lut5_I1_O)        0.105     5.109 f  core/configuration/arm_due_INST_0/O
                         net (fo=77, routed)          1.064     6.174    core/gate/cold_init
    SLICE_X51Y58         LUT5 (Prop_lut5_I3_O)        0.105     6.279 f  core/gate/last_sequence[63]_i_3/O
                         net (fo=4, routed)           0.387     6.666    core/gate/last_sequence[63]_i_3_n_0
    SLICE_X51Y58         LUT6 (Prop_lut6_I0_O)        0.105     6.771 f  core/gate/permit_at_edge_INST_0_i_49/O
                         net (fo=4, routed)           0.409     7.180    core/gate/permit_at_edge_INST_0_i_49_n_0
    SLICE_X51Y58         LUT6 (Prop_lut6_I5_O)        0.105     7.285 f  core/gate/permit_at_edge_INST_0_i_20/O
                         net (fo=6, routed)           0.471     7.755    core/gate/permit_at_edge_INST_0_i_20_n_0
    SLICE_X47Y62         LUT5 (Prop_lut5_I2_O)        0.105     7.860 r  core/gate/permit_at_edge_INST_0_i_4/O
                         net (fo=6, routed)           0.486     8.346    core/gate/permit_at_edge_INST_0_i_4_n_0
    SLICE_X43Y63         LUT4 (Prop_lut4_I1_O)        0.105     8.451 r  core/gate/active_expires[63]_i_1/O
                         net (fo=64, routed)          0.606     9.057    core/gate/active_expires[0]
    SLICE_X45Y65         FDRE                                         r  core/gate/active_expires_reg[43]/CE
  -------------------------------------------------------------------    -------------------

                         (clock mem_clk rise edge)    4.000     4.000 r  
                                                      0.000     4.000 r  mem_clk (IN)
                         net (fo=2865, unset)         1.228     5.228    core/gate/clk
    SLICE_X45Y65         FDRE                                         r  core/gate/active_expires_reg[43]/C
                         clock pessimism              0.012     5.240    
                         clock uncertainty           -0.543     4.697    
    SLICE_X45Y65         FDRE (Setup_fdre_C_CE)      -0.168     4.529    core/gate/active_expires_reg[43]
  -------------------------------------------------------------------
                         required time                          4.529    
                         arrival time                          -9.057    
  -------------------------------------------------------------------
                         slack                                 -4.529    

Slack (VIOLATED) :        -4.529ns  (required time - arrival time)
  Source:                 core/configuration/fields_reg[5][22]/C
                            (rising edge-triggered cell FDRE clocked by mem_clk  {rise@0.000ns fall@2.000ns period=4.000ns})
  Destination:            core/gate/active_expires_reg[44]/CE
                            (rising edge-triggered cell FDRE clocked by mem_clk  {rise@0.000ns fall@2.000ns period=4.000ns})
  Path Group:             mem_clk
  Path Type:              Setup (Max at Slow Process Corner)
  Requirement:            4.000ns  (mem_clk rise@4.000ns - mem_clk rise@0.000ns)
  Data Path Delay:        7.632ns  (logic 1.575ns (20.636%)  route 6.057ns (79.364%))
  Logic Levels:           10  (LUT4=3 LUT5=4 LUT6=3)
  Clock Path Skew:        -0.185ns (DCD - SCD + CPR)
    Destination Clock Delay (DCD):    1.228ns = ( 5.228 - 4.000 ) 
    Source Clock Delay      (SCD):    1.425ns
    Clock Pessimism Removal (CPR):    0.012ns
  Clock Uncertainty:      0.543ns  ((TSJ^2 + TIJ^2)^1/2 + DJ) / 2 + PE + UU
    Total System Jitter     (TSJ):    0.071ns
    Total Input Jitter      (TIJ):    0.050ns
    Discrete Jitter          (DJ):    0.000ns
    Phase Error              (PE):    0.000ns
    User Uncertainty         (UU):    0.500ns

    Location             Delay type                Incr(ns)  Path(ns)    Netlist Resource(s)
  -------------------------------------------------------------------    -------------------
                         (clock mem_clk rise edge)    0.000     0.000 r  
                                                      0.000     0.000 r  mem_clk (IN)
                         net (fo=2865, unset)         1.425     1.425    core/configuration/clk
    SLICE_X62Y76         FDRE                                         r  core/configuration/fields_reg[5][22]/C
  -------------------------------------------------------------------    -------------------
    SLICE_X62Y76         FDRE (Prop_fdre_C_Q)         0.398     1.823 r  core/configuration/fields_reg[5][22]/Q
                         net (fo=1, routed)           0.513     2.336    core/configuration/fields_reg_n_0_[5][22]
    SLICE_X63Y76         LUT4 (Prop_lut4_I2_O)        0.232     2.568 r  core/configuration/arm_due_INST_0_i_86/O
                         net (fo=2, routed)           0.250     2.818    core/configuration/arm_due_INST_0_i_86_n_0
    SLICE_X62Y75         LUT5 (Prop_lut5_I4_O)        0.105     2.923 r  core/configuration/arm_due_INST_0_i_43/O
                         net (fo=1, routed)           0.662     3.586    core/configuration/arm_due_INST_0_i_43_n_0
    SLICE_X61Y74         LUT4 (Prop_lut4_I3_O)        0.105     3.691 f  core/configuration/arm_due_INST_0_i_12/O
                         net (fo=1, routed)           0.546     4.237    core/configuration/compatible6
    SLICE_X60Y74         LUT6 (Prop_lut6_I0_O)        0.105     4.342 f  core/configuration/arm_due_INST_0_i_2/O
                         net (fo=2, routed)           0.663     5.004    core/configuration/arm_due_INST_0_i_2_n_0
    SLICE_X60Y73         LUT5 (Prop_lut5_I1_O)        0.105     5.109 f  core/configuration/arm_due_INST_0/O
                         net (fo=77, routed)          1.064     6.174    core/gate/cold_init
    SLICE_X51Y58         LUT5 (Prop_lut5_I3_O)        0.105     6.279 f  core/gate/last_sequence[63]_i_3/O
                         net (fo=4, routed)           0.387     6.666    core/gate/last_sequence[63]_i_3_n_0
    SLICE_X51Y58         LUT6 (Prop_lut6_I0_O)        0.105     6.771 f  core/gate/permit_at_edge_INST_0_i_49/O
                         net (fo=4, routed)           0.409     7.180    core/gate/permit_at_edge_INST_0_i_49_n_0
    SLICE_X51Y58         LUT6 (Prop_lut6_I5_O)        0.105     7.285 f  core/gate/permit_at_edge_INST_0_i_20/O
                         net (fo=6, routed)           0.471     7.755    core/gate/permit_at_edge_INST_0_i_20_n_0
    SLICE_X47Y62         LUT5 (Prop_lut5_I2_O)        0.105     7.860 r  core/gate/permit_at_edge_INST_0_i_4/O
                         net (fo=6, routed)           0.486     8.346    core/gate/permit_at_edge_INST_0_i_4_n_0
    SLICE_X43Y63         LUT4 (Prop_lut4_I1_O)        0.105     8.451 r  core/gate/active_expires[63]_i_1/O
                         net (fo=64, routed)          0.606     9.057    core/gate/active_expires[0]
    SLICE_X45Y65         FDRE                                         r  core/gate/active_expires_reg[44]/CE
  -------------------------------------------------------------------    -------------------

                         (clock mem_clk rise edge)    4.000     4.000 r  
                                                      0.000     4.000 r  mem_clk (IN)
                         net (fo=2865, unset)         1.228     5.228    core/gate/clk
    SLICE_X45Y65         FDRE                                         r  core/gate/active_expires_reg[44]/C
                         clock pessimism              0.012     5.240    
                         clock uncertainty           -0.543     4.697    
    SLICE_X45Y65         FDRE (Setup_fdre_C_CE)      -0.168     4.529    core/gate/active_expires_reg[44]
  -------------------------------------------------------------------
                         required time                          4.529    
                         arrival time                          -9.057    
  -------------------------------------------------------------------
                         slack                                 -4.529    

Slack (VIOLATED) :        -4.502ns  (required time - arrival time)
  Source:                 core/configuration/fields_reg[5][22]/C
                            (rising edge-triggered cell FDRE clocked by mem_clk  {rise@0.000ns fall@2.000ns period=4.000ns})
  Destination:            core/gate/active_expires_reg[25]/CE
                            (rising edge-triggered cell FDRE clocked by mem_clk  {rise@0.000ns fall@2.000ns period=4.000ns})
  Path Group:             mem_clk
  Path Type:              Setup (Max at Slow Process Corner)
  Requirement:            4.000ns  (mem_clk rise@4.000ns - mem_clk rise@0.000ns)
  Data Path Delay:        7.607ns  (logic 1.575ns (20.705%)  route 6.032ns (79.295%))
  Logic Levels:           10  (LUT4=3 LUT5=4 LUT6=3)
  Clock Path Skew:        -0.184ns (DCD - SCD + CPR)
    Destination Clock Delay (DCD):    1.229ns = ( 5.229 - 4.000 ) 
    Source Clock Delay      (SCD):    1.425ns
    Clock Pessimism Removal (CPR):    0.012ns
  Clock Uncertainty:      0.543ns  ((TSJ^2 + TIJ^2)^1/2 + DJ) / 2 + PE + UU
    Total System Jitter     (TSJ):    0.071ns
    Total Input Jitter      (TIJ):    0.050ns
    Discrete Jitter          (DJ):    0.000ns
    Phase Error              (PE):    0.000ns
    User Uncertainty         (UU):    0.500ns

    Location             Delay type                Incr(ns)  Path(ns)    Netlist Resource(s)
  -------------------------------------------------------------------    -------------------
                         (clock mem_clk rise edge)    0.000     0.000 r  
                                                      0.000     0.000 r  mem_clk (IN)
                         net (fo=2865, unset)         1.425     1.425    core/configuration/clk
    SLICE_X62Y76         FDRE                                         r  core/configuration/fields_reg[5][22]/C
  -------------------------------------------------------------------    -------------------
    SLICE_X62Y76         FDRE (Prop_fdre_C_Q)         0.398     1.823 r  core/configuration/fields_reg[5][22]/Q
                         net (fo=1, routed)           0.513     2.336    core/configuration/fields_reg_n_0_[5][22]
    SLICE_X63Y76         LUT4 (Prop_lut4_I2_O)        0.232     2.568 r  core/configuration/arm_due_INST_0_i_86/O
                         net (fo=2, routed)           0.250     2.818    core/configuration/arm_due_INST_0_i_86_n_0
    SLICE_X62Y75         LUT5 (Prop_lut5_I4_O)        0.105     2.923 r  core/configuration/arm_due_INST_0_i_43/O
                         net (fo=1, routed)           0.662     3.586    core/configuration/arm_due_INST_0_i_43_n_0
    SLICE_X61Y74         LUT4 (Prop_lut4_I3_O)        0.105     3.691 f  core/configuration/arm_due_INST_0_i_12/O
                         net (fo=1, routed)           0.546     4.237    core/configuration/compatible6
    SLICE_X60Y74         LUT6 (Prop_lut6_I0_O)        0.105     4.342 f  core/configuration/arm_due_INST_0_i_2/O
                         net (fo=2, routed)           0.663     5.004    core/configuration/arm_due_INST_0_i_2_n_0
    SLICE_X60Y73         LUT5 (Prop_lut5_I1_O)        0.105     5.109 f  core/configuration/arm_due_INST_0/O
                         net (fo=77, routed)          1.064     6.174    core/gate/cold_init
    SLICE_X51Y58         LUT5 (Prop_lut5_I3_O)        0.105     6.279 f  core/gate/last_sequence[63]_i_3/O
                         net (fo=4, routed)           0.387     6.666    core/gate/last_sequence[63]_i_3_n_0
    SLICE_X51Y58         LUT6 (Prop_lut6_I0_O)        0.105     6.771 f  core/gate/permit_at_edge_INST_0_i_49/O
                         net (fo=4, routed)           0.409     7.180    core/gate/permit_at_edge_INST_0_i_49_n_0
    SLICE_X51Y58         LUT6 (Prop_lut6_I5_O)        0.105     7.285 f  core/gate/permit_at_edge_INST_0_i_20/O
                         net (fo=6, routed)           0.471     7.755    core/gate/permit_at_edge_INST_0_i_20_n_0
    SLICE_X47Y62         LUT5 (Prop_lut5_I2_O)        0.105     7.860 r  core/gate/permit_at_edge_INST_0_i_4/O
                         net (fo=6, routed)           0.486     8.346    core/gate/permit_at_edge_INST_0_i_4_n_0
    SLICE_X43Y63         LUT4 (Prop_lut4_I1_O)        0.105     8.451 r  core/gate/active_expires[63]_i_1/O
                         net (fo=64, routed)          0.580     9.032    core/gate/active_expires[0]
    SLICE_X43Y65         FDRE                                         r  core/gate/active_expires_reg[25]/CE
  -------------------------------------------------------------------    -------------------

                         (clock mem_clk rise edge)    4.000     4.000 r  
                                                      0.000     4.000 r  mem_clk (IN)
                         net (fo=2865, unset)         1.229     5.229    core/gate/clk
    SLICE_X43Y65         FDRE                                         r  core/gate/active_expires_reg[25]/C
                         clock pessimism              0.012     5.241    
                         clock uncertainty           -0.543     4.698    
    SLICE_X43Y65         FDRE (Setup_fdre_C_CE)      -0.168     4.530    core/gate/active_expires_reg[25]
  -------------------------------------------------------------------
                         required time                          4.530    
                         arrival time                          -9.032    
  -------------------------------------------------------------------
                         slack                                 -4.502    

Slack (VIOLATED) :        -4.502ns  (required time - arrival time)
  Source:                 core/configuration/fields_reg[5][22]/C
                            (rising edge-triggered cell FDRE clocked by mem_clk  {rise@0.000ns fall@2.000ns period=4.000ns})
  Destination:            core/gate/active_expires_reg[26]/CE
                            (rising edge-triggered cell FDRE clocked by mem_clk  {rise@0.000ns fall@2.000ns period=4.000ns})
  Path Group:             mem_clk
  Path Type:              Setup (Max at Slow Process Corner)
  Requirement:            4.000ns  (mem_clk rise@4.000ns - mem_clk rise@0.000ns)
  Data Path Delay:        7.607ns  (logic 1.575ns (20.705%)  route 6.032ns (79.295%))
  Logic Levels:           10  (LUT4=3 LUT5=4 LUT6=3)
  Clock Path Skew:        -0.184ns (DCD - SCD + CPR)
    Destination Clock Delay (DCD):    1.229ns = ( 5.229 - 4.000 ) 
    Source Clock Delay      (SCD):    1.425ns
    Clock Pessimism Removal (CPR):    0.012ns
  Clock Uncertainty:      0.543ns  ((TSJ^2 + TIJ^2)^1/2 + DJ) / 2 + PE + UU
    Total System Jitter     (TSJ):    0.071ns
    Total Input Jitter      (TIJ):    0.050ns
    Discrete Jitter          (DJ):    0.000ns
    Phase Error              (PE):    0.000ns
    User Uncertainty         (UU):    0.500ns

    Location             Delay type                Incr(ns)  Path(ns)    Netlist Resource(s)
  -------------------------------------------------------------------    -------------------
                         (clock mem_clk rise edge)    0.000     0.000 r  
                                                      0.000     0.000 r  mem_clk (IN)
                         net (fo=2865, unset)         1.425     1.425    core/configuration/clk
    SLICE_X62Y76         FDRE                                         r  core/configuration/fields_reg[5][22]/C
  -------------------------------------------------------------------    -------------------
    SLICE_X62Y76         FDRE (Prop_fdre_C_Q)         0.398     1.823 r  core/configuration/fields_reg[5][22]/Q
                         net (fo=1, routed)           0.513     2.336    core/configuration/fields_reg_n_0_[5][22]
    SLICE_X63Y76         LUT4 (Prop_lut4_I2_O)        0.232     2.568 r  core/configuration/arm_due_INST_0_i_86/O
                         net (fo=2, routed)           0.250     2.818    core/configuration/arm_due_INST_0_i_86_n_0
    SLICE_X62Y75         LUT5 (Prop_lut5_I4_O)        0.105     2.923 r  core/configuration/arm_due_INST_0_i_43/O
                         net (fo=1, routed)           0.662     3.586    core/configuration/arm_due_INST_0_i_43_n_0
    SLICE_X61Y74         LUT4 (Prop_lut4_I3_O)        0.105     3.691 f  core/configuration/arm_due_INST_0_i_12/O
                         net (fo=1, routed)           0.546     4.237    core/configuration/compatible6
    SLICE_X60Y74         LUT6 (Prop_lut6_I0_O)        0.105     4.342 f  core/configuration/arm_due_INST_0_i_2/O
                         net (fo=2, routed)           0.663     5.004    core/configuration/arm_due_INST_0_i_2_n_0
    SLICE_X60Y73         LUT5 (Prop_lut5_I1_O)        0.105     5.109 f  core/configuration/arm_due_INST_0/O
                         net (fo=77, routed)          1.064     6.174    core/gate/cold_init
    SLICE_X51Y58         LUT5 (Prop_lut5_I3_O)        0.105     6.279 f  core/gate/last_sequence[63]_i_3/O
                         net (fo=4, routed)           0.387     6.666    core/gate/last_sequence[63]_i_3_n_0
    SLICE_X51Y58         LUT6 (Prop_lut6_I0_O)        0.105     6.771 f  core/gate/permit_at_edge_INST_0_i_49/O
                         net (fo=4, routed)           0.409     7.180    core/gate/permit_at_edge_INST_0_i_49_n_0
    SLICE_X51Y58         LUT6 (Prop_lut6_I5_O)        0.105     7.285 f  core/gate/permit_at_edge_INST_0_i_20/O
                         net (fo=6, routed)           0.471     7.755    core/gate/permit_at_edge_INST_0_i_20_n_0
    SLICE_X47Y62         LUT5 (Prop_lut5_I2_O)        0.105     7.860 r  core/gate/permit_at_edge_INST_0_i_4/O
                         net (fo=6, routed)           0.486     8.346    core/gate/permit_at_edge_INST_0_i_4_n_0
    SLICE_X43Y63         LUT4 (Prop_lut4_I1_O)        0.105     8.451 r  core/gate/active_expires[63]_i_1/O
                         net (fo=64, routed)          0.580     9.032    core/gate/active_expires[0]
    SLICE_X43Y65         FDRE                                         r  core/gate/active_expires_reg[26]/CE
  -------------------------------------------------------------------    -------------------

                         (clock mem_clk rise edge)    4.000     4.000 r  
                                                      0.000     4.000 r  mem_clk (IN)
                         net (fo=2865, unset)         1.229     5.229    core/gate/clk
    SLICE_X43Y65         FDRE                                         r  core/gate/active_expires_reg[26]/C
                         clock pessimism              0.012     5.241    
                         clock uncertainty           -0.543     4.698    
    SLICE_X43Y65         FDRE (Setup_fdre_C_CE)      -0.168     4.530    core/gate/active_expires_reg[26]
  -------------------------------------------------------------------
                         required time                          4.530    
                         arrival time                          -9.032    
  -------------------------------------------------------------------
                         slack                                 -4.502    

Slack (VIOLATED) :        -4.502ns  (required time - arrival time)
  Source:                 core/configuration/fields_reg[5][22]/C
                            (rising edge-triggered cell FDRE clocked by mem_clk  {rise@0.000ns fall@2.000ns period=4.000ns})
  Destination:            core/gate/active_expires_reg[27]/CE
                            (rising edge-triggered cell FDRE clocked by mem_clk  {rise@0.000ns fall@2.000ns period=4.000ns})
  Path Group:             mem_clk
  Path Type:              Setup (Max at Slow Process Corner)
  Requirement:            4.000ns  (mem_clk rise@4.000ns - mem_clk rise@0.000ns)
  Data Path Delay:        7.607ns  (logic 1.575ns (20.705%)  route 6.032ns (79.295%))
  Logic Levels:           10  (LUT4=3 LUT5=4 LUT6=3)
  Clock Path Skew:        -0.184ns (DCD - SCD + CPR)
    Destination Clock Delay (DCD):    1.229ns = ( 5.229 - 4.000 ) 
    Source Clock Delay      (SCD):    1.425ns
    Clock Pessimism Removal (CPR):    0.012ns
  Clock Uncertainty:      0.543ns  ((TSJ^2 + TIJ^2)^1/2 + DJ) / 2 + PE + UU
    Total System Jitter     (TSJ):    0.071ns
    Total Input Jitter      (TIJ):    0.050ns
    Discrete Jitter          (DJ):    0.000ns
    Phase Error              (PE):    0.000ns
    User Uncertainty         (UU):    0.500ns

    Location             Delay type                Incr(ns)  Path(ns)    Netlist Resource(s)
  -------------------------------------------------------------------    -------------------
                         (clock mem_clk rise edge)    0.000     0.000 r  
                                                      0.000     0.000 r  mem_clk (IN)
                         net (fo=2865, unset)         1.425     1.425    core/configuration/clk
    SLICE_X62Y76         FDRE                                         r  core/configuration/fields_reg[5][22]/C
  -------------------------------------------------------------------    -------------------
    SLICE_X62Y76         FDRE (Prop_fdre_C_Q)         0.398     1.823 r  core/configuration/fields_reg[5][22]/Q
                         net (fo=1, routed)           0.513     2.336    core/configuration/fields_reg_n_0_[5][22]
    SLICE_X63Y76         LUT4 (Prop_lut4_I2_O)        0.232     2.568 r  core/configuration/arm_due_INST_0_i_86/O
                         net (fo=2, routed)           0.250     2.818    core/configuration/arm_due_INST_0_i_86_n_0
    SLICE_X62Y75         LUT5 (Prop_lut5_I4_O)        0.105     2.923 r  core/configuration/arm_due_INST_0_i_43/O
                         net (fo=1, routed)           0.662     3.586    core/configuration/arm_due_INST_0_i_43_n_0
    SLICE_X61Y74         LUT4 (Prop_lut4_I3_O)        0.105     3.691 f  core/configuration/arm_due_INST_0_i_12/O
                         net (fo=1, routed)           0.546     4.237    core/configuration/compatible6
    SLICE_X60Y74         LUT6 (Prop_lut6_I0_O)        0.105     4.342 f  core/configuration/arm_due_INST_0_i_2/O
                         net (fo=2, routed)           0.663     5.004    core/configuration/arm_due_INST_0_i_2_n_0
    SLICE_X60Y73         LUT5 (Prop_lut5_I1_O)        0.105     5.109 f  core/configuration/arm_due_INST_0/O
                         net (fo=77, routed)          1.064     6.174    core/gate/cold_init
    SLICE_X51Y58         LUT5 (Prop_lut5_I3_O)        0.105     6.279 f  core/gate/last_sequence[63]_i_3/O
                         net (fo=4, routed)           0.387     6.666    core/gate/last_sequence[63]_i_3_n_0
    SLICE_X51Y58         LUT6 (Prop_lut6_I0_O)        0.105     6.771 f  core/gate/permit_at_edge_INST_0_i_49/O
                         net (fo=4, routed)           0.409     7.180    core/gate/permit_at_edge_INST_0_i_49_n_0
    SLICE_X51Y58         LUT6 (Prop_lut6_I5_O)        0.105     7.285 f  core/gate/permit_at_edge_INST_0_i_20/O
                         net (fo=6, routed)           0.471     7.755    core/gate/permit_at_edge_INST_0_i_20_n_0
    SLICE_X47Y62         LUT5 (Prop_lut5_I2_O)        0.105     7.860 r  core/gate/permit_at_edge_INST_0_i_4/O
                         net (fo=6, routed)           0.486     8.346    core/gate/permit_at_edge_INST_0_i_4_n_0
    SLICE_X43Y63         LUT4 (Prop_lut4_I1_O)        0.105     8.451 r  core/gate/active_expires[63]_i_1/O
                         net (fo=64, routed)          0.580     9.032    core/gate/active_expires[0]
    SLICE_X43Y65         FDRE                                         r  core/gate/active_expires_reg[27]/CE
  -------------------------------------------------------------------    -------------------

                         (clock mem_clk rise edge)    4.000     4.000 r  
                                                      0.000     4.000 r  mem_clk (IN)
                         net (fo=2865, unset)         1.229     5.229    core/gate/clk
    SLICE_X43Y65         FDRE                                         r  core/gate/active_expires_reg[27]/C
                         clock pessimism              0.012     5.241    
                         clock uncertainty           -0.543     4.698    
    SLICE_X43Y65         FDRE (Setup_fdre_C_CE)      -0.168     4.530    core/gate/active_expires_reg[27]
  -------------------------------------------------------------------
                         required time                          4.530    
                         arrival time                          -9.032    
  -------------------------------------------------------------------
                         slack                                 -4.502    

Slack (VIOLATED) :        -4.502ns  (required time - arrival time)
  Source:                 core/configuration/fields_reg[5][22]/C
                            (rising edge-triggered cell FDRE clocked by mem_clk  {rise@0.000ns fall@2.000ns period=4.000ns})
  Destination:            core/gate/active_expires_reg[45]/CE
                            (rising edge-triggered cell FDRE clocked by mem_clk  {rise@0.000ns fall@2.000ns period=4.000ns})
  Path Group:             mem_clk
  Path Type:              Setup (Max at Slow Process Corner)
  Requirement:            4.000ns  (mem_clk rise@4.000ns - mem_clk rise@0.000ns)
  Data Path Delay:        7.607ns  (logic 1.575ns (20.705%)  route 6.032ns (79.295%))
  Logic Levels:           10  (LUT4=3 LUT5=4 LUT6=3)
  Clock Path Skew:        -0.184ns (DCD - SCD + CPR)
    Destination Clock Delay (DCD):    1.229ns = ( 5.229 - 4.000 ) 
    Source Clock Delay      (SCD):    1.425ns
    Clock Pessimism Removal (CPR):    0.012ns
  Clock Uncertainty:      0.543ns  ((TSJ^2 + TIJ^2)^1/2 + DJ) / 2 + PE + UU
    Total System Jitter     (TSJ):    0.071ns
    Total Input Jitter      (TIJ):    0.050ns
    Discrete Jitter          (DJ):    0.000ns
    Phase Error              (PE):    0.000ns
    User Uncertainty         (UU):    0.500ns

    Location             Delay type                Incr(ns)  Path(ns)    Netlist Resource(s)
  -------------------------------------------------------------------    -------------------
                         (clock mem_clk rise edge)    0.000     0.000 r  
                                                      0.000     0.000 r  mem_clk (IN)
                         net (fo=2865, unset)         1.425     1.425    core/configuration/clk
    SLICE_X62Y76         FDRE                                         r  core/configuration/fields_reg[5][22]/C
  -------------------------------------------------------------------    -------------------
    SLICE_X62Y76         FDRE (Prop_fdre_C_Q)         0.398     1.823 r  core/configuration/fields_reg[5][22]/Q
                         net (fo=1, routed)           0.513     2.336    core/configuration/fields_reg_n_0_[5][22]
    SLICE_X63Y76         LUT4 (Prop_lut4_I2_O)        0.232     2.568 r  core/configuration/arm_due_INST_0_i_86/O
                         net (fo=2, routed)           0.250     2.818    core/configuration/arm_due_INST_0_i_86_n_0
    SLICE_X62Y75         LUT5 (Prop_lut5_I4_O)        0.105     2.923 r  core/configuration/arm_due_INST_0_i_43/O
                         net (fo=1, routed)           0.662     3.586    core/configuration/arm_due_INST_0_i_43_n_0
    SLICE_X61Y74         LUT4 (Prop_lut4_I3_O)        0.105     3.691 f  core/configuration/arm_due_INST_0_i_12/O
                         net (fo=1, routed)           0.546     4.237    core/configuration/compatible6
    SLICE_X60Y74         LUT6 (Prop_lut6_I0_O)        0.105     4.342 f  core/configuration/arm_due_INST_0_i_2/O
                         net (fo=2, routed)           0.663     5.004    core/configuration/arm_due_INST_0_i_2_n_0
    SLICE_X60Y73         LUT5 (Prop_lut5_I1_O)        0.105     5.109 f  core/configuration/arm_due_INST_0/O
                         net (fo=77, routed)          1.064     6.174    core/gate/cold_init
    SLICE_X51Y58         LUT5 (Prop_lut5_I3_O)        0.105     6.279 f  core/gate/last_sequence[63]_i_3/O
                         net (fo=4, routed)           0.387     6.666    core/gate/last_sequence[63]_i_3_n_0
    SLICE_X51Y58         LUT6 (Prop_lut6_I0_O)        0.105     6.771 f  core/gate/permit_at_edge_INST_0_i_49/O
                         net (fo=4, routed)           0.409     7.180    core/gate/permit_at_edge_INST_0_i_49_n_0
    SLICE_X51Y58         LUT6 (Prop_lut6_I5_O)        0.105     7.285 f  core/gate/permit_at_edge_INST_0_i_20/O
                         net (fo=6, routed)           0.471     7.755    core/gate/permit_at_edge_INST_0_i_20_n_0
    SLICE_X47Y62         LUT5 (Prop_lut5_I2_O)        0.105     7.860 r  core/gate/permit_at_edge_INST_0_i_4/O
                         net (fo=6, routed)           0.486     8.346    core/gate/permit_at_edge_INST_0_i_4_n_0
    SLICE_X43Y63         LUT4 (Prop_lut4_I1_O)        0.105     8.451 r  core/gate/active_expires[63]_i_1/O
                         net (fo=64, routed)          0.580     9.032    core/gate/active_expires[0]
    SLICE_X43Y65         FDRE                                         r  core/gate/active_expires_reg[45]/CE
  -------------------------------------------------------------------    -------------------

                         (clock mem_clk rise edge)    4.000     4.000 r  
                                                      0.000     4.000 r  mem_clk (IN)
                         net (fo=2865, unset)         1.229     5.229    core/gate/clk
    SLICE_X43Y65         FDRE                                         r  core/gate/active_expires_reg[45]/C
                         clock pessimism              0.012     5.241    
                         clock uncertainty           -0.543     4.698    
    SLICE_X43Y65         FDRE (Setup_fdre_C_CE)      -0.168     4.530    core/gate/active_expires_reg[45]
  -------------------------------------------------------------------
                         required time                          4.530    
                         arrival time                          -9.032    
  -------------------------------------------------------------------
                         slack                                 -4.502    

Slack (VIOLATED) :        -4.502ns  (required time - arrival time)
  Source:                 core/configuration/fields_reg[5][22]/C
                            (rising edge-triggered cell FDRE clocked by mem_clk  {rise@0.000ns fall@2.000ns period=4.000ns})
  Destination:            core/gate/active_expires_reg[4]/CE
                            (rising edge-triggered cell FDRE clocked by mem_clk  {rise@0.000ns fall@2.000ns period=4.000ns})
  Path Group:             mem_clk
  Path Type:              Setup (Max at Slow Process Corner)
  Requirement:            4.000ns  (mem_clk rise@4.000ns - mem_clk rise@0.000ns)
  Data Path Delay:        7.607ns  (logic 1.575ns (20.705%)  route 6.032ns (79.295%))
  Logic Levels:           10  (LUT4=3 LUT5=4 LUT6=3)
  Clock Path Skew:        -0.184ns (DCD - SCD + CPR)
    Destination Clock Delay (DCD):    1.229ns = ( 5.229 - 4.000 ) 
    Source Clock Delay      (SCD):    1.425ns
    Clock Pessimism Removal (CPR):    0.012ns
  Clock Uncertainty:      0.543ns  ((TSJ^2 + TIJ^2)^1/2 + DJ) / 2 + PE + UU
    Total System Jitter     (TSJ):    0.071ns
    Total Input Jitter      (TIJ):    0.050ns
    Discrete Jitter          (DJ):    0.000ns
    Phase Error              (PE):    0.000ns
    User Uncertainty         (UU):    0.500ns

    Location             Delay type                Incr(ns)  Path(ns)    Netlist Resource(s)
  -------------------------------------------------------------------    -------------------
                         (clock mem_clk rise edge)    0.000     0.000 r  
                                                      0.000     0.000 r  mem_clk (IN)
                         net (fo=2865, unset)         1.425     1.425    core/configuration/clk
    SLICE_X62Y76         FDRE                                         r  core/configuration/fields_reg[5][22]/C
  -------------------------------------------------------------------    -------------------
    SLICE_X62Y76         FDRE (Prop_fdre_C_Q)         0.398     1.823 r  core/configuration/fields_reg[5][22]/Q
                         net (fo=1, routed)           0.513     2.336    core/configuration/fields_reg_n_0_[5][22]
    SLICE_X63Y76         LUT4 (Prop_lut4_I2_O)        0.232     2.568 r  core/configuration/arm_due_INST_0_i_86/O
                         net (fo=2, routed)           0.250     2.818    core/configuration/arm_due_INST_0_i_86_n_0
    SLICE_X62Y75         LUT5 (Prop_lut5_I4_O)        0.105     2.923 r  core/configuration/arm_due_INST_0_i_43/O
                         net (fo=1, routed)           0.662     3.586    core/configuration/arm_due_INST_0_i_43_n_0
    SLICE_X61Y74         LUT4 (Prop_lut4_I3_O)        0.105     3.691 f  core/configuration/arm_due_INST_0_i_12/O
                         net (fo=1, routed)           0.546     4.237    core/configuration/compatible6
    SLICE_X60Y74         LUT6 (Prop_lut6_I0_O)        0.105     4.342 f  core/configuration/arm_due_INST_0_i_2/O
                         net (fo=2, routed)           0.663     5.004    core/configuration/arm_due_INST_0_i_2_n_0
    SLICE_X60Y73         LUT5 (Prop_lut5_I1_O)        0.105     5.109 f  core/configuration/arm_due_INST_0/O
                         net (fo=77, routed)          1.064     6.174    core/gate/cold_init
    SLICE_X51Y58         LUT5 (Prop_lut5_I3_O)        0.105     6.279 f  core/gate/last_sequence[63]_i_3/O
                         net (fo=4, routed)           0.387     6.666    core/gate/last_sequence[63]_i_3_n_0
    SLICE_X51Y58         LUT6 (Prop_lut6_I0_O)        0.105     6.771 f  core/gate/permit_at_edge_INST_0_i_49/O
                         net (fo=4, routed)           0.409     7.180    core/gate/permit_at_edge_INST_0_i_49_n_0
    SLICE_X51Y58         LUT6 (Prop_lut6_I5_O)        0.105     7.285 f  core/gate/permit_at_edge_INST_0_i_20/O
                         net (fo=6, routed)           0.471     7.755    core/gate/permit_at_edge_INST_0_i_20_n_0
    SLICE_X47Y62         LUT5 (Prop_lut5_I2_O)        0.105     7.860 r  core/gate/permit_at_edge_INST_0_i_4/O
                         net (fo=6, routed)           0.486     8.346    core/gate/permit_at_edge_INST_0_i_4_n_0
    SLICE_X43Y63         LUT4 (Prop_lut4_I1_O)        0.105     8.451 r  core/gate/active_expires[63]_i_1/O
                         net (fo=64, routed)          0.580     9.032    core/gate/active_expires[0]
    SLICE_X43Y65         FDRE                                         r  core/gate/active_expires_reg[4]/CE
  -------------------------------------------------------------------    -------------------

                         (clock mem_clk rise edge)    4.000     4.000 r  
                                                      0.000     4.000 r  mem_clk (IN)
                         net (fo=2865, unset)         1.229     5.229    core/gate/clk
    SLICE_X43Y65         FDRE                                         r  core/gate/active_expires_reg[4]/C
                         clock pessimism              0.012     5.241    
                         clock uncertainty           -0.543     4.698    
    SLICE_X43Y65         FDRE (Setup_fdre_C_CE)      -0.168     4.530    core/gate/active_expires_reg[4]
  -------------------------------------------------------------------
                         required time                          4.530    
                         arrival time                          -9.032    
  -------------------------------------------------------------------
                         slack                                 -4.502    

Slack (VIOLATED) :        -4.502ns  (required time - arrival time)
  Source:                 core/configuration/fields_reg[5][22]/C
                            (rising edge-triggered cell FDRE clocked by mem_clk  {rise@0.000ns fall@2.000ns period=4.000ns})
  Destination:            core/gate/active_expires_reg[60]/CE
                            (rising edge-triggered cell FDRE clocked by mem_clk  {rise@0.000ns fall@2.000ns period=4.000ns})
  Path Group:             mem_clk
  Path Type:              Setup (Max at Slow Process Corner)
  Requirement:            4.000ns  (mem_clk rise@4.000ns - mem_clk rise@0.000ns)
  Data Path Delay:        7.607ns  (logic 1.575ns (20.705%)  route 6.032ns (79.295%))
  Logic Levels:           10  (LUT4=3 LUT5=4 LUT6=3)
  Clock Path Skew:        -0.184ns (DCD - SCD + CPR)
    Destination Clock Delay (DCD):    1.229ns = ( 5.229 - 4.000 ) 
    Source Clock Delay      (SCD):    1.425ns
    Clock Pessimism Removal (CPR):    0.012ns
  Clock Uncertainty:      0.543ns  ((TSJ^2 + TIJ^2)^1/2 + DJ) / 2 + PE + UU
    Total System Jitter     (TSJ):    0.071ns
    Total Input Jitter      (TIJ):    0.050ns
    Discrete Jitter          (DJ):    0.000ns
    Phase Error              (PE):    0.000ns
    User Uncertainty         (UU):    0.500ns

    Location             Delay type                Incr(ns)  Path(ns)    Netlist Resource(s)
  -------------------------------------------------------------------    -------------------
                         (clock mem_clk rise edge)    0.000     0.000 r  
                                                      0.000     0.000 r  mem_clk (IN)
                         net (fo=2865, unset)         1.425     1.425    core/configuration/clk
    SLICE_X62Y76         FDRE                                         r  core/configuration/fields_reg[5][22]/C
  -------------------------------------------------------------------    -------------------
    SLICE_X62Y76         FDRE (Prop_fdre_C_Q)         0.398     1.823 r  core/configuration/fields_reg[5][22]/Q
                         net (fo=1, routed)           0.513     2.336    core/configuration/fields_reg_n_0_[5][22]
    SLICE_X63Y76         LUT4 (Prop_lut4_I2_O)        0.232     2.568 r  core/configuration/arm_due_INST_0_i_86/O
                         net (fo=2, routed)           0.250     2.818    core/configuration/arm_due_INST_0_i_86_n_0
    SLICE_X62Y75         LUT5 (Prop_lut5_I4_O)        0.105     2.923 r  core/configuration/arm_due_INST_0_i_43/O
                         net (fo=1, routed)           0.662     3.586    core/configuration/arm_due_INST_0_i_43_n_0
    SLICE_X61Y74         LUT4 (Prop_lut4_I3_O)        0.105     3.691 f  core/configuration/arm_due_INST_0_i_12/O
                         net (fo=1, routed)           0.546     4.237    core/configuration/compatible6
    SLICE_X60Y74         LUT6 (Prop_lut6_I0_O)        0.105     4.342 f  core/configuration/arm_due_INST_0_i_2/O
                         net (fo=2, routed)           0.663     5.004    core/configuration/arm_due_INST_0_i_2_n_0
    SLICE_X60Y73         LUT5 (Prop_lut5_I1_O)        0.105     5.109 f  core/configuration/arm_due_INST_0/O
                         net (fo=77, routed)          1.064     6.174    core/gate/cold_init
    SLICE_X51Y58         LUT5 (Prop_lut5_I3_O)        0.105     6.279 f  core/gate/last_sequence[63]_i_3/O
                         net (fo=4, routed)           0.387     6.666    core/gate/last_sequence[63]_i_3_n_0
    SLICE_X51Y58         LUT6 (Prop_lut6_I0_O)        0.105     6.771 f  core/gate/permit_at_edge_INST_0_i_49/O
                         net (fo=4, routed)           0.409     7.180    core/gate/permit_at_edge_INST_0_i_49_n_0
    SLICE_X51Y58         LUT6 (Prop_lut6_I5_O)        0.105     7.285 f  core/gate/permit_at_edge_INST_0_i_20/O
                         net (fo=6, routed)           0.471     7.755    core/gate/permit_at_edge_INST_0_i_20_n_0
    SLICE_X47Y62         LUT5 (Prop_lut5_I2_O)        0.105     7.860 r  core/gate/permit_at_edge_INST_0_i_4/O
                         net (fo=6, routed)           0.486     8.346    core/gate/permit_at_edge_INST_0_i_4_n_0
    SLICE_X43Y63         LUT4 (Prop_lut4_I1_O)        0.105     8.451 r  core/gate/active_expires[63]_i_1/O
                         net (fo=64, routed)          0.580     9.032    core/gate/active_expires[0]
    SLICE_X43Y65         FDRE                                         r  core/gate/active_expires_reg[60]/CE
  -------------------------------------------------------------------    -------------------

                         (clock mem_clk rise edge)    4.000     4.000 r  
                                                      0.000     4.000 r  mem_clk (IN)
                         net (fo=2865, unset)         1.229     5.229    core/gate/clk
    SLICE_X43Y65         FDRE                                         r  core/gate/active_expires_reg[60]/C
                         clock pessimism              0.012     5.241    
                         clock uncertainty           -0.543     4.698    
    SLICE_X43Y65         FDRE (Setup_fdre_C_CE)      -0.168     4.530    core/gate/active_expires_reg[60]
  -------------------------------------------------------------------
                         required time                          4.530    
                         arrival time                          -9.032    
  -------------------------------------------------------------------
                         slack                                 -4.502    




