Copyright 1986-2022 Xilinx, Inc. All Rights Reserved. Copyright 2022-2025 Advanced Micro Devices, Inc. All Rights Reserved.
-------------------------------------------------------------------------------------------------------------------------------------------------------
| Tool Version : Vivado v.2025.2 (lin64) Build 6299465 Fri Nov 14 12:34:56 MST 2025
| Date         : Thu Oct  8 20:56:03 2026
| Host         : kompik running 64-bit Ubuntu 26.04 LTS
| Command      : report_timing -from [get_clocks mem_clk] -to [get_clocks mem_clk] -max_paths 10 -path_type full_clock_expanded -file memory_paths.rpt
| Design       : executor
| Device       : 7z020-clg484
| Speed File   : -1  PRODUCTION 1.12 2019-11-22
| Design State : Routed
-------------------------------------------------------------------------------------------------------------------------------------------------------

Timing Report

Slack (VIOLATED) :        -5.706ns  (required time - arrival time)
  Source:                 core/now_reg[13]/C
                            (rising edge-triggered cell FDRE clocked by mem_clk  {rise@0.000ns fall@2.000ns period=4.000ns})
  Destination:            core/calendar/decisions_reg[3]/D
                            (rising edge-triggered cell FDSE clocked by mem_clk  {rise@0.000ns fall@2.000ns period=4.000ns})
  Path Group:             mem_clk
  Path Type:              Setup (Max at Slow Process Corner)
  Requirement:            4.000ns  (mem_clk rise@4.000ns - mem_clk rise@0.000ns)
  Data Path Delay:        9.137ns  (logic 3.105ns (33.981%)  route 6.032ns (66.019%))
  Logic Levels:           16  (CARRY4=7 LUT4=1 LUT5=2 LUT6=6)
  Clock Path Skew:        -0.054ns (DCD - SCD + CPR)
    Destination Clock Delay (DCD):    1.555ns = ( 5.555 - 4.000 ) 
    Source Clock Delay      (SCD):    1.724ns
    Clock Pessimism Removal (CPR):    0.115ns
  Clock Uncertainty:      0.543ns  ((TSJ^2 + TIJ^2)^1/2 + DJ) / 2 + PE + UU
    Total System Jitter     (TSJ):    0.071ns
    Total Input Jitter      (TIJ):    0.050ns
    Discrete Jitter          (DJ):    0.000ns
    Phase Error              (PE):    0.000ns
    User Uncertainty         (UU):    0.500ns

    Location             Delay type                Incr(ns)  Path(ns)    Netlist Resource(s)
  -------------------------------------------------------------------    -------------------
                         (clock mem_clk rise edge)    0.000     0.000 r  
                                                      0.000     0.000 r  mem_clk (IN)
                         net (fo=2487, unset)         1.724     1.724    core/clk
    SLICE_X65Y16         FDRE                                         r  core/now_reg[13]/C
  -------------------------------------------------------------------    -------------------
    SLICE_X65Y16         FDRE (Prop_fdre_C_Q)         0.456     2.180 r  core/now_reg[13]/Q
                         net (fo=32, routed)          1.148     3.328    core/now[13]
    SLICE_X62Y18         LUT4 (Prop_lut4_I0_O)        0.124     3.452 r  core/error_reply[0]_i_592/O
                         net (fo=1, routed)           0.000     3.452    core/error_reply[0]_i_592_n_0
    SLICE_X62Y18         CARRY4 (Prop_carry4_S[1]_CO[3])
                                                      0.533     3.985 r  core/error_reply_reg[0]_i_474/CO[3]
                         net (fo=1, routed)           0.000     3.985    core/error_reply_reg[0]_i_474_n_0
    SLICE_X62Y19         CARRY4 (Prop_carry4_CI_CO[3])
                                                      0.117     4.102 r  core/error_reply_reg[0]_i_310/CO[3]
                         net (fo=1, routed)           0.000     4.102    core/error_reply_reg[0]_i_310_n_0
    SLICE_X62Y20         CARRY4 (Prop_carry4_CI_CO[3])
                                                      0.117     4.219 r  core/error_reply_reg[0]_i_149/CO[3]
                         net (fo=1, routed)           0.000     4.219    core/error_reply_reg[0]_i_149_n_0
    SLICE_X62Y21         CARRY4 (Prop_carry4_CI_CO[3])
                                                      0.117     4.336 r  core/error_reply_reg[0]_i_62/CO[3]
                         net (fo=1, routed)           0.000     4.336    core/error_reply_reg[0]_i_62_n_0
    SLICE_X62Y22         CARRY4 (Prop_carry4_CI_CO[3])
                                                      0.117     4.453 r  core/error_reply_reg[0]_i_28/CO[3]
                         net (fo=1, routed)           0.000     4.453    core/error_reply_reg[0]_i_28_n_0
    SLICE_X62Y23         CARRY4 (Prop_carry4_CI_CO[3])
                                                      0.117     4.570 r  core/error_reply_reg[0]_i_8/CO[3]
                         net (fo=1, routed)           0.000     4.570    core/error_reply_reg[0]_i_8_n_0
    SLICE_X62Y24         CARRY4 (Prop_carry4_CI_CO[2])
                                                      0.229     4.799 r  core/error_reply_reg[0]_i_4/CO[2]
                         net (fo=1, routed)           0.583     5.383    core/error_reply_reg[0]_i_4_n_1
    SLICE_X65Y24         LUT6 (Prop_lut6_I1_O)        0.310     5.693 r  core/error_reply[0]_i_2/O
                         net (fo=7, routed)           0.906     6.598    core/p_28_out[0]
    SLICE_X70Y28         LUT6 (Prop_lut6_I1_O)        0.124     6.722 r  core/gate_i_1/O
                         net (fo=2, routed)           0.170     6.893    core/gate/loss
    SLICE_X70Y28         LUT5 (Prop_lut5_I1_O)        0.124     7.017 r  core/gate/last_sequence[63]_i_3/O
                         net (fo=4, routed)           0.483     7.499    core/gate/last_sequence[63]_i_3_n_0
    SLICE_X70Y30         LUT6 (Prop_lut6_I0_O)        0.124     7.623 r  core/gate/permit_at_edge_INST_0_i_49/O
                         net (fo=4, routed)           0.536     8.159    core/gate/permit_at_edge_INST_0_i_49_n_0
    SLICE_X70Y30         LUT6 (Prop_lut6_I5_O)        0.124     8.283 r  core/gate/permit_at_edge_INST_0_i_20/O
                         net (fo=6, routed)           0.507     8.790    core/gate/permit_at_edge_INST_0_i_20_n_0
    SLICE_X70Y32         LUT5 (Prop_lut5_I2_O)        0.124     8.914 f  core/gate/permit_at_edge_INST_0_i_4/O
                         net (fo=6, routed)           1.041     9.955    core/calendar/permit_at_edge_INST_0_i_4_n_0_alias
    SLICE_X75Y34         LUT6 (Prop_lut6_I2_O)        0.124    10.079 r  core/calendar/decisions[3]_i_2_comp/O
                         net (fo=4, routed)           0.659    10.737    core/calendar/decide_execute
    SLICE_X76Y34         LUT6 (Prop_lut6_I0_O)        0.124    10.861 r  core/calendar/decisions[3]_i_1/O
                         net (fo=1, routed)           0.000    10.861    core/calendar/decisions[3]_i_1_n_0
    SLICE_X76Y34         FDSE                                         r  core/calendar/decisions_reg[3]/D
  -------------------------------------------------------------------    -------------------

                         (clock mem_clk rise edge)    4.000     4.000 r  
                                                      0.000     4.000 r  mem_clk (IN)
                         net (fo=2487, unset)         1.555     5.555    core/calendar/clk
    SLICE_X76Y34         FDSE                                         r  core/calendar/decisions_reg[3]/C
                         clock pessimism              0.115     5.670    
                         clock uncertainty           -0.543     5.127    
    SLICE_X76Y34         FDSE (Setup_fdse_C_D)        0.029     5.156    core/calendar/decisions_reg[3]
  -------------------------------------------------------------------
                         required time                          5.156    
                         arrival time                         -10.861    
  -------------------------------------------------------------------
                         slack                                 -5.706    

Slack (VIOLATED) :        -5.647ns  (required time - arrival time)
  Source:                 core/now_reg[13]/C
                            (rising edge-triggered cell FDRE clocked by mem_clk  {rise@0.000ns fall@2.000ns period=4.000ns})
  Destination:            core/calendar/decisions_reg[0]/D
                            (rising edge-triggered cell FDSE clocked by mem_clk  {rise@0.000ns fall@2.000ns period=4.000ns})
  Path Group:             mem_clk
  Path Type:              Setup (Max at Slow Process Corner)
  Requirement:            4.000ns  (mem_clk rise@4.000ns - mem_clk rise@0.000ns)
  Data Path Delay:        9.081ns  (logic 3.105ns (34.191%)  route 5.976ns (65.809%))
  Logic Levels:           16  (CARRY4=7 LUT4=1 LUT5=2 LUT6=6)
  Clock Path Skew:        -0.053ns (DCD - SCD + CPR)
    Destination Clock Delay (DCD):    1.556ns = ( 5.556 - 4.000 ) 
    Source Clock Delay      (SCD):    1.724ns
    Clock Pessimism Removal (CPR):    0.115ns
  Clock Uncertainty:      0.543ns  ((TSJ^2 + TIJ^2)^1/2 + DJ) / 2 + PE + UU
    Total System Jitter     (TSJ):    0.071ns
    Total Input Jitter      (TIJ):    0.050ns
    Discrete Jitter          (DJ):    0.000ns
    Phase Error              (PE):    0.000ns
    User Uncertainty         (UU):    0.500ns

    Location             Delay type                Incr(ns)  Path(ns)    Netlist Resource(s)
  -------------------------------------------------------------------    -------------------
                         (clock mem_clk rise edge)    0.000     0.000 r  
                                                      0.000     0.000 r  mem_clk (IN)
                         net (fo=2487, unset)         1.724     1.724    core/clk
    SLICE_X65Y16         FDRE                                         r  core/now_reg[13]/C
  -------------------------------------------------------------------    -------------------
    SLICE_X65Y16         FDRE (Prop_fdre_C_Q)         0.456     2.180 r  core/now_reg[13]/Q
                         net (fo=32, routed)          1.148     3.328    core/now[13]
    SLICE_X62Y18         LUT4 (Prop_lut4_I0_O)        0.124     3.452 r  core/error_reply[0]_i_592/O
                         net (fo=1, routed)           0.000     3.452    core/error_reply[0]_i_592_n_0
    SLICE_X62Y18         CARRY4 (Prop_carry4_S[1]_CO[3])
                                                      0.533     3.985 r  core/error_reply_reg[0]_i_474/CO[3]
                         net (fo=1, routed)           0.000     3.985    core/error_reply_reg[0]_i_474_n_0
    SLICE_X62Y19         CARRY4 (Prop_carry4_CI_CO[3])
                                                      0.117     4.102 r  core/error_reply_reg[0]_i_310/CO[3]
                         net (fo=1, routed)           0.000     4.102    core/error_reply_reg[0]_i_310_n_0
    SLICE_X62Y20         CARRY4 (Prop_carry4_CI_CO[3])
                                                      0.117     4.219 r  core/error_reply_reg[0]_i_149/CO[3]
                         net (fo=1, routed)           0.000     4.219    core/error_reply_reg[0]_i_149_n_0
    SLICE_X62Y21         CARRY4 (Prop_carry4_CI_CO[3])
                                                      0.117     4.336 r  core/error_reply_reg[0]_i_62/CO[3]
                         net (fo=1, routed)           0.000     4.336    core/error_reply_reg[0]_i_62_n_0
    SLICE_X62Y22         CARRY4 (Prop_carry4_CI_CO[3])
                                                      0.117     4.453 r  core/error_reply_reg[0]_i_28/CO[3]
                         net (fo=1, routed)           0.000     4.453    core/error_reply_reg[0]_i_28_n_0
    SLICE_X62Y23         CARRY4 (Prop_carry4_CI_CO[3])
                                                      0.117     4.570 r  core/error_reply_reg[0]_i_8/CO[3]
                         net (fo=1, routed)           0.000     4.570    core/error_reply_reg[0]_i_8_n_0
    SLICE_X62Y24         CARRY4 (Prop_carry4_CI_CO[2])
                                                      0.229     4.799 r  core/error_reply_reg[0]_i_4/CO[2]
                         net (fo=1, routed)           0.583     5.383    core/error_reply_reg[0]_i_4_n_1
    SLICE_X65Y24         LUT6 (Prop_lut6_I1_O)        0.310     5.693 r  core/error_reply[0]_i_2/O
                         net (fo=7, routed)           0.906     6.598    core/p_28_out[0]
    SLICE_X70Y28         LUT6 (Prop_lut6_I1_O)        0.124     6.722 r  core/gate_i_1/O
                         net (fo=2, routed)           0.170     6.893    core/gate/loss
    SLICE_X70Y28         LUT5 (Prop_lut5_I1_O)        0.124     7.017 r  core/gate/last_sequence[63]_i_3/O
                         net (fo=4, routed)           0.483     7.499    core/gate/last_sequence[63]_i_3_n_0
    SLICE_X70Y30         LUT6 (Prop_lut6_I0_O)        0.124     7.623 r  core/gate/permit_at_edge_INST_0_i_49/O
                         net (fo=4, routed)           0.536     8.159    core/gate/permit_at_edge_INST_0_i_49_n_0
    SLICE_X70Y30         LUT6 (Prop_lut6_I5_O)        0.124     8.283 r  core/gate/permit_at_edge_INST_0_i_20/O
                         net (fo=6, routed)           0.507     8.790    core/gate/permit_at_edge_INST_0_i_20_n_0
    SLICE_X70Y32         LUT5 (Prop_lut5_I2_O)        0.124     8.914 f  core/gate/permit_at_edge_INST_0_i_4/O
                         net (fo=6, routed)           1.041     9.955    core/calendar/permit_at_edge_INST_0_i_4_n_0_alias
    SLICE_X75Y34         LUT6 (Prop_lut6_I2_O)        0.124    10.079 r  core/calendar/decisions[3]_i_2_comp/O
                         net (fo=4, routed)           0.603    10.681    core/calendar/decide_execute
    SLICE_X76Y35         LUT6 (Prop_lut6_I0_O)        0.124    10.805 r  core/calendar/decisions[0]_i_1/O
                         net (fo=1, routed)           0.000    10.805    core/calendar/decisions[0]_i_1_n_0
    SLICE_X76Y35         FDSE                                         r  core/calendar/decisions_reg[0]/D
  -------------------------------------------------------------------    -------------------

                         (clock mem_clk rise edge)    4.000     4.000 r  
                                                      0.000     4.000 r  mem_clk (IN)
                         net (fo=2487, unset)         1.556     5.556    core/calendar/clk
    SLICE_X76Y35         FDSE                                         r  core/calendar/decisions_reg[0]/C
                         clock pessimism              0.115     5.671    
                         clock uncertainty           -0.543     5.128    
    SLICE_X76Y35         FDSE (Setup_fdse_C_D)        0.031     5.159    core/calendar/decisions_reg[0]
  -------------------------------------------------------------------
                         required time                          5.159    
                         arrival time                         -10.805    
  -------------------------------------------------------------------
                         slack                                 -5.647    

Slack (VIOLATED) :        -5.632ns  (required time - arrival time)
  Source:                 core/now_reg[13]/C
                            (rising edge-triggered cell FDRE clocked by mem_clk  {rise@0.000ns fall@2.000ns period=4.000ns})
  Destination:            core/calendar/decisions_reg[1]/D
                            (rising edge-triggered cell FDSE clocked by mem_clk  {rise@0.000ns fall@2.000ns period=4.000ns})
  Path Group:             mem_clk
  Path Type:              Setup (Max at Slow Process Corner)
  Requirement:            4.000ns  (mem_clk rise@4.000ns - mem_clk rise@0.000ns)
  Data Path Delay:        9.066ns  (logic 3.105ns (34.247%)  route 5.961ns (65.753%))
  Logic Levels:           16  (CARRY4=7 LUT4=1 LUT5=2 LUT6=6)
  Clock Path Skew:        -0.053ns (DCD - SCD + CPR)
    Destination Clock Delay (DCD):    1.556ns = ( 5.556 - 4.000 ) 
    Source Clock Delay      (SCD):    1.724ns
    Clock Pessimism Removal (CPR):    0.115ns
  Clock Uncertainty:      0.543ns  ((TSJ^2 + TIJ^2)^1/2 + DJ) / 2 + PE + UU
    Total System Jitter     (TSJ):    0.071ns
    Total Input Jitter      (TIJ):    0.050ns
    Discrete Jitter          (DJ):    0.000ns
    Phase Error              (PE):    0.000ns
    User Uncertainty         (UU):    0.500ns

    Location             Delay type                Incr(ns)  Path(ns)    Netlist Resource(s)
  -------------------------------------------------------------------    -------------------
                         (clock mem_clk rise edge)    0.000     0.000 r  
                                                      0.000     0.000 r  mem_clk (IN)
                         net (fo=2487, unset)         1.724     1.724    core/clk
    SLICE_X65Y16         FDRE                                         r  core/now_reg[13]/C
  -------------------------------------------------------------------    -------------------
    SLICE_X65Y16         FDRE (Prop_fdre_C_Q)         0.456     2.180 r  core/now_reg[13]/Q
                         net (fo=32, routed)          1.148     3.328    core/now[13]
    SLICE_X62Y18         LUT4 (Prop_lut4_I0_O)        0.124     3.452 r  core/error_reply[0]_i_592/O
                         net (fo=1, routed)           0.000     3.452    core/error_reply[0]_i_592_n_0
    SLICE_X62Y18         CARRY4 (Prop_carry4_S[1]_CO[3])
                                                      0.533     3.985 r  core/error_reply_reg[0]_i_474/CO[3]
                         net (fo=1, routed)           0.000     3.985    core/error_reply_reg[0]_i_474_n_0
    SLICE_X62Y19         CARRY4 (Prop_carry4_CI_CO[3])
                                                      0.117     4.102 r  core/error_reply_reg[0]_i_310/CO[3]
                         net (fo=1, routed)           0.000     4.102    core/error_reply_reg[0]_i_310_n_0
    SLICE_X62Y20         CARRY4 (Prop_carry4_CI_CO[3])
                                                      0.117     4.219 r  core/error_reply_reg[0]_i_149/CO[3]
                         net (fo=1, routed)           0.000     4.219    core/error_reply_reg[0]_i_149_n_0
    SLICE_X62Y21         CARRY4 (Prop_carry4_CI_CO[3])
                                                      0.117     4.336 r  core/error_reply_reg[0]_i_62/CO[3]
                         net (fo=1, routed)           0.000     4.336    core/error_reply_reg[0]_i_62_n_0
    SLICE_X62Y22         CARRY4 (Prop_carry4_CI_CO[3])
                                                      0.117     4.453 r  core/error_reply_reg[0]_i_28/CO[3]
                         net (fo=1, routed)           0.000     4.453    core/error_reply_reg[0]_i_28_n_0
    SLICE_X62Y23         CARRY4 (Prop_carry4_CI_CO[3])
                                                      0.117     4.570 r  core/error_reply_reg[0]_i_8/CO[3]
                         net (fo=1, routed)           0.000     4.570    core/error_reply_reg[0]_i_8_n_0
    SLICE_X62Y24         CARRY4 (Prop_carry4_CI_CO[2])
                                                      0.229     4.799 r  core/error_reply_reg[0]_i_4/CO[2]
                         net (fo=1, routed)           0.583     5.383    core/error_reply_reg[0]_i_4_n_1
    SLICE_X65Y24         LUT6 (Prop_lut6_I1_O)        0.310     5.693 r  core/error_reply[0]_i_2/O
                         net (fo=7, routed)           0.906     6.598    core/p_28_out[0]
    SLICE_X70Y28         LUT6 (Prop_lut6_I1_O)        0.124     6.722 r  core/gate_i_1/O
                         net (fo=2, routed)           0.170     6.893    core/gate/loss
    SLICE_X70Y28         LUT5 (Prop_lut5_I1_O)        0.124     7.017 r  core/gate/last_sequence[63]_i_3/O
                         net (fo=4, routed)           0.483     7.499    core/gate/last_sequence[63]_i_3_n_0
    SLICE_X70Y30         LUT6 (Prop_lut6_I0_O)        0.124     7.623 r  core/gate/permit_at_edge_INST_0_i_49/O
                         net (fo=4, routed)           0.536     8.159    core/gate/permit_at_edge_INST_0_i_49_n_0
    SLICE_X70Y30         LUT6 (Prop_lut6_I5_O)        0.124     8.283 r  core/gate/permit_at_edge_INST_0_i_20/O
                         net (fo=6, routed)           0.507     8.790    core/gate/permit_at_edge_INST_0_i_20_n_0
    SLICE_X70Y32         LUT5 (Prop_lut5_I2_O)        0.124     8.914 f  core/gate/permit_at_edge_INST_0_i_4/O
                         net (fo=6, routed)           1.041     9.955    core/calendar/permit_at_edge_INST_0_i_4_n_0_alias
    SLICE_X75Y34         LUT6 (Prop_lut6_I2_O)        0.124    10.079 r  core/calendar/decisions[3]_i_2_comp/O
                         net (fo=4, routed)           0.588    10.666    core/calendar/decide_execute
    SLICE_X76Y35         LUT6 (Prop_lut6_I0_O)        0.124    10.790 r  core/calendar/decisions[1]_i_1/O
                         net (fo=1, routed)           0.000    10.790    core/calendar/decisions[1]_i_1_n_0
    SLICE_X76Y35         FDSE                                         r  core/calendar/decisions_reg[1]/D
  -------------------------------------------------------------------    -------------------

                         (clock mem_clk rise edge)    4.000     4.000 r  
                                                      0.000     4.000 r  mem_clk (IN)
                         net (fo=2487, unset)         1.556     5.556    core/calendar/clk
    SLICE_X76Y35         FDSE                                         r  core/calendar/decisions_reg[1]/C
                         clock pessimism              0.115     5.671    
                         clock uncertainty           -0.543     5.128    
    SLICE_X76Y35         FDSE (Setup_fdse_C_D)        0.031     5.159    core/calendar/decisions_reg[1]
  -------------------------------------------------------------------
                         required time                          5.159    
                         arrival time                         -10.790    
  -------------------------------------------------------------------
                         slack                                 -5.632    

Slack (VIOLATED) :        -5.627ns  (required time - arrival time)
  Source:                 core/now_reg[13]/C
                            (rising edge-triggered cell FDRE clocked by mem_clk  {rise@0.000ns fall@2.000ns period=4.000ns})
  Destination:            core/calendar/decisions_reg[2]/D
                            (rising edge-triggered cell FDSE clocked by mem_clk  {rise@0.000ns fall@2.000ns period=4.000ns})
  Path Group:             mem_clk
  Path Type:              Setup (Max at Slow Process Corner)
  Requirement:            4.000ns  (mem_clk rise@4.000ns - mem_clk rise@0.000ns)
  Data Path Delay:        9.062ns  (logic 3.105ns (34.266%)  route 5.957ns (65.734%))
  Logic Levels:           16  (CARRY4=7 LUT4=1 LUT5=2 LUT6=6)
  Clock Path Skew:        -0.054ns (DCD - SCD + CPR)
    Destination Clock Delay (DCD):    1.555ns = ( 5.555 - 4.000 ) 
    Source Clock Delay      (SCD):    1.724ns
    Clock Pessimism Removal (CPR):    0.115ns
  Clock Uncertainty:      0.543ns  ((TSJ^2 + TIJ^2)^1/2 + DJ) / 2 + PE + UU
    Total System Jitter     (TSJ):    0.071ns
    Total Input Jitter      (TIJ):    0.050ns
    Discrete Jitter          (DJ):    0.000ns
    Phase Error              (PE):    0.000ns
    User Uncertainty         (UU):    0.500ns

    Location             Delay type                Incr(ns)  Path(ns)    Netlist Resource(s)
  -------------------------------------------------------------------    -------------------
                         (clock mem_clk rise edge)    0.000     0.000 r  
                                                      0.000     0.000 r  mem_clk (IN)
                         net (fo=2487, unset)         1.724     1.724    core/clk
    SLICE_X65Y16         FDRE                                         r  core/now_reg[13]/C
  -------------------------------------------------------------------    -------------------
    SLICE_X65Y16         FDRE (Prop_fdre_C_Q)         0.456     2.180 r  core/now_reg[13]/Q
                         net (fo=32, routed)          1.148     3.328    core/now[13]
    SLICE_X62Y18         LUT4 (Prop_lut4_I0_O)        0.124     3.452 r  core/error_reply[0]_i_592/O
                         net (fo=1, routed)           0.000     3.452    core/error_reply[0]_i_592_n_0
    SLICE_X62Y18         CARRY4 (Prop_carry4_S[1]_CO[3])
                                                      0.533     3.985 r  core/error_reply_reg[0]_i_474/CO[3]
                         net (fo=1, routed)           0.000     3.985    core/error_reply_reg[0]_i_474_n_0
    SLICE_X62Y19         CARRY4 (Prop_carry4_CI_CO[3])
                                                      0.117     4.102 r  core/error_reply_reg[0]_i_310/CO[3]
                         net (fo=1, routed)           0.000     4.102    core/error_reply_reg[0]_i_310_n_0
    SLICE_X62Y20         CARRY4 (Prop_carry4_CI_CO[3])
                                                      0.117     4.219 r  core/error_reply_reg[0]_i_149/CO[3]
                         net (fo=1, routed)           0.000     4.219    core/error_reply_reg[0]_i_149_n_0
    SLICE_X62Y21         CARRY4 (Prop_carry4_CI_CO[3])
                                                      0.117     4.336 r  core/error_reply_reg[0]_i_62/CO[3]
                         net (fo=1, routed)           0.000     4.336    core/error_reply_reg[0]_i_62_n_0
    SLICE_X62Y22         CARRY4 (Prop_carry4_CI_CO[3])
                                                      0.117     4.453 r  core/error_reply_reg[0]_i_28/CO[3]
                         net (fo=1, routed)           0.000     4.453    core/error_reply_reg[0]_i_28_n_0
    SLICE_X62Y23         CARRY4 (Prop_carry4_CI_CO[3])
                                                      0.117     4.570 r  core/error_reply_reg[0]_i_8/CO[3]
                         net (fo=1, routed)           0.000     4.570    core/error_reply_reg[0]_i_8_n_0
    SLICE_X62Y24         CARRY4 (Prop_carry4_CI_CO[2])
                                                      0.229     4.799 r  core/error_reply_reg[0]_i_4/CO[2]
                         net (fo=1, routed)           0.583     5.383    core/error_reply_reg[0]_i_4_n_1
    SLICE_X65Y24         LUT6 (Prop_lut6_I1_O)        0.310     5.693 r  core/error_reply[0]_i_2/O
                         net (fo=7, routed)           0.906     6.598    core/p_28_out[0]
    SLICE_X70Y28         LUT6 (Prop_lut6_I1_O)        0.124     6.722 r  core/gate_i_1/O
                         net (fo=2, routed)           0.170     6.893    core/gate/loss
    SLICE_X70Y28         LUT5 (Prop_lut5_I1_O)        0.124     7.017 r  core/gate/last_sequence[63]_i_3/O
                         net (fo=4, routed)           0.483     7.499    core/gate/last_sequence[63]_i_3_n_0
    SLICE_X70Y30         LUT6 (Prop_lut6_I0_O)        0.124     7.623 r  core/gate/permit_at_edge_INST_0_i_49/O
                         net (fo=4, routed)           0.536     8.159    core/gate/permit_at_edge_INST_0_i_49_n_0
    SLICE_X70Y30         LUT6 (Prop_lut6_I5_O)        0.124     8.283 r  core/gate/permit_at_edge_INST_0_i_20/O
                         net (fo=6, routed)           0.507     8.790    core/gate/permit_at_edge_INST_0_i_20_n_0
    SLICE_X70Y32         LUT5 (Prop_lut5_I2_O)        0.124     8.914 f  core/gate/permit_at_edge_INST_0_i_4/O
                         net (fo=6, routed)           1.041     9.955    core/calendar/permit_at_edge_INST_0_i_4_n_0_alias
    SLICE_X75Y34         LUT6 (Prop_lut6_I2_O)        0.124    10.079 r  core/calendar/decisions[3]_i_2_comp/O
                         net (fo=4, routed)           0.583    10.662    core/calendar/decide_execute
    SLICE_X76Y34         LUT6 (Prop_lut6_I0_O)        0.124    10.786 r  core/calendar/decisions[2]_i_1/O
                         net (fo=1, routed)           0.000    10.786    core/calendar/decisions[2]_i_1_n_0
    SLICE_X76Y34         FDSE                                         r  core/calendar/decisions_reg[2]/D
  -------------------------------------------------------------------    -------------------

                         (clock mem_clk rise edge)    4.000     4.000 r  
                                                      0.000     4.000 r  mem_clk (IN)
                         net (fo=2487, unset)         1.555     5.555    core/calendar/clk
    SLICE_X76Y34         FDSE                                         r  core/calendar/decisions_reg[2]/C
                         clock pessimism              0.115     5.670    
                         clock uncertainty           -0.543     5.127    
    SLICE_X76Y34         FDSE (Setup_fdse_C_D)        0.032     5.159    core/calendar/decisions_reg[2]
  -------------------------------------------------------------------
                         required time                          5.159    
                         arrival time                         -10.786    
  -------------------------------------------------------------------
                         slack                                 -5.627    

Slack (VIOLATED) :        -5.536ns  (required time - arrival time)
  Source:                 core/now_reg[13]/C
                            (rising edge-triggered cell FDRE clocked by mem_clk  {rise@0.000ns fall@2.000ns period=4.000ns})
  Destination:            core/gate/shadow_not_before_reg[54]/CE
                            (rising edge-triggered cell FDRE clocked by mem_clk  {rise@0.000ns fall@2.000ns period=4.000ns})
  Path Group:             mem_clk
  Path Type:              Setup (Max at Slow Process Corner)
  Requirement:            4.000ns  (mem_clk rise@4.000ns - mem_clk rise@0.000ns)
  Data Path Delay:        8.733ns  (logic 2.981ns (34.133%)  route 5.752ns (65.867%))
  Logic Levels:           15  (CARRY4=7 LUT4=1 LUT5=2 LUT6=5)
  Clock Path Skew:        -0.054ns (DCD - SCD + CPR)
    Destination Clock Delay (DCD):    1.555ns = ( 5.555 - 4.000 ) 
    Source Clock Delay      (SCD):    1.724ns
    Clock Pessimism Removal (CPR):    0.115ns
  Clock Uncertainty:      0.543ns  ((TSJ^2 + TIJ^2)^1/2 + DJ) / 2 + PE + UU
    Total System Jitter     (TSJ):    0.071ns
    Total Input Jitter      (TIJ):    0.050ns
    Discrete Jitter          (DJ):    0.000ns
    Phase Error              (PE):    0.000ns
    User Uncertainty         (UU):    0.500ns

    Location             Delay type                Incr(ns)  Path(ns)    Netlist Resource(s)
  -------------------------------------------------------------------    -------------------
                         (clock mem_clk rise edge)    0.000     0.000 r  
                                                      0.000     0.000 r  mem_clk (IN)
                         net (fo=2487, unset)         1.724     1.724    core/clk
    SLICE_X65Y16         FDRE                                         r  core/now_reg[13]/C
  -------------------------------------------------------------------    -------------------
    SLICE_X65Y16         FDRE (Prop_fdre_C_Q)         0.456     2.180 r  core/now_reg[13]/Q
                         net (fo=32, routed)          1.148     3.328    core/now[13]
    SLICE_X62Y18         LUT4 (Prop_lut4_I0_O)        0.124     3.452 r  core/error_reply[0]_i_592/O
                         net (fo=1, routed)           0.000     3.452    core/error_reply[0]_i_592_n_0
    SLICE_X62Y18         CARRY4 (Prop_carry4_S[1]_CO[3])
                                                      0.533     3.985 r  core/error_reply_reg[0]_i_474/CO[3]
                         net (fo=1, routed)           0.000     3.985    core/error_reply_reg[0]_i_474_n_0
    SLICE_X62Y19         CARRY4 (Prop_carry4_CI_CO[3])
                                                      0.117     4.102 r  core/error_reply_reg[0]_i_310/CO[3]
                         net (fo=1, routed)           0.000     4.102    core/error_reply_reg[0]_i_310_n_0
    SLICE_X62Y20         CARRY4 (Prop_carry4_CI_CO[3])
                                                      0.117     4.219 r  core/error_reply_reg[0]_i_149/CO[3]
                         net (fo=1, routed)           0.000     4.219    core/error_reply_reg[0]_i_149_n_0
    SLICE_X62Y21         CARRY4 (Prop_carry4_CI_CO[3])
                                                      0.117     4.336 r  core/error_reply_reg[0]_i_62/CO[3]
                         net (fo=1, routed)           0.000     4.336    core/error_reply_reg[0]_i_62_n_0
    SLICE_X62Y22         CARRY4 (Prop_carry4_CI_CO[3])
                                                      0.117     4.453 r  core/error_reply_reg[0]_i_28/CO[3]
                         net (fo=1, routed)           0.000     4.453    core/error_reply_reg[0]_i_28_n_0
    SLICE_X62Y23         CARRY4 (Prop_carry4_CI_CO[3])
                                                      0.117     4.570 r  core/error_reply_reg[0]_i_8/CO[3]
                         net (fo=1, routed)           0.000     4.570    core/error_reply_reg[0]_i_8_n_0
    SLICE_X62Y24         CARRY4 (Prop_carry4_CI_CO[2])
                                                      0.229     4.799 f  core/error_reply_reg[0]_i_4/CO[2]
                         net (fo=1, routed)           0.583     5.383    core/error_reply_reg[0]_i_4_n_1
    SLICE_X65Y24         LUT6 (Prop_lut6_I1_O)        0.310     5.693 f  core/error_reply[0]_i_2/O
                         net (fo=7, routed)           0.906     6.598    core/p_28_out[0]
    SLICE_X70Y28         LUT6 (Prop_lut6_I1_O)        0.124     6.722 f  core/gate_i_1/O
                         net (fo=2, routed)           0.170     6.893    core/gate/loss
    SLICE_X70Y28         LUT5 (Prop_lut5_I1_O)        0.124     7.017 f  core/gate/last_sequence[63]_i_3/O
                         net (fo=4, routed)           0.483     7.499    core/gate/last_sequence[63]_i_3_n_0
    SLICE_X70Y30         LUT6 (Prop_lut6_I0_O)        0.124     7.623 f  core/gate/permit_at_edge_INST_0_i_49/O
                         net (fo=4, routed)           0.447     8.070    core/gate/permit_at_edge_INST_0_i_49_n_0
    SLICE_X75Y30         LUT5 (Prop_lut5_I0_O)        0.124     8.194 f  core/gate/permit_at_edge_INST_0_i_17/O
                         net (fo=1, routed)           0.636     8.830    core/gate/permit_at_edge_INST_0_i_17_n_0
    SLICE_X74Y31         LUT6 (Prop_lut6_I3_O)        0.124     8.954 f  core/gate/permit_at_edge_INST_0_i_3/O
                         net (fo=5, routed)           0.593     9.547    core/gate/permit_at_edge_INST_0_i_3_n_0
    SLICE_X79Y32         LUT6 (Prop_lut6_I0_O)        0.124     9.671 r  core/gate/shadow_deadline[63]_i_1/O
                         net (fo=254, routed)         0.786    10.457    core/gate/shadow_deadline[63]_i_1_n_0
    SLICE_X83Y33         FDRE                                         r  core/gate/shadow_not_before_reg[54]/CE
  -------------------------------------------------------------------    -------------------

                         (clock mem_clk rise edge)    4.000     4.000 r  
                                                      0.000     4.000 r  mem_clk (IN)
                         net (fo=2487, unset)         1.555     5.555    core/gate/clk
    SLICE_X83Y33         FDRE                                         r  core/gate/shadow_not_before_reg[54]/C
                         clock pessimism              0.115     5.670    
                         clock uncertainty           -0.543     5.127    
    SLICE_X83Y33         FDRE (Setup_fdre_C_CE)      -0.205     4.922    core/gate/shadow_not_before_reg[54]
  -------------------------------------------------------------------
                         required time                          4.922    
                         arrival time                         -10.457    
  -------------------------------------------------------------------
                         slack                                 -5.536    

Slack (VIOLATED) :        -5.528ns  (required time - arrival time)
  Source:                 core/now_reg[13]/C
                            (rising edge-triggered cell FDRE clocked by mem_clk  {rise@0.000ns fall@2.000ns period=4.000ns})
  Destination:            core/gate/active_expires_reg[52]/CE
                            (rising edge-triggered cell FDRE clocked by mem_clk  {rise@0.000ns fall@2.000ns period=4.000ns})
  Path Group:             mem_clk
  Path Type:              Setup (Max at Slow Process Corner)
  Requirement:            4.000ns  (mem_clk rise@4.000ns - mem_clk rise@0.000ns)
  Data Path Delay:        8.724ns  (logic 2.981ns (34.169%)  route 5.743ns (65.831%))
  Logic Levels:           15  (CARRY4=7 LUT4=2 LUT5=2 LUT6=4)
  Clock Path Skew:        -0.055ns (DCD - SCD + CPR)
    Destination Clock Delay (DCD):    1.554ns = ( 5.554 - 4.000 ) 
    Source Clock Delay      (SCD):    1.724ns
    Clock Pessimism Removal (CPR):    0.115ns
  Clock Uncertainty:      0.543ns  ((TSJ^2 + TIJ^2)^1/2 + DJ) / 2 + PE + UU
    Total System Jitter     (TSJ):    0.071ns
    Total Input Jitter      (TIJ):    0.050ns
    Discrete Jitter          (DJ):    0.000ns
    Phase Error              (PE):    0.000ns
    User Uncertainty         (UU):    0.500ns

    Location             Delay type                Incr(ns)  Path(ns)    Netlist Resource(s)
  -------------------------------------------------------------------    -------------------
                         (clock mem_clk rise edge)    0.000     0.000 r  
                                                      0.000     0.000 r  mem_clk (IN)
                         net (fo=2487, unset)         1.724     1.724    core/clk
    SLICE_X65Y16         FDRE                                         r  core/now_reg[13]/C
  -------------------------------------------------------------------    -------------------
    SLICE_X65Y16         FDRE (Prop_fdre_C_Q)         0.456     2.180 r  core/now_reg[13]/Q
                         net (fo=32, routed)          1.148     3.328    core/now[13]
    SLICE_X62Y18         LUT4 (Prop_lut4_I0_O)        0.124     3.452 r  core/error_reply[0]_i_592/O
                         net (fo=1, routed)           0.000     3.452    core/error_reply[0]_i_592_n_0
    SLICE_X62Y18         CARRY4 (Prop_carry4_S[1]_CO[3])
                                                      0.533     3.985 r  core/error_reply_reg[0]_i_474/CO[3]
                         net (fo=1, routed)           0.000     3.985    core/error_reply_reg[0]_i_474_n_0
    SLICE_X62Y19         CARRY4 (Prop_carry4_CI_CO[3])
                                                      0.117     4.102 r  core/error_reply_reg[0]_i_310/CO[3]
                         net (fo=1, routed)           0.000     4.102    core/error_reply_reg[0]_i_310_n_0
    SLICE_X62Y20         CARRY4 (Prop_carry4_CI_CO[3])
                                                      0.117     4.219 r  core/error_reply_reg[0]_i_149/CO[3]
                         net (fo=1, routed)           0.000     4.219    core/error_reply_reg[0]_i_149_n_0
    SLICE_X62Y21         CARRY4 (Prop_carry4_CI_CO[3])
                                                      0.117     4.336 r  core/error_reply_reg[0]_i_62/CO[3]
                         net (fo=1, routed)           0.000     4.336    core/error_reply_reg[0]_i_62_n_0
    SLICE_X62Y22         CARRY4 (Prop_carry4_CI_CO[3])
                                                      0.117     4.453 r  core/error_reply_reg[0]_i_28/CO[3]
                         net (fo=1, routed)           0.000     4.453    core/error_reply_reg[0]_i_28_n_0
    SLICE_X62Y23         CARRY4 (Prop_carry4_CI_CO[3])
                                                      0.117     4.570 r  core/error_reply_reg[0]_i_8/CO[3]
                         net (fo=1, routed)           0.000     4.570    core/error_reply_reg[0]_i_8_n_0
    SLICE_X62Y24         CARRY4 (Prop_carry4_CI_CO[2])
                                                      0.229     4.799 f  core/error_reply_reg[0]_i_4/CO[2]
                         net (fo=1, routed)           0.583     5.383    core/error_reply_reg[0]_i_4_n_1
    SLICE_X65Y24         LUT6 (Prop_lut6_I1_O)        0.310     5.693 f  core/error_reply[0]_i_2/O
                         net (fo=7, routed)           0.906     6.598    core/p_28_out[0]
    SLICE_X70Y28         LUT6 (Prop_lut6_I1_O)        0.124     6.722 f  core/gate_i_1/O
                         net (fo=2, routed)           0.170     6.893    core/gate/loss
    SLICE_X70Y28         LUT5 (Prop_lut5_I1_O)        0.124     7.017 f  core/gate/last_sequence[63]_i_3/O
                         net (fo=4, routed)           0.483     7.499    core/gate/last_sequence[63]_i_3_n_0
    SLICE_X70Y30         LUT6 (Prop_lut6_I0_O)        0.124     7.623 f  core/gate/permit_at_edge_INST_0_i_49/O
                         net (fo=4, routed)           0.536     8.159    core/gate/permit_at_edge_INST_0_i_49_n_0
    SLICE_X70Y30         LUT6 (Prop_lut6_I5_O)        0.124     8.283 f  core/gate/permit_at_edge_INST_0_i_20/O
                         net (fo=6, routed)           0.507     8.790    core/gate/permit_at_edge_INST_0_i_20_n_0
    SLICE_X70Y32         LUT5 (Prop_lut5_I2_O)        0.124     8.914 r  core/gate/permit_at_edge_INST_0_i_4/O
                         net (fo=6, routed)           0.703     9.617    core/gate/permit_at_edge_INST_0_i_4_n_0
    SLICE_X69Y35         LUT4 (Prop_lut4_I1_O)        0.124     9.741 r  core/gate/active_expires[63]_i_1/O
                         net (fo=64, routed)          0.708    10.448    core/gate/active_expires[0]
    SLICE_X72Y36         FDRE                                         r  core/gate/active_expires_reg[52]/CE
  -------------------------------------------------------------------    -------------------

                         (clock mem_clk rise edge)    4.000     4.000 r  
                                                      0.000     4.000 r  mem_clk (IN)
                         net (fo=2487, unset)         1.554     5.554    core/gate/clk
    SLICE_X72Y36         FDRE                                         r  core/gate/active_expires_reg[52]/C
                         clock pessimism              0.115     5.669    
                         clock uncertainty           -0.543     5.126    
    SLICE_X72Y36         FDRE (Setup_fdre_C_CE)      -0.205     4.921    core/gate/active_expires_reg[52]
  -------------------------------------------------------------------
                         required time                          4.921    
                         arrival time                         -10.448    
  -------------------------------------------------------------------
                         slack                                 -5.528    

Slack (VIOLATED) :        -5.528ns  (required time - arrival time)
  Source:                 core/now_reg[13]/C
                            (rising edge-triggered cell FDRE clocked by mem_clk  {rise@0.000ns fall@2.000ns period=4.000ns})
  Destination:            core/gate/active_expires_reg[57]/CE
                            (rising edge-triggered cell FDRE clocked by mem_clk  {rise@0.000ns fall@2.000ns period=4.000ns})
  Path Group:             mem_clk
  Path Type:              Setup (Max at Slow Process Corner)
  Requirement:            4.000ns  (mem_clk rise@4.000ns - mem_clk rise@0.000ns)
  Data Path Delay:        8.724ns  (logic 2.981ns (34.169%)  route 5.743ns (65.831%))
  Logic Levels:           15  (CARRY4=7 LUT4=2 LUT5=2 LUT6=4)
  Clock Path Skew:        -0.055ns (DCD - SCD + CPR)
    Destination Clock Delay (DCD):    1.554ns = ( 5.554 - 4.000 ) 
    Source Clock Delay      (SCD):    1.724ns
    Clock Pessimism Removal (CPR):    0.115ns
  Clock Uncertainty:      0.543ns  ((TSJ^2 + TIJ^2)^1/2 + DJ) / 2 + PE + UU
    Total System Jitter     (TSJ):    0.071ns
    Total Input Jitter      (TIJ):    0.050ns
    Discrete Jitter          (DJ):    0.000ns
    Phase Error              (PE):    0.000ns
    User Uncertainty         (UU):    0.500ns

    Location             Delay type                Incr(ns)  Path(ns)    Netlist Resource(s)
  -------------------------------------------------------------------    -------------------
                         (clock mem_clk rise edge)    0.000     0.000 r  
                                                      0.000     0.000 r  mem_clk (IN)
                         net (fo=2487, unset)         1.724     1.724    core/clk
    SLICE_X65Y16         FDRE                                         r  core/now_reg[13]/C
  -------------------------------------------------------------------    -------------------
    SLICE_X65Y16         FDRE (Prop_fdre_C_Q)         0.456     2.180 r  core/now_reg[13]/Q
                         net (fo=32, routed)          1.148     3.328    core/now[13]
    SLICE_X62Y18         LUT4 (Prop_lut4_I0_O)        0.124     3.452 r  core/error_reply[0]_i_592/O
                         net (fo=1, routed)           0.000     3.452    core/error_reply[0]_i_592_n_0
    SLICE_X62Y18         CARRY4 (Prop_carry4_S[1]_CO[3])
                                                      0.533     3.985 r  core/error_reply_reg[0]_i_474/CO[3]
                         net (fo=1, routed)           0.000     3.985    core/error_reply_reg[0]_i_474_n_0
    SLICE_X62Y19         CARRY4 (Prop_carry4_CI_CO[3])
                                                      0.117     4.102 r  core/error_reply_reg[0]_i_310/CO[3]
                         net (fo=1, routed)           0.000     4.102    core/error_reply_reg[0]_i_310_n_0
    SLICE_X62Y20         CARRY4 (Prop_carry4_CI_CO[3])
                                                      0.117     4.219 r  core/error_reply_reg[0]_i_149/CO[3]
                         net (fo=1, routed)           0.000     4.219    core/error_reply_reg[0]_i_149_n_0
    SLICE_X62Y21         CARRY4 (Prop_carry4_CI_CO[3])
                                                      0.117     4.336 r  core/error_reply_reg[0]_i_62/CO[3]
                         net (fo=1, routed)           0.000     4.336    core/error_reply_reg[0]_i_62_n_0
    SLICE_X62Y22         CARRY4 (Prop_carry4_CI_CO[3])
                                                      0.117     4.453 r  core/error_reply_reg[0]_i_28/CO[3]
                         net (fo=1, routed)           0.000     4.453    core/error_reply_reg[0]_i_28_n_0
    SLICE_X62Y23         CARRY4 (Prop_carry4_CI_CO[3])
                                                      0.117     4.570 r  core/error_reply_reg[0]_i_8/CO[3]
                         net (fo=1, routed)           0.000     4.570    core/error_reply_reg[0]_i_8_n_0
    SLICE_X62Y24         CARRY4 (Prop_carry4_CI_CO[2])
                                                      0.229     4.799 f  core/error_reply_reg[0]_i_4/CO[2]
                         net (fo=1, routed)           0.583     5.383    core/error_reply_reg[0]_i_4_n_1
    SLICE_X65Y24         LUT6 (Prop_lut6_I1_O)        0.310     5.693 f  core/error_reply[0]_i_2/O
                         net (fo=7, routed)           0.906     6.598    core/p_28_out[0]
    SLICE_X70Y28         LUT6 (Prop_lut6_I1_O)        0.124     6.722 f  core/gate_i_1/O
                         net (fo=2, routed)           0.170     6.893    core/gate/loss
    SLICE_X70Y28         LUT5 (Prop_lut5_I1_O)        0.124     7.017 f  core/gate/last_sequence[63]_i_3/O
                         net (fo=4, routed)           0.483     7.499    core/gate/last_sequence[63]_i_3_n_0
    SLICE_X70Y30         LUT6 (Prop_lut6_I0_O)        0.124     7.623 f  core/gate/permit_at_edge_INST_0_i_49/O
                         net (fo=4, routed)           0.536     8.159    core/gate/permit_at_edge_INST_0_i_49_n_0
    SLICE_X70Y30         LUT6 (Prop_lut6_I5_O)        0.124     8.283 f  core/gate/permit_at_edge_INST_0_i_20/O
                         net (fo=6, routed)           0.507     8.790    core/gate/permit_at_edge_INST_0_i_20_n_0
    SLICE_X70Y32         LUT5 (Prop_lut5_I2_O)        0.124     8.914 r  core/gate/permit_at_edge_INST_0_i_4/O
                         net (fo=6, routed)           0.703     9.617    core/gate/permit_at_edge_INST_0_i_4_n_0
    SLICE_X69Y35         LUT4 (Prop_lut4_I1_O)        0.124     9.741 r  core/gate/active_expires[63]_i_1/O
                         net (fo=64, routed)          0.708    10.448    core/gate/active_expires[0]
    SLICE_X72Y36         FDRE                                         r  core/gate/active_expires_reg[57]/CE
  -------------------------------------------------------------------    -------------------

                         (clock mem_clk rise edge)    4.000     4.000 r  
                                                      0.000     4.000 r  mem_clk (IN)
                         net (fo=2487, unset)         1.554     5.554    core/gate/clk
    SLICE_X72Y36         FDRE                                         r  core/gate/active_expires_reg[57]/C
                         clock pessimism              0.115     5.669    
                         clock uncertainty           -0.543     5.126    
    SLICE_X72Y36         FDRE (Setup_fdre_C_CE)      -0.205     4.921    core/gate/active_expires_reg[57]
  -------------------------------------------------------------------
                         required time                          4.921    
                         arrival time                         -10.448    
  -------------------------------------------------------------------
                         slack                                 -5.528    

Slack (VIOLATED) :        -5.525ns  (required time - arrival time)
  Source:                 core/now_reg[13]/C
                            (rising edge-triggered cell FDRE clocked by mem_clk  {rise@0.000ns fall@2.000ns period=4.000ns})
  Destination:            core/gate/shadow_deadline_reg[42]/CE
                            (rising edge-triggered cell FDRE clocked by mem_clk  {rise@0.000ns fall@2.000ns period=4.000ns})
  Path Group:             mem_clk
  Path Type:              Setup (Max at Slow Process Corner)
  Requirement:            4.000ns  (mem_clk rise@4.000ns - mem_clk rise@0.000ns)
  Data Path Delay:        8.719ns  (logic 2.981ns (34.192%)  route 5.738ns (65.808%))
  Logic Levels:           15  (CARRY4=7 LUT4=1 LUT5=2 LUT6=5)
  Clock Path Skew:        -0.058ns (DCD - SCD + CPR)
    Destination Clock Delay (DCD):    1.551ns = ( 5.551 - 4.000 ) 
    Source Clock Delay      (SCD):    1.724ns
    Clock Pessimism Removal (CPR):    0.115ns
  Clock Uncertainty:      0.543ns  ((TSJ^2 + TIJ^2)^1/2 + DJ) / 2 + PE + UU
    Total System Jitter     (TSJ):    0.071ns
    Total Input Jitter      (TIJ):    0.050ns
    Discrete Jitter          (DJ):    0.000ns
    Phase Error              (PE):    0.000ns
    User Uncertainty         (UU):    0.500ns

    Location             Delay type                Incr(ns)  Path(ns)    Netlist Resource(s)
  -------------------------------------------------------------------    -------------------
                         (clock mem_clk rise edge)    0.000     0.000 r  
                                                      0.000     0.000 r  mem_clk (IN)
                         net (fo=2487, unset)         1.724     1.724    core/clk
    SLICE_X65Y16         FDRE                                         r  core/now_reg[13]/C
  -------------------------------------------------------------------    -------------------
    SLICE_X65Y16         FDRE (Prop_fdre_C_Q)         0.456     2.180 r  core/now_reg[13]/Q
                         net (fo=32, routed)          1.148     3.328    core/now[13]
    SLICE_X62Y18         LUT4 (Prop_lut4_I0_O)        0.124     3.452 r  core/error_reply[0]_i_592/O
                         net (fo=1, routed)           0.000     3.452    core/error_reply[0]_i_592_n_0
    SLICE_X62Y18         CARRY4 (Prop_carry4_S[1]_CO[3])
                                                      0.533     3.985 r  core/error_reply_reg[0]_i_474/CO[3]
                         net (fo=1, routed)           0.000     3.985    core/error_reply_reg[0]_i_474_n_0
    SLICE_X62Y19         CARRY4 (Prop_carry4_CI_CO[3])
                                                      0.117     4.102 r  core/error_reply_reg[0]_i_310/CO[3]
                         net (fo=1, routed)           0.000     4.102    core/error_reply_reg[0]_i_310_n_0
    SLICE_X62Y20         CARRY4 (Prop_carry4_CI_CO[3])
                                                      0.117     4.219 r  core/error_reply_reg[0]_i_149/CO[3]
                         net (fo=1, routed)           0.000     4.219    core/error_reply_reg[0]_i_149_n_0
    SLICE_X62Y21         CARRY4 (Prop_carry4_CI_CO[3])
                                                      0.117     4.336 r  core/error_reply_reg[0]_i_62/CO[3]
                         net (fo=1, routed)           0.000     4.336    core/error_reply_reg[0]_i_62_n_0
    SLICE_X62Y22         CARRY4 (Prop_carry4_CI_CO[3])
                                                      0.117     4.453 r  core/error_reply_reg[0]_i_28/CO[3]
                         net (fo=1, routed)           0.000     4.453    core/error_reply_reg[0]_i_28_n_0
    SLICE_X62Y23         CARRY4 (Prop_carry4_CI_CO[3])
                                                      0.117     4.570 r  core/error_reply_reg[0]_i_8/CO[3]
                         net (fo=1, routed)           0.000     4.570    core/error_reply_reg[0]_i_8_n_0
    SLICE_X62Y24         CARRY4 (Prop_carry4_CI_CO[2])
                                                      0.229     4.799 f  core/error_reply_reg[0]_i_4/CO[2]
                         net (fo=1, routed)           0.583     5.383    core/error_reply_reg[0]_i_4_n_1
    SLICE_X65Y24         LUT6 (Prop_lut6_I1_O)        0.310     5.693 f  core/error_reply[0]_i_2/O
                         net (fo=7, routed)           0.906     6.598    core/p_28_out[0]
    SLICE_X70Y28         LUT6 (Prop_lut6_I1_O)        0.124     6.722 f  core/gate_i_1/O
                         net (fo=2, routed)           0.170     6.893    core/gate/loss
    SLICE_X70Y28         LUT5 (Prop_lut5_I1_O)        0.124     7.017 f  core/gate/last_sequence[63]_i_3/O
                         net (fo=4, routed)           0.483     7.499    core/gate/last_sequence[63]_i_3_n_0
    SLICE_X70Y30         LUT6 (Prop_lut6_I0_O)        0.124     7.623 f  core/gate/permit_at_edge_INST_0_i_49/O
                         net (fo=4, routed)           0.447     8.070    core/gate/permit_at_edge_INST_0_i_49_n_0
    SLICE_X75Y30         LUT5 (Prop_lut5_I0_O)        0.124     8.194 f  core/gate/permit_at_edge_INST_0_i_17/O
                         net (fo=1, routed)           0.636     8.830    core/gate/permit_at_edge_INST_0_i_17_n_0
    SLICE_X74Y31         LUT6 (Prop_lut6_I3_O)        0.124     8.954 f  core/gate/permit_at_edge_INST_0_i_3/O
                         net (fo=5, routed)           0.593     9.547    core/gate/permit_at_edge_INST_0_i_3_n_0
    SLICE_X79Y32         LUT6 (Prop_lut6_I0_O)        0.124     9.671 r  core/gate/shadow_deadline[63]_i_1/O
                         net (fo=254, routed)         0.772    10.443    core/gate/shadow_deadline[63]_i_1_n_0
    SLICE_X80Y30         FDRE                                         r  core/gate/shadow_deadline_reg[42]/CE
  -------------------------------------------------------------------    -------------------

                         (clock mem_clk rise edge)    4.000     4.000 r  
                                                      0.000     4.000 r  mem_clk (IN)
                         net (fo=2487, unset)         1.551     5.551    core/gate/clk
    SLICE_X80Y30         FDRE                                         r  core/gate/shadow_deadline_reg[42]/C
                         clock pessimism              0.115     5.666    
                         clock uncertainty           -0.543     5.123    
    SLICE_X80Y30         FDRE (Setup_fdre_C_CE)      -0.205     4.918    core/gate/shadow_deadline_reg[42]
  -------------------------------------------------------------------
                         required time                          4.918    
                         arrival time                         -10.443    
  -------------------------------------------------------------------
                         slack                                 -5.525    

Slack (VIOLATED) :        -5.525ns  (required time - arrival time)
  Source:                 core/now_reg[13]/C
                            (rising edge-triggered cell FDRE clocked by mem_clk  {rise@0.000ns fall@2.000ns period=4.000ns})
  Destination:            core/gate/shadow_issued_reg[35]/CE
                            (rising edge-triggered cell FDRE clocked by mem_clk  {rise@0.000ns fall@2.000ns period=4.000ns})
  Path Group:             mem_clk
  Path Type:              Setup (Max at Slow Process Corner)
  Requirement:            4.000ns  (mem_clk rise@4.000ns - mem_clk rise@0.000ns)
  Data Path Delay:        8.719ns  (logic 2.981ns (34.192%)  route 5.738ns (65.808%))
  Logic Levels:           15  (CARRY4=7 LUT4=1 LUT5=2 LUT6=5)
  Clock Path Skew:        -0.058ns (DCD - SCD + CPR)
    Destination Clock Delay (DCD):    1.551ns = ( 5.551 - 4.000 ) 
    Source Clock Delay      (SCD):    1.724ns
    Clock Pessimism Removal (CPR):    0.115ns
  Clock Uncertainty:      0.543ns  ((TSJ^2 + TIJ^2)^1/2 + DJ) / 2 + PE + UU
    Total System Jitter     (TSJ):    0.071ns
    Total Input Jitter      (TIJ):    0.050ns
    Discrete Jitter          (DJ):    0.000ns
    Phase Error              (PE):    0.000ns
    User Uncertainty         (UU):    0.500ns

    Location             Delay type                Incr(ns)  Path(ns)    Netlist Resource(s)
  -------------------------------------------------------------------    -------------------
                         (clock mem_clk rise edge)    0.000     0.000 r  
                                                      0.000     0.000 r  mem_clk (IN)
                         net (fo=2487, unset)         1.724     1.724    core/clk
    SLICE_X65Y16         FDRE                                         r  core/now_reg[13]/C
  -------------------------------------------------------------------    -------------------
    SLICE_X65Y16         FDRE (Prop_fdre_C_Q)         0.456     2.180 r  core/now_reg[13]/Q
                         net (fo=32, routed)          1.148     3.328    core/now[13]
    SLICE_X62Y18         LUT4 (Prop_lut4_I0_O)        0.124     3.452 r  core/error_reply[0]_i_592/O
                         net (fo=1, routed)           0.000     3.452    core/error_reply[0]_i_592_n_0
    SLICE_X62Y18         CARRY4 (Prop_carry4_S[1]_CO[3])
                                                      0.533     3.985 r  core/error_reply_reg[0]_i_474/CO[3]
                         net (fo=1, routed)           0.000     3.985    core/error_reply_reg[0]_i_474_n_0
    SLICE_X62Y19         CARRY4 (Prop_carry4_CI_CO[3])
                                                      0.117     4.102 r  core/error_reply_reg[0]_i_310/CO[3]
                         net (fo=1, routed)           0.000     4.102    core/error_reply_reg[0]_i_310_n_0
    SLICE_X62Y20         CARRY4 (Prop_carry4_CI_CO[3])
                                                      0.117     4.219 r  core/error_reply_reg[0]_i_149/CO[3]
                         net (fo=1, routed)           0.000     4.219    core/error_reply_reg[0]_i_149_n_0
    SLICE_X62Y21         CARRY4 (Prop_carry4_CI_CO[3])
                                                      0.117     4.336 r  core/error_reply_reg[0]_i_62/CO[3]
                         net (fo=1, routed)           0.000     4.336    core/error_reply_reg[0]_i_62_n_0
    SLICE_X62Y22         CARRY4 (Prop_carry4_CI_CO[3])
                                                      0.117     4.453 r  core/error_reply_reg[0]_i_28/CO[3]
                         net (fo=1, routed)           0.000     4.453    core/error_reply_reg[0]_i_28_n_0
    SLICE_X62Y23         CARRY4 (Prop_carry4_CI_CO[3])
                                                      0.117     4.570 r  core/error_reply_reg[0]_i_8/CO[3]
                         net (fo=1, routed)           0.000     4.570    core/error_reply_reg[0]_i_8_n_0
    SLICE_X62Y24         CARRY4 (Prop_carry4_CI_CO[2])
                                                      0.229     4.799 f  core/error_reply_reg[0]_i_4/CO[2]
                         net (fo=1, routed)           0.583     5.383    core/error_reply_reg[0]_i_4_n_1
    SLICE_X65Y24         LUT6 (Prop_lut6_I1_O)        0.310     5.693 f  core/error_reply[0]_i_2/O
                         net (fo=7, routed)           0.906     6.598    core/p_28_out[0]
    SLICE_X70Y28         LUT6 (Prop_lut6_I1_O)        0.124     6.722 f  core/gate_i_1/O
                         net (fo=2, routed)           0.170     6.893    core/gate/loss
    SLICE_X70Y28         LUT5 (Prop_lut5_I1_O)        0.124     7.017 f  core/gate/last_sequence[63]_i_3/O
                         net (fo=4, routed)           0.483     7.499    core/gate/last_sequence[63]_i_3_n_0
    SLICE_X70Y30         LUT6 (Prop_lut6_I0_O)        0.124     7.623 f  core/gate/permit_at_edge_INST_0_i_49/O
                         net (fo=4, routed)           0.447     8.070    core/gate/permit_at_edge_INST_0_i_49_n_0
    SLICE_X75Y30         LUT5 (Prop_lut5_I0_O)        0.124     8.194 f  core/gate/permit_at_edge_INST_0_i_17/O
                         net (fo=1, routed)           0.636     8.830    core/gate/permit_at_edge_INST_0_i_17_n_0
    SLICE_X74Y31         LUT6 (Prop_lut6_I3_O)        0.124     8.954 f  core/gate/permit_at_edge_INST_0_i_3/O
                         net (fo=5, routed)           0.593     9.547    core/gate/permit_at_edge_INST_0_i_3_n_0
    SLICE_X79Y32         LUT6 (Prop_lut6_I0_O)        0.124     9.671 r  core/gate/shadow_deadline[63]_i_1/O
                         net (fo=254, routed)         0.772    10.443    core/gate/shadow_deadline[63]_i_1_n_0
    SLICE_X80Y30         FDRE                                         r  core/gate/shadow_issued_reg[35]/CE
  -------------------------------------------------------------------    -------------------

                         (clock mem_clk rise edge)    4.000     4.000 r  
                                                      0.000     4.000 r  mem_clk (IN)
                         net (fo=2487, unset)         1.551     5.551    core/gate/clk
    SLICE_X80Y30         FDRE                                         r  core/gate/shadow_issued_reg[35]/C
                         clock pessimism              0.115     5.666    
                         clock uncertainty           -0.543     5.123    
    SLICE_X80Y30         FDRE (Setup_fdre_C_CE)      -0.205     4.918    core/gate/shadow_issued_reg[35]
  -------------------------------------------------------------------
                         required time                          4.918    
                         arrival time                         -10.443    
  -------------------------------------------------------------------
                         slack                                 -5.525    

Slack (VIOLATED) :        -5.525ns  (required time - arrival time)
  Source:                 core/now_reg[13]/C
                            (rising edge-triggered cell FDRE clocked by mem_clk  {rise@0.000ns fall@2.000ns period=4.000ns})
  Destination:            core/gate/shadow_issued_reg[37]/CE
                            (rising edge-triggered cell FDRE clocked by mem_clk  {rise@0.000ns fall@2.000ns period=4.000ns})
  Path Group:             mem_clk
  Path Type:              Setup (Max at Slow Process Corner)
  Requirement:            4.000ns  (mem_clk rise@4.000ns - mem_clk rise@0.000ns)
  Data Path Delay:        8.719ns  (logic 2.981ns (34.192%)  route 5.738ns (65.808%))
  Logic Levels:           15  (CARRY4=7 LUT4=1 LUT5=2 LUT6=5)
  Clock Path Skew:        -0.058ns (DCD - SCD + CPR)
    Destination Clock Delay (DCD):    1.551ns = ( 5.551 - 4.000 ) 
    Source Clock Delay      (SCD):    1.724ns
    Clock Pessimism Removal (CPR):    0.115ns
  Clock Uncertainty:      0.543ns  ((TSJ^2 + TIJ^2)^1/2 + DJ) / 2 + PE + UU
    Total System Jitter     (TSJ):    0.071ns
    Total Input Jitter      (TIJ):    0.050ns
    Discrete Jitter          (DJ):    0.000ns
    Phase Error              (PE):    0.000ns
    User Uncertainty         (UU):    0.500ns

    Location             Delay type                Incr(ns)  Path(ns)    Netlist Resource(s)
  -------------------------------------------------------------------    -------------------
                         (clock mem_clk rise edge)    0.000     0.000 r  
                                                      0.000     0.000 r  mem_clk (IN)
                         net (fo=2487, unset)         1.724     1.724    core/clk
    SLICE_X65Y16         FDRE                                         r  core/now_reg[13]/C
  -------------------------------------------------------------------    -------------------
    SLICE_X65Y16         FDRE (Prop_fdre_C_Q)         0.456     2.180 r  core/now_reg[13]/Q
                         net (fo=32, routed)          1.148     3.328    core/now[13]
    SLICE_X62Y18         LUT4 (Prop_lut4_I0_O)        0.124     3.452 r  core/error_reply[0]_i_592/O
                         net (fo=1, routed)           0.000     3.452    core/error_reply[0]_i_592_n_0
    SLICE_X62Y18         CARRY4 (Prop_carry4_S[1]_CO[3])
                                                      0.533     3.985 r  core/error_reply_reg[0]_i_474/CO[3]
                         net (fo=1, routed)           0.000     3.985    core/error_reply_reg[0]_i_474_n_0
    SLICE_X62Y19         CARRY4 (Prop_carry4_CI_CO[3])
                                                      0.117     4.102 r  core/error_reply_reg[0]_i_310/CO[3]
                         net (fo=1, routed)           0.000     4.102    core/error_reply_reg[0]_i_310_n_0
    SLICE_X62Y20         CARRY4 (Prop_carry4_CI_CO[3])
                                                      0.117     4.219 r  core/error_reply_reg[0]_i_149/CO[3]
                         net (fo=1, routed)           0.000     4.219    core/error_reply_reg[0]_i_149_n_0
    SLICE_X62Y21         CARRY4 (Prop_carry4_CI_CO[3])
                                                      0.117     4.336 r  core/error_reply_reg[0]_i_62/CO[3]
                         net (fo=1, routed)           0.000     4.336    core/error_reply_reg[0]_i_62_n_0
    SLICE_X62Y22         CARRY4 (Prop_carry4_CI_CO[3])
                                                      0.117     4.453 r  core/error_reply_reg[0]_i_28/CO[3]
                         net (fo=1, routed)           0.000     4.453    core/error_reply_reg[0]_i_28_n_0
    SLICE_X62Y23         CARRY4 (Prop_carry4_CI_CO[3])
                                                      0.117     4.570 r  core/error_reply_reg[0]_i_8/CO[3]
                         net (fo=1, routed)           0.000     4.570    core/error_reply_reg[0]_i_8_n_0
    SLICE_X62Y24         CARRY4 (Prop_carry4_CI_CO[2])
                                                      0.229     4.799 f  core/error_reply_reg[0]_i_4/CO[2]
                         net (fo=1, routed)           0.583     5.383    core/error_reply_reg[0]_i_4_n_1
    SLICE_X65Y24         LUT6 (Prop_lut6_I1_O)        0.310     5.693 f  core/error_reply[0]_i_2/O
                         net (fo=7, routed)           0.906     6.598    core/p_28_out[0]
    SLICE_X70Y28         LUT6 (Prop_lut6_I1_O)        0.124     6.722 f  core/gate_i_1/O
                         net (fo=2, routed)           0.170     6.893    core/gate/loss
    SLICE_X70Y28         LUT5 (Prop_lut5_I1_O)        0.124     7.017 f  core/gate/last_sequence[63]_i_3/O
                         net (fo=4, routed)           0.483     7.499    core/gate/last_sequence[63]_i_3_n_0
    SLICE_X70Y30         LUT6 (Prop_lut6_I0_O)        0.124     7.623 f  core/gate/permit_at_edge_INST_0_i_49/O
                         net (fo=4, routed)           0.447     8.070    core/gate/permit_at_edge_INST_0_i_49_n_0
    SLICE_X75Y30         LUT5 (Prop_lut5_I0_O)        0.124     8.194 f  core/gate/permit_at_edge_INST_0_i_17/O
                         net (fo=1, routed)           0.636     8.830    core/gate/permit_at_edge_INST_0_i_17_n_0
    SLICE_X74Y31         LUT6 (Prop_lut6_I3_O)        0.124     8.954 f  core/gate/permit_at_edge_INST_0_i_3/O
                         net (fo=5, routed)           0.593     9.547    core/gate/permit_at_edge_INST_0_i_3_n_0
    SLICE_X79Y32         LUT6 (Prop_lut6_I0_O)        0.124     9.671 r  core/gate/shadow_deadline[63]_i_1/O
                         net (fo=254, routed)         0.772    10.443    core/gate/shadow_deadline[63]_i_1_n_0
    SLICE_X80Y30         FDRE                                         r  core/gate/shadow_issued_reg[37]/CE
  -------------------------------------------------------------------    -------------------

                         (clock mem_clk rise edge)    4.000     4.000 r  
                                                      0.000     4.000 r  mem_clk (IN)
                         net (fo=2487, unset)         1.551     5.551    core/gate/clk
    SLICE_X80Y30         FDRE                                         r  core/gate/shadow_issued_reg[37]/C
                         clock pessimism              0.115     5.666    
                         clock uncertainty           -0.543     5.123    
    SLICE_X80Y30         FDRE (Setup_fdre_C_CE)      -0.205     4.918    core/gate/shadow_issued_reg[37]
  -------------------------------------------------------------------
                         required time                          4.918    
                         arrival time                         -10.443    
  -------------------------------------------------------------------
                         slack                                 -5.525    




