Copyright 1986-2022 Xilinx, Inc. All Rights Reserved. Copyright 2022-2025 Advanced Micro Devices, Inc. All Rights Reserved.
-------------------------------------------------------------------------------------------------------------------------------------------------------
| Tool Version : Vivado v.2025.2 (lin64) Build 6299465 Fri Nov 14 12:34:56 MST 2025
| Date         : Thu Oct  8 19:59:45 2026
| Host         : kompik running 64-bit Ubuntu 26.04 LTS
| Command      : report_timing -from [get_clocks mem_clk] -to [get_clocks mem_clk] -max_paths 10 -path_type full_clock_expanded -file memory_paths.rpt
| Design       : executor
| Device       : 7z020-clg484
| Speed File   : -1  PRODUCTION 1.12 2019-11-22
| Design State : Routed
-------------------------------------------------------------------------------------------------------------------------------------------------------

Timing Report

Slack (VIOLATED) :        -6.439ns  (required time - arrival time)
  Source:                 core/configuration/fields_reg[1][29]/C
                            (rising edge-triggered cell FDRE clocked by mem_clk  {rise@0.000ns fall@2.000ns period=4.000ns})
  Destination:            core/calendar/decisions_reg[3]/D
                            (rising edge-triggered cell FDSE clocked by mem_clk  {rise@0.000ns fall@2.000ns period=4.000ns})
  Path Group:             mem_clk
  Path Type:              Setup (Max at Slow Process Corner)
  Requirement:            4.000ns  (mem_clk rise@4.000ns - mem_clk rise@0.000ns)
  Data Path Delay:        9.796ns  (logic 2.006ns (20.478%)  route 7.790ns (79.522%))
  Logic Levels:           12  (LUT4=2 LUT5=5 LUT6=5)
  Clock Path Skew:        -0.131ns (DCD - SCD + CPR)
    Destination Clock Delay (DCD):    1.553ns = ( 5.553 - 4.000 ) 
    Source Clock Delay      (SCD):    1.799ns
    Clock Pessimism Removal (CPR):    0.115ns
  Clock Uncertainty:      0.543ns  ((TSJ^2 + TIJ^2)^1/2 + DJ) / 2 + PE + UU
    Total System Jitter     (TSJ):    0.071ns
    Total Input Jitter      (TIJ):    0.050ns
    Discrete Jitter          (DJ):    0.000ns
    Phase Error              (PE):    0.000ns
    User Uncertainty         (UU):    0.500ns

    Location             Delay type                Incr(ns)  Path(ns)    Netlist Resource(s)
  -------------------------------------------------------------------    -------------------
                         (clock mem_clk rise edge)    0.000     0.000 r  
                                                      0.000     0.000 r  mem_clk (IN)
                         net (fo=2865, unset)         1.799     1.799    core/configuration/clk
    SLICE_X90Y41         FDRE                                         r  core/configuration/fields_reg[1][29]/C
  -------------------------------------------------------------------    -------------------
    SLICE_X90Y41         FDRE (Prop_fdre_C_Q)         0.518     2.317 f  core/configuration/fields_reg[1][29]/Q
                         net (fo=1, routed)           0.851     3.168    core/configuration/fields_reg_n_0_[1][29]
    SLICE_X90Y41         LUT4 (Prop_lut4_I1_O)        0.124     3.292 f  core/configuration/arm_due_INST_0_i_71/O
                         net (fo=2, routed)           0.674     3.967    core/configuration/arm_due_INST_0_i_71_n_0
    SLICE_X87Y41         LUT5 (Prop_lut5_I4_O)        0.124     4.091 f  core/configuration/arm_due_INST_0_i_28/O
                         net (fo=1, routed)           0.406     4.497    core/configuration/arm_due_INST_0_i_28_n_0
    SLICE_X87Y42         LUT4 (Prop_lut4_I2_O)        0.124     4.621 r  core/configuration/arm_due_INST_0_i_6/O
                         net (fo=1, routed)           0.661     5.282    core/configuration/compatible10
    SLICE_X86Y42         LUT6 (Prop_lut6_I0_O)        0.124     5.406 r  core/configuration/arm_due_INST_0_i_1/O
                         net (fo=2, routed)           0.668     6.074    core/configuration/arm_due_INST_0_i_1_n_0
    SLICE_X85Y43         LUT5 (Prop_lut5_I0_O)        0.124     6.198 r  core/configuration/arm_due_INST_0/O
                         net (fo=77, routed)          1.054     7.252    core/gate/cold_init
    SLICE_X69Y37         LUT5 (Prop_lut5_I3_O)        0.124     7.376 r  core/gate/last_sequence[63]_i_3/O
                         net (fo=4, routed)           0.505     7.881    core/gate/last_sequence[63]_i_3_n_0
    SLICE_X69Y37         LUT6 (Prop_lut6_I0_O)        0.124     8.005 r  core/gate/permit_at_edge_INST_0_i_49/O
                         net (fo=4, routed)           0.600     8.605    core/gate/permit_at_edge_INST_0_i_49_n_0
    SLICE_X69Y37         LUT6 (Prop_lut6_I5_O)        0.124     8.729 r  core/gate/permit_at_edge_INST_0_i_20/O
                         net (fo=6, routed)           0.610     9.340    core/gate/permit_at_edge_INST_0_i_20_n_0
    SLICE_X70Y36         LUT5 (Prop_lut5_I2_O)        0.124     9.464 f  core/gate/permit_at_edge_INST_0_i_4/O
                         net (fo=6, routed)           0.702    10.165    core/gate/permit_at_edge_INST_0_i_4_n_0
    SLICE_X70Y36         LUT5 (Prop_lut5_I3_O)        0.124    10.289 f  core/gate/permit_at_edge_INST_0/O
                         net (fo=1, routed)           0.488    10.777    core/calendar/skip_permitted
    SLICE_X70Y36         LUT6 (Prop_lut6_I2_O)        0.124    10.901 r  core/calendar/decisions[3]_i_2/O
                         net (fo=4, routed)           0.570    11.471    core/calendar/decide_execute
    SLICE_X69Y35         LUT6 (Prop_lut6_I0_O)        0.124    11.595 r  core/calendar/decisions[3]_i_1/O
                         net (fo=1, routed)           0.000    11.595    core/calendar/decisions[3]_i_1_n_0
    SLICE_X69Y35         FDSE                                         r  core/calendar/decisions_reg[3]/D
  -------------------------------------------------------------------    -------------------

                         (clock mem_clk rise edge)    4.000     4.000 r  
                                                      0.000     4.000 r  mem_clk (IN)
                         net (fo=2865, unset)         1.553     5.553    core/calendar/clk
    SLICE_X69Y35         FDSE                                         r  core/calendar/decisions_reg[3]/C
                         clock pessimism              0.115     5.668    
                         clock uncertainty           -0.543     5.125    
    SLICE_X69Y35         FDSE (Setup_fdse_C_D)        0.031     5.156    core/calendar/decisions_reg[3]
  -------------------------------------------------------------------
                         required time                          5.156    
                         arrival time                         -11.595    
  -------------------------------------------------------------------
                         slack                                 -6.439    

Slack (VIOLATED) :        -6.336ns  (required time - arrival time)
  Source:                 core/configuration/fields_reg[1][29]/C
                            (rising edge-triggered cell FDRE clocked by mem_clk  {rise@0.000ns fall@2.000ns period=4.000ns})
  Destination:            core/calendar/decisions_reg[2]/D
                            (rising edge-triggered cell FDSE clocked by mem_clk  {rise@0.000ns fall@2.000ns period=4.000ns})
  Path Group:             mem_clk
  Path Type:              Setup (Max at Slow Process Corner)
  Requirement:            4.000ns  (mem_clk rise@4.000ns - mem_clk rise@0.000ns)
  Data Path Delay:        9.692ns  (logic 2.006ns (20.697%)  route 7.686ns (79.303%))
  Logic Levels:           12  (LUT4=2 LUT5=5 LUT6=5)
  Clock Path Skew:        -0.131ns (DCD - SCD + CPR)
    Destination Clock Delay (DCD):    1.553ns = ( 5.553 - 4.000 ) 
    Source Clock Delay      (SCD):    1.799ns
    Clock Pessimism Removal (CPR):    0.115ns
  Clock Uncertainty:      0.543ns  ((TSJ^2 + TIJ^2)^1/2 + DJ) / 2 + PE + UU
    Total System Jitter     (TSJ):    0.071ns
    Total Input Jitter      (TIJ):    0.050ns
    Discrete Jitter          (DJ):    0.000ns
    Phase Error              (PE):    0.000ns
    User Uncertainty         (UU):    0.500ns

    Location             Delay type                Incr(ns)  Path(ns)    Netlist Resource(s)
  -------------------------------------------------------------------    -------------------
                         (clock mem_clk rise edge)    0.000     0.000 r  
                                                      0.000     0.000 r  mem_clk (IN)
                         net (fo=2865, unset)         1.799     1.799    core/configuration/clk
    SLICE_X90Y41         FDRE                                         r  core/configuration/fields_reg[1][29]/C
  -------------------------------------------------------------------    -------------------
    SLICE_X90Y41         FDRE (Prop_fdre_C_Q)         0.518     2.317 f  core/configuration/fields_reg[1][29]/Q
                         net (fo=1, routed)           0.851     3.168    core/configuration/fields_reg_n_0_[1][29]
    SLICE_X90Y41         LUT4 (Prop_lut4_I1_O)        0.124     3.292 f  core/configuration/arm_due_INST_0_i_71/O
                         net (fo=2, routed)           0.674     3.967    core/configuration/arm_due_INST_0_i_71_n_0
    SLICE_X87Y41         LUT5 (Prop_lut5_I4_O)        0.124     4.091 f  core/configuration/arm_due_INST_0_i_28/O
                         net (fo=1, routed)           0.406     4.497    core/configuration/arm_due_INST_0_i_28_n_0
    SLICE_X87Y42         LUT4 (Prop_lut4_I2_O)        0.124     4.621 r  core/configuration/arm_due_INST_0_i_6/O
                         net (fo=1, routed)           0.661     5.282    core/configuration/compatible10
    SLICE_X86Y42         LUT6 (Prop_lut6_I0_O)        0.124     5.406 r  core/configuration/arm_due_INST_0_i_1/O
                         net (fo=2, routed)           0.668     6.074    core/configuration/arm_due_INST_0_i_1_n_0
    SLICE_X85Y43         LUT5 (Prop_lut5_I0_O)        0.124     6.198 r  core/configuration/arm_due_INST_0/O
                         net (fo=77, routed)          1.054     7.252    core/gate/cold_init
    SLICE_X69Y37         LUT5 (Prop_lut5_I3_O)        0.124     7.376 r  core/gate/last_sequence[63]_i_3/O
                         net (fo=4, routed)           0.505     7.881    core/gate/last_sequence[63]_i_3_n_0
    SLICE_X69Y37         LUT6 (Prop_lut6_I0_O)        0.124     8.005 r  core/gate/permit_at_edge_INST_0_i_49/O
                         net (fo=4, routed)           0.600     8.605    core/gate/permit_at_edge_INST_0_i_49_n_0
    SLICE_X69Y37         LUT6 (Prop_lut6_I5_O)        0.124     8.729 r  core/gate/permit_at_edge_INST_0_i_20/O
                         net (fo=6, routed)           0.610     9.340    core/gate/permit_at_edge_INST_0_i_20_n_0
    SLICE_X70Y36         LUT5 (Prop_lut5_I2_O)        0.124     9.464 f  core/gate/permit_at_edge_INST_0_i_4/O
                         net (fo=6, routed)           0.702    10.165    core/gate/permit_at_edge_INST_0_i_4_n_0
    SLICE_X70Y36         LUT5 (Prop_lut5_I3_O)        0.124    10.289 f  core/gate/permit_at_edge_INST_0/O
                         net (fo=1, routed)           0.488    10.777    core/calendar/skip_permitted
    SLICE_X70Y36         LUT6 (Prop_lut6_I2_O)        0.124    10.901 r  core/calendar/decisions[3]_i_2/O
                         net (fo=4, routed)           0.466    11.367    core/calendar/decide_execute
    SLICE_X68Y35         LUT6 (Prop_lut6_I0_O)        0.124    11.491 r  core/calendar/decisions[2]_i_1/O
                         net (fo=1, routed)           0.000    11.491    core/calendar/decisions[2]_i_1_n_0
    SLICE_X68Y35         FDSE                                         r  core/calendar/decisions_reg[2]/D
  -------------------------------------------------------------------    -------------------

                         (clock mem_clk rise edge)    4.000     4.000 r  
                                                      0.000     4.000 r  mem_clk (IN)
                         net (fo=2865, unset)         1.553     5.553    core/calendar/clk
    SLICE_X68Y35         FDSE                                         r  core/calendar/decisions_reg[2]/C
                         clock pessimism              0.115     5.668    
                         clock uncertainty           -0.543     5.125    
    SLICE_X68Y35         FDSE (Setup_fdse_C_D)        0.031     5.156    core/calendar/decisions_reg[2]
  -------------------------------------------------------------------
                         required time                          5.156    
                         arrival time                         -11.491    
  -------------------------------------------------------------------
                         slack                                 -6.336    

Slack (VIOLATED) :        -6.335ns  (required time - arrival time)
  Source:                 core/configuration/fields_reg[1][29]/C
                            (rising edge-triggered cell FDRE clocked by mem_clk  {rise@0.000ns fall@2.000ns period=4.000ns})
  Destination:            core/calendar/decisions_reg[1]/D
                            (rising edge-triggered cell FDSE clocked by mem_clk  {rise@0.000ns fall@2.000ns period=4.000ns})
  Path Group:             mem_clk
  Path Type:              Setup (Max at Slow Process Corner)
  Requirement:            4.000ns  (mem_clk rise@4.000ns - mem_clk rise@0.000ns)
  Data Path Delay:        9.692ns  (logic 2.006ns (20.697%)  route 7.686ns (79.303%))
  Logic Levels:           12  (LUT4=2 LUT5=5 LUT6=5)
  Clock Path Skew:        -0.131ns (DCD - SCD + CPR)
    Destination Clock Delay (DCD):    1.553ns = ( 5.553 - 4.000 ) 
    Source Clock Delay      (SCD):    1.799ns
    Clock Pessimism Removal (CPR):    0.115ns
  Clock Uncertainty:      0.543ns  ((TSJ^2 + TIJ^2)^1/2 + DJ) / 2 + PE + UU
    Total System Jitter     (TSJ):    0.071ns
    Total Input Jitter      (TIJ):    0.050ns
    Discrete Jitter          (DJ):    0.000ns
    Phase Error              (PE):    0.000ns
    User Uncertainty         (UU):    0.500ns

    Location             Delay type                Incr(ns)  Path(ns)    Netlist Resource(s)
  -------------------------------------------------------------------    -------------------
                         (clock mem_clk rise edge)    0.000     0.000 r  
                                                      0.000     0.000 r  mem_clk (IN)
                         net (fo=2865, unset)         1.799     1.799    core/configuration/clk
    SLICE_X90Y41         FDRE                                         r  core/configuration/fields_reg[1][29]/C
  -------------------------------------------------------------------    -------------------
    SLICE_X90Y41         FDRE (Prop_fdre_C_Q)         0.518     2.317 f  core/configuration/fields_reg[1][29]/Q
                         net (fo=1, routed)           0.851     3.168    core/configuration/fields_reg_n_0_[1][29]
    SLICE_X90Y41         LUT4 (Prop_lut4_I1_O)        0.124     3.292 f  core/configuration/arm_due_INST_0_i_71/O
                         net (fo=2, routed)           0.674     3.967    core/configuration/arm_due_INST_0_i_71_n_0
    SLICE_X87Y41         LUT5 (Prop_lut5_I4_O)        0.124     4.091 f  core/configuration/arm_due_INST_0_i_28/O
                         net (fo=1, routed)           0.406     4.497    core/configuration/arm_due_INST_0_i_28_n_0
    SLICE_X87Y42         LUT4 (Prop_lut4_I2_O)        0.124     4.621 r  core/configuration/arm_due_INST_0_i_6/O
                         net (fo=1, routed)           0.661     5.282    core/configuration/compatible10
    SLICE_X86Y42         LUT6 (Prop_lut6_I0_O)        0.124     5.406 r  core/configuration/arm_due_INST_0_i_1/O
                         net (fo=2, routed)           0.668     6.074    core/configuration/arm_due_INST_0_i_1_n_0
    SLICE_X85Y43         LUT5 (Prop_lut5_I0_O)        0.124     6.198 r  core/configuration/arm_due_INST_0/O
                         net (fo=77, routed)          1.054     7.252    core/gate/cold_init
    SLICE_X69Y37         LUT5 (Prop_lut5_I3_O)        0.124     7.376 r  core/gate/last_sequence[63]_i_3/O
                         net (fo=4, routed)           0.505     7.881    core/gate/last_sequence[63]_i_3_n_0
    SLICE_X69Y37         LUT6 (Prop_lut6_I0_O)        0.124     8.005 r  core/gate/permit_at_edge_INST_0_i_49/O
                         net (fo=4, routed)           0.600     8.605    core/gate/permit_at_edge_INST_0_i_49_n_0
    SLICE_X69Y37         LUT6 (Prop_lut6_I5_O)        0.124     8.729 r  core/gate/permit_at_edge_INST_0_i_20/O
                         net (fo=6, routed)           0.610     9.340    core/gate/permit_at_edge_INST_0_i_20_n_0
    SLICE_X70Y36         LUT5 (Prop_lut5_I2_O)        0.124     9.464 f  core/gate/permit_at_edge_INST_0_i_4/O
                         net (fo=6, routed)           0.702    10.165    core/gate/permit_at_edge_INST_0_i_4_n_0
    SLICE_X70Y36         LUT5 (Prop_lut5_I3_O)        0.124    10.289 f  core/gate/permit_at_edge_INST_0/O
                         net (fo=1, routed)           0.488    10.777    core/calendar/skip_permitted
    SLICE_X70Y36         LUT6 (Prop_lut6_I2_O)        0.124    10.901 r  core/calendar/decisions[3]_i_2/O
                         net (fo=4, routed)           0.466    11.367    core/calendar/decide_execute
    SLICE_X68Y35         LUT6 (Prop_lut6_I0_O)        0.124    11.491 r  core/calendar/decisions[1]_i_1/O
                         net (fo=1, routed)           0.000    11.491    core/calendar/decisions[1]_i_1_n_0
    SLICE_X68Y35         FDSE                                         r  core/calendar/decisions_reg[1]/D
  -------------------------------------------------------------------    -------------------

                         (clock mem_clk rise edge)    4.000     4.000 r  
                                                      0.000     4.000 r  mem_clk (IN)
                         net (fo=2865, unset)         1.553     5.553    core/calendar/clk
    SLICE_X68Y35         FDSE                                         r  core/calendar/decisions_reg[1]/C
                         clock pessimism              0.115     5.668    
                         clock uncertainty           -0.543     5.125    
    SLICE_X68Y35         FDSE (Setup_fdse_C_D)        0.031     5.156    core/calendar/decisions_reg[1]
  -------------------------------------------------------------------
                         required time                          5.156    
                         arrival time                         -11.491    
  -------------------------------------------------------------------
                         slack                                 -6.335    

Slack (VIOLATED) :        -6.307ns  (required time - arrival time)
  Source:                 core/configuration/fields_reg[1][29]/C
                            (rising edge-triggered cell FDRE clocked by mem_clk  {rise@0.000ns fall@2.000ns period=4.000ns})
  Destination:            core/calendar/decisions_reg[0]/D
                            (rising edge-triggered cell FDSE clocked by mem_clk  {rise@0.000ns fall@2.000ns period=4.000ns})
  Path Group:             mem_clk
  Path Type:              Setup (Max at Slow Process Corner)
  Requirement:            4.000ns  (mem_clk rise@4.000ns - mem_clk rise@0.000ns)
  Data Path Delay:        9.665ns  (logic 2.006ns (20.756%)  route 7.659ns (79.244%))
  Logic Levels:           12  (LUT4=2 LUT5=5 LUT6=5)
  Clock Path Skew:        -0.131ns (DCD - SCD + CPR)
    Destination Clock Delay (DCD):    1.553ns = ( 5.553 - 4.000 ) 
    Source Clock Delay      (SCD):    1.799ns
    Clock Pessimism Removal (CPR):    0.115ns
  Clock Uncertainty:      0.543ns  ((TSJ^2 + TIJ^2)^1/2 + DJ) / 2 + PE + UU
    Total System Jitter     (TSJ):    0.071ns
    Total Input Jitter      (TIJ):    0.050ns
    Discrete Jitter          (DJ):    0.000ns
    Phase Error              (PE):    0.000ns
    User Uncertainty         (UU):    0.500ns

    Location             Delay type                Incr(ns)  Path(ns)    Netlist Resource(s)
  -------------------------------------------------------------------    -------------------
                         (clock mem_clk rise edge)    0.000     0.000 r  
                                                      0.000     0.000 r  mem_clk (IN)
                         net (fo=2865, unset)         1.799     1.799    core/configuration/clk
    SLICE_X90Y41         FDRE                                         r  core/configuration/fields_reg[1][29]/C
  -------------------------------------------------------------------    -------------------
    SLICE_X90Y41         FDRE (Prop_fdre_C_Q)         0.518     2.317 f  core/configuration/fields_reg[1][29]/Q
                         net (fo=1, routed)           0.851     3.168    core/configuration/fields_reg_n_0_[1][29]
    SLICE_X90Y41         LUT4 (Prop_lut4_I1_O)        0.124     3.292 f  core/configuration/arm_due_INST_0_i_71/O
                         net (fo=2, routed)           0.674     3.967    core/configuration/arm_due_INST_0_i_71_n_0
    SLICE_X87Y41         LUT5 (Prop_lut5_I4_O)        0.124     4.091 f  core/configuration/arm_due_INST_0_i_28/O
                         net (fo=1, routed)           0.406     4.497    core/configuration/arm_due_INST_0_i_28_n_0
    SLICE_X87Y42         LUT4 (Prop_lut4_I2_O)        0.124     4.621 r  core/configuration/arm_due_INST_0_i_6/O
                         net (fo=1, routed)           0.661     5.282    core/configuration/compatible10
    SLICE_X86Y42         LUT6 (Prop_lut6_I0_O)        0.124     5.406 r  core/configuration/arm_due_INST_0_i_1/O
                         net (fo=2, routed)           0.668     6.074    core/configuration/arm_due_INST_0_i_1_n_0
    SLICE_X85Y43         LUT5 (Prop_lut5_I0_O)        0.124     6.198 r  core/configuration/arm_due_INST_0/O
                         net (fo=77, routed)          1.054     7.252    core/gate/cold_init
    SLICE_X69Y37         LUT5 (Prop_lut5_I3_O)        0.124     7.376 r  core/gate/last_sequence[63]_i_3/O
                         net (fo=4, routed)           0.505     7.881    core/gate/last_sequence[63]_i_3_n_0
    SLICE_X69Y37         LUT6 (Prop_lut6_I0_O)        0.124     8.005 r  core/gate/permit_at_edge_INST_0_i_49/O
                         net (fo=4, routed)           0.600     8.605    core/gate/permit_at_edge_INST_0_i_49_n_0
    SLICE_X69Y37         LUT6 (Prop_lut6_I5_O)        0.124     8.729 r  core/gate/permit_at_edge_INST_0_i_20/O
                         net (fo=6, routed)           0.610     9.340    core/gate/permit_at_edge_INST_0_i_20_n_0
    SLICE_X70Y36         LUT5 (Prop_lut5_I2_O)        0.124     9.464 f  core/gate/permit_at_edge_INST_0_i_4/O
                         net (fo=6, routed)           0.702    10.165    core/gate/permit_at_edge_INST_0_i_4_n_0
    SLICE_X70Y36         LUT5 (Prop_lut5_I3_O)        0.124    10.289 f  core/gate/permit_at_edge_INST_0/O
                         net (fo=1, routed)           0.488    10.777    core/calendar/skip_permitted
    SLICE_X70Y36         LUT6 (Prop_lut6_I2_O)        0.124    10.901 r  core/calendar/decisions[3]_i_2/O
                         net (fo=4, routed)           0.439    11.340    core/calendar/decide_execute
    SLICE_X70Y36         LUT6 (Prop_lut6_I0_O)        0.124    11.464 r  core/calendar/decisions[0]_i_1/O
                         net (fo=1, routed)           0.000    11.464    core/calendar/decisions[0]_i_1_n_0
    SLICE_X70Y36         FDSE                                         r  core/calendar/decisions_reg[0]/D
  -------------------------------------------------------------------    -------------------

                         (clock mem_clk rise edge)    4.000     4.000 r  
                                                      0.000     4.000 r  mem_clk (IN)
                         net (fo=2865, unset)         1.553     5.553    core/calendar/clk
    SLICE_X70Y36         FDSE                                         r  core/calendar/decisions_reg[0]/C
                         clock pessimism              0.115     5.668    
                         clock uncertainty           -0.543     5.125    
    SLICE_X70Y36         FDSE (Setup_fdse_C_D)        0.032     5.157    core/calendar/decisions_reg[0]
  -------------------------------------------------------------------
                         required time                          5.157    
                         arrival time                         -11.464    
  -------------------------------------------------------------------
                         slack                                 -6.307    

Slack (VIOLATED) :        -5.901ns  (required time - arrival time)
  Source:                 core/configuration/fields_reg[1][29]/C
                            (rising edge-triggered cell FDRE clocked by mem_clk  {rise@0.000ns fall@2.000ns period=4.000ns})
  Destination:            core/gate/active_expires_reg[48]/CE
                            (rising edge-triggered cell FDRE clocked by mem_clk  {rise@0.000ns fall@2.000ns period=4.000ns})
  Path Group:             mem_clk
  Path Type:              Setup (Max at Slow Process Corner)
  Requirement:            4.000ns  (mem_clk rise@4.000ns - mem_clk rise@0.000ns)
  Data Path Delay:        9.022ns  (logic 1.758ns (19.485%)  route 7.264ns (80.515%))
  Logic Levels:           10  (LUT4=3 LUT5=4 LUT6=3)
  Clock Path Skew:        -0.130ns (DCD - SCD + CPR)
    Destination Clock Delay (DCD):    1.554ns = ( 5.554 - 4.000 ) 
    Source Clock Delay      (SCD):    1.799ns
    Clock Pessimism Removal (CPR):    0.115ns
  Clock Uncertainty:      0.543ns  ((TSJ^2 + TIJ^2)^1/2 + DJ) / 2 + PE + UU
    Total System Jitter     (TSJ):    0.071ns
    Total Input Jitter      (TIJ):    0.050ns
    Discrete Jitter          (DJ):    0.000ns
    Phase Error              (PE):    0.000ns
    User Uncertainty         (UU):    0.500ns

    Location             Delay type                Incr(ns)  Path(ns)    Netlist Resource(s)
  -------------------------------------------------------------------    -------------------
                         (clock mem_clk rise edge)    0.000     0.000 r  
                                                      0.000     0.000 r  mem_clk (IN)
                         net (fo=2865, unset)         1.799     1.799    core/configuration/clk
    SLICE_X90Y41         FDRE                                         r  core/configuration/fields_reg[1][29]/C
  -------------------------------------------------------------------    -------------------
    SLICE_X90Y41         FDRE (Prop_fdre_C_Q)         0.518     2.317 r  core/configuration/fields_reg[1][29]/Q
                         net (fo=1, routed)           0.851     3.168    core/configuration/fields_reg_n_0_[1][29]
    SLICE_X90Y41         LUT4 (Prop_lut4_I1_O)        0.124     3.292 r  core/configuration/arm_due_INST_0_i_71/O
                         net (fo=2, routed)           0.674     3.967    core/configuration/arm_due_INST_0_i_71_n_0
    SLICE_X87Y41         LUT5 (Prop_lut5_I4_O)        0.124     4.091 r  core/configuration/arm_due_INST_0_i_28/O
                         net (fo=1, routed)           0.406     4.497    core/configuration/arm_due_INST_0_i_28_n_0
    SLICE_X87Y42         LUT4 (Prop_lut4_I2_O)        0.124     4.621 f  core/configuration/arm_due_INST_0_i_6/O
                         net (fo=1, routed)           0.661     5.282    core/configuration/compatible10
    SLICE_X86Y42         LUT6 (Prop_lut6_I0_O)        0.124     5.406 f  core/configuration/arm_due_INST_0_i_1/O
                         net (fo=2, routed)           0.668     6.074    core/configuration/arm_due_INST_0_i_1_n_0
    SLICE_X85Y43         LUT5 (Prop_lut5_I0_O)        0.124     6.198 f  core/configuration/arm_due_INST_0/O
                         net (fo=77, routed)          1.054     7.252    core/gate/cold_init
    SLICE_X69Y37         LUT5 (Prop_lut5_I3_O)        0.124     7.376 f  core/gate/last_sequence[63]_i_3/O
                         net (fo=4, routed)           0.505     7.881    core/gate/last_sequence[63]_i_3_n_0
    SLICE_X69Y37         LUT6 (Prop_lut6_I0_O)        0.124     8.005 f  core/gate/permit_at_edge_INST_0_i_49/O
                         net (fo=4, routed)           0.600     8.605    core/gate/permit_at_edge_INST_0_i_49_n_0
    SLICE_X69Y37         LUT6 (Prop_lut6_I5_O)        0.124     8.729 f  core/gate/permit_at_edge_INST_0_i_20/O
                         net (fo=6, routed)           0.610     9.340    core/gate/permit_at_edge_INST_0_i_20_n_0
    SLICE_X70Y36         LUT5 (Prop_lut5_I2_O)        0.124     9.464 r  core/gate/permit_at_edge_INST_0_i_4/O
                         net (fo=6, routed)           0.589    10.052    core/gate/permit_at_edge_INST_0_i_4_n_0
    SLICE_X74Y36         LUT4 (Prop_lut4_I1_O)        0.124    10.176 r  core/gate/active_expires[63]_i_1/O
                         net (fo=64, routed)          0.645    10.821    core/gate/active_expires[0]
    SLICE_X73Y35         FDRE                                         r  core/gate/active_expires_reg[48]/CE
  -------------------------------------------------------------------    -------------------

                         (clock mem_clk rise edge)    4.000     4.000 r  
                                                      0.000     4.000 r  mem_clk (IN)
                         net (fo=2865, unset)         1.554     5.554    core/gate/clk
    SLICE_X73Y35         FDRE                                         r  core/gate/active_expires_reg[48]/C
                         clock pessimism              0.115     5.669    
                         clock uncertainty           -0.543     5.126    
    SLICE_X73Y35         FDRE (Setup_fdre_C_CE)      -0.205     4.921    core/gate/active_expires_reg[48]
  -------------------------------------------------------------------
                         required time                          4.921    
                         arrival time                         -10.821    
  -------------------------------------------------------------------
                         slack                                 -5.901    

Slack (VIOLATED) :        -5.901ns  (required time - arrival time)
  Source:                 core/configuration/fields_reg[1][29]/C
                            (rising edge-triggered cell FDRE clocked by mem_clk  {rise@0.000ns fall@2.000ns period=4.000ns})
  Destination:            core/gate/active_expires_reg[49]/CE
                            (rising edge-triggered cell FDRE clocked by mem_clk  {rise@0.000ns fall@2.000ns period=4.000ns})
  Path Group:             mem_clk
  Path Type:              Setup (Max at Slow Process Corner)
  Requirement:            4.000ns  (mem_clk rise@4.000ns - mem_clk rise@0.000ns)
  Data Path Delay:        9.022ns  (logic 1.758ns (19.485%)  route 7.264ns (80.515%))
  Logic Levels:           10  (LUT4=3 LUT5=4 LUT6=3)
  Clock Path Skew:        -0.130ns (DCD - SCD + CPR)
    Destination Clock Delay (DCD):    1.554ns = ( 5.554 - 4.000 ) 
    Source Clock Delay      (SCD):    1.799ns
    Clock Pessimism Removal (CPR):    0.115ns
  Clock Uncertainty:      0.543ns  ((TSJ^2 + TIJ^2)^1/2 + DJ) / 2 + PE + UU
    Total System Jitter     (TSJ):    0.071ns
    Total Input Jitter      (TIJ):    0.050ns
    Discrete Jitter          (DJ):    0.000ns
    Phase Error              (PE):    0.000ns
    User Uncertainty         (UU):    0.500ns

    Location             Delay type                Incr(ns)  Path(ns)    Netlist Resource(s)
  -------------------------------------------------------------------    -------------------
                         (clock mem_clk rise edge)    0.000     0.000 r  
                                                      0.000     0.000 r  mem_clk (IN)
                         net (fo=2865, unset)         1.799     1.799    core/configuration/clk
    SLICE_X90Y41         FDRE                                         r  core/configuration/fields_reg[1][29]/C
  -------------------------------------------------------------------    -------------------
    SLICE_X90Y41         FDRE (Prop_fdre_C_Q)         0.518     2.317 r  core/configuration/fields_reg[1][29]/Q
                         net (fo=1, routed)           0.851     3.168    core/configuration/fields_reg_n_0_[1][29]
    SLICE_X90Y41         LUT4 (Prop_lut4_I1_O)        0.124     3.292 r  core/configuration/arm_due_INST_0_i_71/O
                         net (fo=2, routed)           0.674     3.967    core/configuration/arm_due_INST_0_i_71_n_0
    SLICE_X87Y41         LUT5 (Prop_lut5_I4_O)        0.124     4.091 r  core/configuration/arm_due_INST_0_i_28/O
                         net (fo=1, routed)           0.406     4.497    core/configuration/arm_due_INST_0_i_28_n_0
    SLICE_X87Y42         LUT4 (Prop_lut4_I2_O)        0.124     4.621 f  core/configuration/arm_due_INST_0_i_6/O
                         net (fo=1, routed)           0.661     5.282    core/configuration/compatible10
    SLICE_X86Y42         LUT6 (Prop_lut6_I0_O)        0.124     5.406 f  core/configuration/arm_due_INST_0_i_1/O
                         net (fo=2, routed)           0.668     6.074    core/configuration/arm_due_INST_0_i_1_n_0
    SLICE_X85Y43         LUT5 (Prop_lut5_I0_O)        0.124     6.198 f  core/configuration/arm_due_INST_0/O
                         net (fo=77, routed)          1.054     7.252    core/gate/cold_init
    SLICE_X69Y37         LUT5 (Prop_lut5_I3_O)        0.124     7.376 f  core/gate/last_sequence[63]_i_3/O
                         net (fo=4, routed)           0.505     7.881    core/gate/last_sequence[63]_i_3_n_0
    SLICE_X69Y37         LUT6 (Prop_lut6_I0_O)        0.124     8.005 f  core/gate/permit_at_edge_INST_0_i_49/O
                         net (fo=4, routed)           0.600     8.605    core/gate/permit_at_edge_INST_0_i_49_n_0
    SLICE_X69Y37         LUT6 (Prop_lut6_I5_O)        0.124     8.729 f  core/gate/permit_at_edge_INST_0_i_20/O
                         net (fo=6, routed)           0.610     9.340    core/gate/permit_at_edge_INST_0_i_20_n_0
    SLICE_X70Y36         LUT5 (Prop_lut5_I2_O)        0.124     9.464 r  core/gate/permit_at_edge_INST_0_i_4/O
                         net (fo=6, routed)           0.589    10.052    core/gate/permit_at_edge_INST_0_i_4_n_0
    SLICE_X74Y36         LUT4 (Prop_lut4_I1_O)        0.124    10.176 r  core/gate/active_expires[63]_i_1/O
                         net (fo=64, routed)          0.645    10.821    core/gate/active_expires[0]
    SLICE_X73Y35         FDRE                                         r  core/gate/active_expires_reg[49]/CE
  -------------------------------------------------------------------    -------------------

                         (clock mem_clk rise edge)    4.000     4.000 r  
                                                      0.000     4.000 r  mem_clk (IN)
                         net (fo=2865, unset)         1.554     5.554    core/gate/clk
    SLICE_X73Y35         FDRE                                         r  core/gate/active_expires_reg[49]/C
                         clock pessimism              0.115     5.669    
                         clock uncertainty           -0.543     5.126    
    SLICE_X73Y35         FDRE (Setup_fdre_C_CE)      -0.205     4.921    core/gate/active_expires_reg[49]
  -------------------------------------------------------------------
                         required time                          4.921    
                         arrival time                         -10.821    
  -------------------------------------------------------------------
                         slack                                 -5.901    

Slack (VIOLATED) :        -5.901ns  (required time - arrival time)
  Source:                 core/configuration/fields_reg[1][29]/C
                            (rising edge-triggered cell FDRE clocked by mem_clk  {rise@0.000ns fall@2.000ns period=4.000ns})
  Destination:            core/gate/active_expires_reg[4]/CE
                            (rising edge-triggered cell FDRE clocked by mem_clk  {rise@0.000ns fall@2.000ns period=4.000ns})
  Path Group:             mem_clk
  Path Type:              Setup (Max at Slow Process Corner)
  Requirement:            4.000ns  (mem_clk rise@4.000ns - mem_clk rise@0.000ns)
  Data Path Delay:        9.022ns  (logic 1.758ns (19.485%)  route 7.264ns (80.515%))
  Logic Levels:           10  (LUT4=3 LUT5=4 LUT6=3)
  Clock Path Skew:        -0.130ns (DCD - SCD + CPR)
    Destination Clock Delay (DCD):    1.554ns = ( 5.554 - 4.000 ) 
    Source Clock Delay      (SCD):    1.799ns
    Clock Pessimism Removal (CPR):    0.115ns
  Clock Uncertainty:      0.543ns  ((TSJ^2 + TIJ^2)^1/2 + DJ) / 2 + PE + UU
    Total System Jitter     (TSJ):    0.071ns
    Total Input Jitter      (TIJ):    0.050ns
    Discrete Jitter          (DJ):    0.000ns
    Phase Error              (PE):    0.000ns
    User Uncertainty         (UU):    0.500ns

    Location             Delay type                Incr(ns)  Path(ns)    Netlist Resource(s)
  -------------------------------------------------------------------    -------------------
                         (clock mem_clk rise edge)    0.000     0.000 r  
                                                      0.000     0.000 r  mem_clk (IN)
                         net (fo=2865, unset)         1.799     1.799    core/configuration/clk
    SLICE_X90Y41         FDRE                                         r  core/configuration/fields_reg[1][29]/C
  -------------------------------------------------------------------    -------------------
    SLICE_X90Y41         FDRE (Prop_fdre_C_Q)         0.518     2.317 r  core/configuration/fields_reg[1][29]/Q
                         net (fo=1, routed)           0.851     3.168    core/configuration/fields_reg_n_0_[1][29]
    SLICE_X90Y41         LUT4 (Prop_lut4_I1_O)        0.124     3.292 r  core/configuration/arm_due_INST_0_i_71/O
                         net (fo=2, routed)           0.674     3.967    core/configuration/arm_due_INST_0_i_71_n_0
    SLICE_X87Y41         LUT5 (Prop_lut5_I4_O)        0.124     4.091 r  core/configuration/arm_due_INST_0_i_28/O
                         net (fo=1, routed)           0.406     4.497    core/configuration/arm_due_INST_0_i_28_n_0
    SLICE_X87Y42         LUT4 (Prop_lut4_I2_O)        0.124     4.621 f  core/configuration/arm_due_INST_0_i_6/O
                         net (fo=1, routed)           0.661     5.282    core/configuration/compatible10
    SLICE_X86Y42         LUT6 (Prop_lut6_I0_O)        0.124     5.406 f  core/configuration/arm_due_INST_0_i_1/O
                         net (fo=2, routed)           0.668     6.074    core/configuration/arm_due_INST_0_i_1_n_0
    SLICE_X85Y43         LUT5 (Prop_lut5_I0_O)        0.124     6.198 f  core/configuration/arm_due_INST_0/O
                         net (fo=77, routed)          1.054     7.252    core/gate/cold_init
    SLICE_X69Y37         LUT5 (Prop_lut5_I3_O)        0.124     7.376 f  core/gate/last_sequence[63]_i_3/O
                         net (fo=4, routed)           0.505     7.881    core/gate/last_sequence[63]_i_3_n_0
    SLICE_X69Y37         LUT6 (Prop_lut6_I0_O)        0.124     8.005 f  core/gate/permit_at_edge_INST_0_i_49/O
                         net (fo=4, routed)           0.600     8.605    core/gate/permit_at_edge_INST_0_i_49_n_0
    SLICE_X69Y37         LUT6 (Prop_lut6_I5_O)        0.124     8.729 f  core/gate/permit_at_edge_INST_0_i_20/O
                         net (fo=6, routed)           0.610     9.340    core/gate/permit_at_edge_INST_0_i_20_n_0
    SLICE_X70Y36         LUT5 (Prop_lut5_I2_O)        0.124     9.464 r  core/gate/permit_at_edge_INST_0_i_4/O
                         net (fo=6, routed)           0.589    10.052    core/gate/permit_at_edge_INST_0_i_4_n_0
    SLICE_X74Y36         LUT4 (Prop_lut4_I1_O)        0.124    10.176 r  core/gate/active_expires[63]_i_1/O
                         net (fo=64, routed)          0.645    10.821    core/gate/active_expires[0]
    SLICE_X73Y35         FDRE                                         r  core/gate/active_expires_reg[4]/CE
  -------------------------------------------------------------------    -------------------

                         (clock mem_clk rise edge)    4.000     4.000 r  
                                                      0.000     4.000 r  mem_clk (IN)
                         net (fo=2865, unset)         1.554     5.554    core/gate/clk
    SLICE_X73Y35         FDRE                                         r  core/gate/active_expires_reg[4]/C
                         clock pessimism              0.115     5.669    
                         clock uncertainty           -0.543     5.126    
    SLICE_X73Y35         FDRE (Setup_fdre_C_CE)      -0.205     4.921    core/gate/active_expires_reg[4]
  -------------------------------------------------------------------
                         required time                          4.921    
                         arrival time                         -10.821    
  -------------------------------------------------------------------
                         slack                                 -5.901    

Slack (VIOLATED) :        -5.901ns  (required time - arrival time)
  Source:                 core/configuration/fields_reg[1][29]/C
                            (rising edge-triggered cell FDRE clocked by mem_clk  {rise@0.000ns fall@2.000ns period=4.000ns})
  Destination:            core/gate/active_expires_reg[51]/CE
                            (rising edge-triggered cell FDRE clocked by mem_clk  {rise@0.000ns fall@2.000ns period=4.000ns})
  Path Group:             mem_clk
  Path Type:              Setup (Max at Slow Process Corner)
  Requirement:            4.000ns  (mem_clk rise@4.000ns - mem_clk rise@0.000ns)
  Data Path Delay:        9.022ns  (logic 1.758ns (19.485%)  route 7.264ns (80.515%))
  Logic Levels:           10  (LUT4=3 LUT5=4 LUT6=3)
  Clock Path Skew:        -0.130ns (DCD - SCD + CPR)
    Destination Clock Delay (DCD):    1.554ns = ( 5.554 - 4.000 ) 
    Source Clock Delay      (SCD):    1.799ns
    Clock Pessimism Removal (CPR):    0.115ns
  Clock Uncertainty:      0.543ns  ((TSJ^2 + TIJ^2)^1/2 + DJ) / 2 + PE + UU
    Total System Jitter     (TSJ):    0.071ns
    Total Input Jitter      (TIJ):    0.050ns
    Discrete Jitter          (DJ):    0.000ns
    Phase Error              (PE):    0.000ns
    User Uncertainty         (UU):    0.500ns

    Location             Delay type                Incr(ns)  Path(ns)    Netlist Resource(s)
  -------------------------------------------------------------------    -------------------
                         (clock mem_clk rise edge)    0.000     0.000 r  
                                                      0.000     0.000 r  mem_clk (IN)
                         net (fo=2865, unset)         1.799     1.799    core/configuration/clk
    SLICE_X90Y41         FDRE                                         r  core/configuration/fields_reg[1][29]/C
  -------------------------------------------------------------------    -------------------
    SLICE_X90Y41         FDRE (Prop_fdre_C_Q)         0.518     2.317 r  core/configuration/fields_reg[1][29]/Q
                         net (fo=1, routed)           0.851     3.168    core/configuration/fields_reg_n_0_[1][29]
    SLICE_X90Y41         LUT4 (Prop_lut4_I1_O)        0.124     3.292 r  core/configuration/arm_due_INST_0_i_71/O
                         net (fo=2, routed)           0.674     3.967    core/configuration/arm_due_INST_0_i_71_n_0
    SLICE_X87Y41         LUT5 (Prop_lut5_I4_O)        0.124     4.091 r  core/configuration/arm_due_INST_0_i_28/O
                         net (fo=1, routed)           0.406     4.497    core/configuration/arm_due_INST_0_i_28_n_0
    SLICE_X87Y42         LUT4 (Prop_lut4_I2_O)        0.124     4.621 f  core/configuration/arm_due_INST_0_i_6/O
                         net (fo=1, routed)           0.661     5.282    core/configuration/compatible10
    SLICE_X86Y42         LUT6 (Prop_lut6_I0_O)        0.124     5.406 f  core/configuration/arm_due_INST_0_i_1/O
                         net (fo=2, routed)           0.668     6.074    core/configuration/arm_due_INST_0_i_1_n_0
    SLICE_X85Y43         LUT5 (Prop_lut5_I0_O)        0.124     6.198 f  core/configuration/arm_due_INST_0/O
                         net (fo=77, routed)          1.054     7.252    core/gate/cold_init
    SLICE_X69Y37         LUT5 (Prop_lut5_I3_O)        0.124     7.376 f  core/gate/last_sequence[63]_i_3/O
                         net (fo=4, routed)           0.505     7.881    core/gate/last_sequence[63]_i_3_n_0
    SLICE_X69Y37         LUT6 (Prop_lut6_I0_O)        0.124     8.005 f  core/gate/permit_at_edge_INST_0_i_49/O
                         net (fo=4, routed)           0.600     8.605    core/gate/permit_at_edge_INST_0_i_49_n_0
    SLICE_X69Y37         LUT6 (Prop_lut6_I5_O)        0.124     8.729 f  core/gate/permit_at_edge_INST_0_i_20/O
                         net (fo=6, routed)           0.610     9.340    core/gate/permit_at_edge_INST_0_i_20_n_0
    SLICE_X70Y36         LUT5 (Prop_lut5_I2_O)        0.124     9.464 r  core/gate/permit_at_edge_INST_0_i_4/O
                         net (fo=6, routed)           0.589    10.052    core/gate/permit_at_edge_INST_0_i_4_n_0
    SLICE_X74Y36         LUT4 (Prop_lut4_I1_O)        0.124    10.176 r  core/gate/active_expires[63]_i_1/O
                         net (fo=64, routed)          0.645    10.821    core/gate/active_expires[0]
    SLICE_X72Y35         FDRE                                         r  core/gate/active_expires_reg[51]/CE
  -------------------------------------------------------------------    -------------------

                         (clock mem_clk rise edge)    4.000     4.000 r  
                                                      0.000     4.000 r  mem_clk (IN)
                         net (fo=2865, unset)         1.554     5.554    core/gate/clk
    SLICE_X72Y35         FDRE                                         r  core/gate/active_expires_reg[51]/C
                         clock pessimism              0.115     5.669    
                         clock uncertainty           -0.543     5.126    
    SLICE_X72Y35         FDRE (Setup_fdre_C_CE)      -0.205     4.921    core/gate/active_expires_reg[51]
  -------------------------------------------------------------------
                         required time                          4.921    
                         arrival time                         -10.821    
  -------------------------------------------------------------------
                         slack                                 -5.901    

Slack (VIOLATED) :        -5.901ns  (required time - arrival time)
  Source:                 core/configuration/fields_reg[1][29]/C
                            (rising edge-triggered cell FDRE clocked by mem_clk  {rise@0.000ns fall@2.000ns period=4.000ns})
  Destination:            core/gate/active_expires_reg[52]/CE
                            (rising edge-triggered cell FDRE clocked by mem_clk  {rise@0.000ns fall@2.000ns period=4.000ns})
  Path Group:             mem_clk
  Path Type:              Setup (Max at Slow Process Corner)
  Requirement:            4.000ns  (mem_clk rise@4.000ns - mem_clk rise@0.000ns)
  Data Path Delay:        9.022ns  (logic 1.758ns (19.485%)  route 7.264ns (80.515%))
  Logic Levels:           10  (LUT4=3 LUT5=4 LUT6=3)
  Clock Path Skew:        -0.130ns (DCD - SCD + CPR)
    Destination Clock Delay (DCD):    1.554ns = ( 5.554 - 4.000 ) 
    Source Clock Delay      (SCD):    1.799ns
    Clock Pessimism Removal (CPR):    0.115ns
  Clock Uncertainty:      0.543ns  ((TSJ^2 + TIJ^2)^1/2 + DJ) / 2 + PE + UU
    Total System Jitter     (TSJ):    0.071ns
    Total Input Jitter      (TIJ):    0.050ns
    Discrete Jitter          (DJ):    0.000ns
    Phase Error              (PE):    0.000ns
    User Uncertainty         (UU):    0.500ns

    Location             Delay type                Incr(ns)  Path(ns)    Netlist Resource(s)
  -------------------------------------------------------------------    -------------------
                         (clock mem_clk rise edge)    0.000     0.000 r  
                                                      0.000     0.000 r  mem_clk (IN)
                         net (fo=2865, unset)         1.799     1.799    core/configuration/clk
    SLICE_X90Y41         FDRE                                         r  core/configuration/fields_reg[1][29]/C
  -------------------------------------------------------------------    -------------------
    SLICE_X90Y41         FDRE (Prop_fdre_C_Q)         0.518     2.317 r  core/configuration/fields_reg[1][29]/Q
                         net (fo=1, routed)           0.851     3.168    core/configuration/fields_reg_n_0_[1][29]
    SLICE_X90Y41         LUT4 (Prop_lut4_I1_O)        0.124     3.292 r  core/configuration/arm_due_INST_0_i_71/O
                         net (fo=2, routed)           0.674     3.967    core/configuration/arm_due_INST_0_i_71_n_0
    SLICE_X87Y41         LUT5 (Prop_lut5_I4_O)        0.124     4.091 r  core/configuration/arm_due_INST_0_i_28/O
                         net (fo=1, routed)           0.406     4.497    core/configuration/arm_due_INST_0_i_28_n_0
    SLICE_X87Y42         LUT4 (Prop_lut4_I2_O)        0.124     4.621 f  core/configuration/arm_due_INST_0_i_6/O
                         net (fo=1, routed)           0.661     5.282    core/configuration/compatible10
    SLICE_X86Y42         LUT6 (Prop_lut6_I0_O)        0.124     5.406 f  core/configuration/arm_due_INST_0_i_1/O
                         net (fo=2, routed)           0.668     6.074    core/configuration/arm_due_INST_0_i_1_n_0
    SLICE_X85Y43         LUT5 (Prop_lut5_I0_O)        0.124     6.198 f  core/configuration/arm_due_INST_0/O
                         net (fo=77, routed)          1.054     7.252    core/gate/cold_init
    SLICE_X69Y37         LUT5 (Prop_lut5_I3_O)        0.124     7.376 f  core/gate/last_sequence[63]_i_3/O
                         net (fo=4, routed)           0.505     7.881    core/gate/last_sequence[63]_i_3_n_0
    SLICE_X69Y37         LUT6 (Prop_lut6_I0_O)        0.124     8.005 f  core/gate/permit_at_edge_INST_0_i_49/O
                         net (fo=4, routed)           0.600     8.605    core/gate/permit_at_edge_INST_0_i_49_n_0
    SLICE_X69Y37         LUT6 (Prop_lut6_I5_O)        0.124     8.729 f  core/gate/permit_at_edge_INST_0_i_20/O
                         net (fo=6, routed)           0.610     9.340    core/gate/permit_at_edge_INST_0_i_20_n_0
    SLICE_X70Y36         LUT5 (Prop_lut5_I2_O)        0.124     9.464 r  core/gate/permit_at_edge_INST_0_i_4/O
                         net (fo=6, routed)           0.589    10.052    core/gate/permit_at_edge_INST_0_i_4_n_0
    SLICE_X74Y36         LUT4 (Prop_lut4_I1_O)        0.124    10.176 r  core/gate/active_expires[63]_i_1/O
                         net (fo=64, routed)          0.645    10.821    core/gate/active_expires[0]
    SLICE_X72Y35         FDRE                                         r  core/gate/active_expires_reg[52]/CE
  -------------------------------------------------------------------    -------------------

                         (clock mem_clk rise edge)    4.000     4.000 r  
                                                      0.000     4.000 r  mem_clk (IN)
                         net (fo=2865, unset)         1.554     5.554    core/gate/clk
    SLICE_X72Y35         FDRE                                         r  core/gate/active_expires_reg[52]/C
                         clock pessimism              0.115     5.669    
                         clock uncertainty           -0.543     5.126    
    SLICE_X72Y35         FDRE (Setup_fdre_C_CE)      -0.205     4.921    core/gate/active_expires_reg[52]
  -------------------------------------------------------------------
                         required time                          4.921    
                         arrival time                         -10.821    
  -------------------------------------------------------------------
                         slack                                 -5.901    

Slack (VIOLATED) :        -5.901ns  (required time - arrival time)
  Source:                 core/configuration/fields_reg[1][29]/C
                            (rising edge-triggered cell FDRE clocked by mem_clk  {rise@0.000ns fall@2.000ns period=4.000ns})
  Destination:            core/gate/active_expires_reg[55]/CE
                            (rising edge-triggered cell FDRE clocked by mem_clk  {rise@0.000ns fall@2.000ns period=4.000ns})
  Path Group:             mem_clk
  Path Type:              Setup (Max at Slow Process Corner)
  Requirement:            4.000ns  (mem_clk rise@4.000ns - mem_clk rise@0.000ns)
  Data Path Delay:        9.022ns  (logic 1.758ns (19.485%)  route 7.264ns (80.515%))
  Logic Levels:           10  (LUT4=3 LUT5=4 LUT6=3)
  Clock Path Skew:        -0.130ns (DCD - SCD + CPR)
    Destination Clock Delay (DCD):    1.554ns = ( 5.554 - 4.000 ) 
    Source Clock Delay      (SCD):    1.799ns
    Clock Pessimism Removal (CPR):    0.115ns
  Clock Uncertainty:      0.543ns  ((TSJ^2 + TIJ^2)^1/2 + DJ) / 2 + PE + UU
    Total System Jitter     (TSJ):    0.071ns
    Total Input Jitter      (TIJ):    0.050ns
    Discrete Jitter          (DJ):    0.000ns
    Phase Error              (PE):    0.000ns
    User Uncertainty         (UU):    0.500ns

    Location             Delay type                Incr(ns)  Path(ns)    Netlist Resource(s)
  -------------------------------------------------------------------    -------------------
                         (clock mem_clk rise edge)    0.000     0.000 r  
                                                      0.000     0.000 r  mem_clk (IN)
                         net (fo=2865, unset)         1.799     1.799    core/configuration/clk
    SLICE_X90Y41         FDRE                                         r  core/configuration/fields_reg[1][29]/C
  -------------------------------------------------------------------    -------------------
    SLICE_X90Y41         FDRE (Prop_fdre_C_Q)         0.518     2.317 r  core/configuration/fields_reg[1][29]/Q
                         net (fo=1, routed)           0.851     3.168    core/configuration/fields_reg_n_0_[1][29]
    SLICE_X90Y41         LUT4 (Prop_lut4_I1_O)        0.124     3.292 r  core/configuration/arm_due_INST_0_i_71/O
                         net (fo=2, routed)           0.674     3.967    core/configuration/arm_due_INST_0_i_71_n_0
    SLICE_X87Y41         LUT5 (Prop_lut5_I4_O)        0.124     4.091 r  core/configuration/arm_due_INST_0_i_28/O
                         net (fo=1, routed)           0.406     4.497    core/configuration/arm_due_INST_0_i_28_n_0
    SLICE_X87Y42         LUT4 (Prop_lut4_I2_O)        0.124     4.621 f  core/configuration/arm_due_INST_0_i_6/O
                         net (fo=1, routed)           0.661     5.282    core/configuration/compatible10
    SLICE_X86Y42         LUT6 (Prop_lut6_I0_O)        0.124     5.406 f  core/configuration/arm_due_INST_0_i_1/O
                         net (fo=2, routed)           0.668     6.074    core/configuration/arm_due_INST_0_i_1_n_0
    SLICE_X85Y43         LUT5 (Prop_lut5_I0_O)        0.124     6.198 f  core/configuration/arm_due_INST_0/O
                         net (fo=77, routed)          1.054     7.252    core/gate/cold_init
    SLICE_X69Y37         LUT5 (Prop_lut5_I3_O)        0.124     7.376 f  core/gate/last_sequence[63]_i_3/O
                         net (fo=4, routed)           0.505     7.881    core/gate/last_sequence[63]_i_3_n_0
    SLICE_X69Y37         LUT6 (Prop_lut6_I0_O)        0.124     8.005 f  core/gate/permit_at_edge_INST_0_i_49/O
                         net (fo=4, routed)           0.600     8.605    core/gate/permit_at_edge_INST_0_i_49_n_0
    SLICE_X69Y37         LUT6 (Prop_lut6_I5_O)        0.124     8.729 f  core/gate/permit_at_edge_INST_0_i_20/O
                         net (fo=6, routed)           0.610     9.340    core/gate/permit_at_edge_INST_0_i_20_n_0
    SLICE_X70Y36         LUT5 (Prop_lut5_I2_O)        0.124     9.464 r  core/gate/permit_at_edge_INST_0_i_4/O
                         net (fo=6, routed)           0.589    10.052    core/gate/permit_at_edge_INST_0_i_4_n_0
    SLICE_X74Y36         LUT4 (Prop_lut4_I1_O)        0.124    10.176 r  core/gate/active_expires[63]_i_1/O
                         net (fo=64, routed)          0.645    10.821    core/gate/active_expires[0]
    SLICE_X72Y35         FDRE                                         r  core/gate/active_expires_reg[55]/CE
  -------------------------------------------------------------------    -------------------

                         (clock mem_clk rise edge)    4.000     4.000 r  
                                                      0.000     4.000 r  mem_clk (IN)
                         net (fo=2865, unset)         1.554     5.554    core/gate/clk
    SLICE_X72Y35         FDRE                                         r  core/gate/active_expires_reg[55]/C
                         clock pessimism              0.115     5.669    
                         clock uncertainty           -0.543     5.126    
    SLICE_X72Y35         FDRE (Setup_fdre_C_CE)      -0.205     4.921    core/gate/active_expires_reg[55]
  -------------------------------------------------------------------
                         required time                          4.921    
                         arrival time                         -10.821    
  -------------------------------------------------------------------
                         slack                                 -5.901    




