Copyright 1986-2022 Xilinx, Inc. All Rights Reserved. Copyright 2022-2025 Advanced Micro Devices, Inc. All Rights Reserved.
-------------------------------------------------------------------------------------------------------------------------------------------------------
| Tool Version : Vivado v.2025.2 (lin64) Build 6299465 Fri Nov 14 12:34:56 MST 2025
| Date         : Thu Oct  8 22:06:08 2026
| Host         : kompik running 64-bit Ubuntu 26.04 LTS
| Command      : report_timing -from [get_clocks mem_clk] -to [get_clocks mem_clk] -max_paths 10 -path_type full_clock_expanded -file memory_paths.rpt
| Design       : executor
| Device       : 7z020-clg484
| Speed File   : -2  PRODUCTION 1.12 2019-11-22
| Design State : Routed
-------------------------------------------------------------------------------------------------------------------------------------------------------

Timing Report

Slack (VIOLATED) :        -4.582ns  (required time - arrival time)
  Source:                 core/next_offer_reg[9]/C
                            (rising edge-triggered cell FDRE clocked by mem_clk  {rise@0.000ns fall@2.000ns period=4.000ns})
  Destination:            core/gate/shadow_deadline_reg[20]/CE
                            (rising edge-triggered cell FDRE clocked by mem_clk  {rise@0.000ns fall@2.000ns period=4.000ns})
  Path Group:             mem_clk
  Path Type:              Setup (Max at Slow Process Corner)
  Requirement:            4.000ns  (mem_clk rise@4.000ns - mem_clk rise@0.000ns)
  Data Path Delay:        7.786ns  (logic 2.617ns (33.614%)  route 5.169ns (66.386%))
  Logic Levels:           16  (CARRY4=8 LUT3=2 LUT4=2 LUT5=2 LUT6=2)
  Clock Path Skew:        -0.117ns (DCD - SCD + CPR)
    Destination Clock Delay (DCD):    1.304ns = ( 5.304 - 4.000 ) 
    Source Clock Delay      (SCD):    1.421ns
    Clock Pessimism Removal (CPR):    0.000ns
  Clock Uncertainty:      0.543ns  ((TSJ^2 + TIJ^2)^1/2 + DJ) / 2 + PE + UU
    Total System Jitter     (TSJ):    0.071ns
    Total Input Jitter      (TIJ):    0.050ns
    Discrete Jitter          (DJ):    0.000ns
    Phase Error              (PE):    0.000ns
    User Uncertainty         (UU):    0.500ns

    Location             Delay type                Incr(ns)  Path(ns)    Netlist Resource(s)
  -------------------------------------------------------------------    -------------------
                         (clock mem_clk rise edge)    0.000     0.000 r  
                                                      0.000     0.000 r  mem_clk (IN)
                         net (fo=2481, unset)         1.421     1.421    core/clk
    SLICE_X30Y66         FDRE                                         r  core/next_offer_reg[9]/C
  -------------------------------------------------------------------    -------------------
    SLICE_X30Y66         FDRE (Prop_fdre_C_Q)         0.398     1.819 r  core/next_offer_reg[9]/Q
                         net (fo=4, routed)           0.752     2.571    core/next_offer[9]
    SLICE_X34Y66         LUT4 (Prop_lut4_I1_O)        0.232     2.803 r  core/gate_i_142/O
                         net (fo=1, routed)           0.000     2.803    core/gate_i_142_n_0
    SLICE_X34Y66         CARRY4 (Prop_carry4_S[3]_CO[3])
                                                      0.314     3.117 r  core/gate_i_129/CO[3]
                         net (fo=1, routed)           0.000     3.117    core/gate_i_129_n_0
    SLICE_X34Y67         CARRY4 (Prop_carry4_CI_CO[3])
                                                      0.100     3.217 r  core/gate_i_112/CO[3]
                         net (fo=1, routed)           0.000     3.217    core/gate_i_112_n_0
    SLICE_X34Y68         CARRY4 (Prop_carry4_CI_CO[3])
                                                      0.100     3.317 r  core/gate_i_94/CO[3]
                         net (fo=1, routed)           0.000     3.317    core/gate_i_94_n_0
    SLICE_X34Y69         CARRY4 (Prop_carry4_CI_CO[3])
                                                      0.100     3.417 r  core/gate_i_76/CO[3]
                         net (fo=1, routed)           0.000     3.417    core/gate_i_76_n_0
    SLICE_X34Y70         CARRY4 (Prop_carry4_CI_CO[3])
                                                      0.100     3.517 r  core/gate_i_58/CO[3]
                         net (fo=1, routed)           0.000     3.517    core/gate_i_58_n_0
    SLICE_X34Y71         CARRY4 (Prop_carry4_CI_CO[3])
                                                      0.100     3.617 r  core/gate_i_40/CO[3]
                         net (fo=1, routed)           0.000     3.617    core/gate_i_40_n_0
    SLICE_X34Y72         CARRY4 (Prop_carry4_CI_CO[3])
                                                      0.100     3.717 r  core/gate_i_24/CO[3]
                         net (fo=1, routed)           0.000     3.717    core/gate_i_24_n_0
    SLICE_X34Y73         CARRY4 (Prop_carry4_CI_CO[2])
                                                      0.191     3.908 f  core/gate_i_14/CO[2]
                         net (fo=2, routed)           0.635     4.542    core/close01
    SLICE_X45Y72         LUT3 (Prop_lut3_I1_O)        0.252     4.794 f  core/gate_i_6/O
                         net (fo=2, routed)           0.127     4.921    core/p_14_in
    SLICE_X45Y72         LUT6 (Prop_lut6_I0_O)        0.105     5.026 f  core/gate_i_4/O
                         net (fo=1, routed)           0.716     5.742    core/gate_i_4_n_0
    SLICE_X53Y65         LUT6 (Prop_lut6_I5_O)        0.105     5.847 f  core/gate_i_1/O
                         net (fo=2, routed)           0.124     5.970    core/gate/loss
    SLICE_X53Y65         LUT5 (Prop_lut5_I3_O)        0.105     6.075 f  core/gate/command_accepted_i_2/O
                         net (fo=2, routed)           0.412     6.487    core/gate/command_accepted_i_2_n_0
    SLICE_X53Y65         LUT3 (Prop_lut3_I0_O)        0.105     6.592 f  core/gate/permit_at_edge_INST_0_i_4/O
                         net (fo=5, routed)           0.894     7.486    core/gate/permit_at_edge_INST_0_i_4_n_0
    SLICE_X61Y57         LUT5 (Prop_lut5_I0_O)        0.105     7.591 r  core/gate/revoked_valid_i_2/O
                         net (fo=6, routed)           0.592     8.183    core/gate/revoked_valid_i_2_n_0
    SLICE_X61Y57         LUT4 (Prop_lut4_I1_O)        0.105     8.288 r  core/gate/shadow_deadline[63]_i_1/O
                         net (fo=254, routed)         0.919     9.207    core/gate/shadow_not_before[0]
    SLICE_X62Y49         FDRE                                         r  core/gate/shadow_deadline_reg[20]/CE
  -------------------------------------------------------------------    -------------------

                         (clock mem_clk rise edge)    4.000     4.000 r  
                                                      0.000     4.000 r  mem_clk (IN)
                         net (fo=2481, unset)         1.304     5.304    core/gate/clk
    SLICE_X62Y49         FDRE                                         r  core/gate/shadow_deadline_reg[20]/C
                         clock pessimism              0.000     5.304    
                         clock uncertainty           -0.543     4.761    
    SLICE_X62Y49         FDRE (Setup_fdre_C_CE)      -0.136     4.625    core/gate/shadow_deadline_reg[20]
  -------------------------------------------------------------------
                         required time                          4.625    
                         arrival time                          -9.207    
  -------------------------------------------------------------------
                         slack                                 -4.582    

Slack (VIOLATED) :        -4.582ns  (required time - arrival time)
  Source:                 core/next_offer_reg[9]/C
                            (rising edge-triggered cell FDRE clocked by mem_clk  {rise@0.000ns fall@2.000ns period=4.000ns})
  Destination:            core/gate/shadow_deadline_reg[21]/CE
                            (rising edge-triggered cell FDRE clocked by mem_clk  {rise@0.000ns fall@2.000ns period=4.000ns})
  Path Group:             mem_clk
  Path Type:              Setup (Max at Slow Process Corner)
  Requirement:            4.000ns  (mem_clk rise@4.000ns - mem_clk rise@0.000ns)
  Data Path Delay:        7.786ns  (logic 2.617ns (33.614%)  route 5.169ns (66.386%))
  Logic Levels:           16  (CARRY4=8 LUT3=2 LUT4=2 LUT5=2 LUT6=2)
  Clock Path Skew:        -0.117ns (DCD - SCD + CPR)
    Destination Clock Delay (DCD):    1.304ns = ( 5.304 - 4.000 ) 
    Source Clock Delay      (SCD):    1.421ns
    Clock Pessimism Removal (CPR):    0.000ns
  Clock Uncertainty:      0.543ns  ((TSJ^2 + TIJ^2)^1/2 + DJ) / 2 + PE + UU
    Total System Jitter     (TSJ):    0.071ns
    Total Input Jitter      (TIJ):    0.050ns
    Discrete Jitter          (DJ):    0.000ns
    Phase Error              (PE):    0.000ns
    User Uncertainty         (UU):    0.500ns

    Location             Delay type                Incr(ns)  Path(ns)    Netlist Resource(s)
  -------------------------------------------------------------------    -------------------
                         (clock mem_clk rise edge)    0.000     0.000 r  
                                                      0.000     0.000 r  mem_clk (IN)
                         net (fo=2481, unset)         1.421     1.421    core/clk
    SLICE_X30Y66         FDRE                                         r  core/next_offer_reg[9]/C
  -------------------------------------------------------------------    -------------------
    SLICE_X30Y66         FDRE (Prop_fdre_C_Q)         0.398     1.819 r  core/next_offer_reg[9]/Q
                         net (fo=4, routed)           0.752     2.571    core/next_offer[9]
    SLICE_X34Y66         LUT4 (Prop_lut4_I1_O)        0.232     2.803 r  core/gate_i_142/O
                         net (fo=1, routed)           0.000     2.803    core/gate_i_142_n_0
    SLICE_X34Y66         CARRY4 (Prop_carry4_S[3]_CO[3])
                                                      0.314     3.117 r  core/gate_i_129/CO[3]
                         net (fo=1, routed)           0.000     3.117    core/gate_i_129_n_0
    SLICE_X34Y67         CARRY4 (Prop_carry4_CI_CO[3])
                                                      0.100     3.217 r  core/gate_i_112/CO[3]
                         net (fo=1, routed)           0.000     3.217    core/gate_i_112_n_0
    SLICE_X34Y68         CARRY4 (Prop_carry4_CI_CO[3])
                                                      0.100     3.317 r  core/gate_i_94/CO[3]
                         net (fo=1, routed)           0.000     3.317    core/gate_i_94_n_0
    SLICE_X34Y69         CARRY4 (Prop_carry4_CI_CO[3])
                                                      0.100     3.417 r  core/gate_i_76/CO[3]
                         net (fo=1, routed)           0.000     3.417    core/gate_i_76_n_0
    SLICE_X34Y70         CARRY4 (Prop_carry4_CI_CO[3])
                                                      0.100     3.517 r  core/gate_i_58/CO[3]
                         net (fo=1, routed)           0.000     3.517    core/gate_i_58_n_0
    SLICE_X34Y71         CARRY4 (Prop_carry4_CI_CO[3])
                                                      0.100     3.617 r  core/gate_i_40/CO[3]
                         net (fo=1, routed)           0.000     3.617    core/gate_i_40_n_0
    SLICE_X34Y72         CARRY4 (Prop_carry4_CI_CO[3])
                                                      0.100     3.717 r  core/gate_i_24/CO[3]
                         net (fo=1, routed)           0.000     3.717    core/gate_i_24_n_0
    SLICE_X34Y73         CARRY4 (Prop_carry4_CI_CO[2])
                                                      0.191     3.908 f  core/gate_i_14/CO[2]
                         net (fo=2, routed)           0.635     4.542    core/close01
    SLICE_X45Y72         LUT3 (Prop_lut3_I1_O)        0.252     4.794 f  core/gate_i_6/O
                         net (fo=2, routed)           0.127     4.921    core/p_14_in
    SLICE_X45Y72         LUT6 (Prop_lut6_I0_O)        0.105     5.026 f  core/gate_i_4/O
                         net (fo=1, routed)           0.716     5.742    core/gate_i_4_n_0
    SLICE_X53Y65         LUT6 (Prop_lut6_I5_O)        0.105     5.847 f  core/gate_i_1/O
                         net (fo=2, routed)           0.124     5.970    core/gate/loss
    SLICE_X53Y65         LUT5 (Prop_lut5_I3_O)        0.105     6.075 f  core/gate/command_accepted_i_2/O
                         net (fo=2, routed)           0.412     6.487    core/gate/command_accepted_i_2_n_0
    SLICE_X53Y65         LUT3 (Prop_lut3_I0_O)        0.105     6.592 f  core/gate/permit_at_edge_INST_0_i_4/O
                         net (fo=5, routed)           0.894     7.486    core/gate/permit_at_edge_INST_0_i_4_n_0
    SLICE_X61Y57         LUT5 (Prop_lut5_I0_O)        0.105     7.591 r  core/gate/revoked_valid_i_2/O
                         net (fo=6, routed)           0.592     8.183    core/gate/revoked_valid_i_2_n_0
    SLICE_X61Y57         LUT4 (Prop_lut4_I1_O)        0.105     8.288 r  core/gate/shadow_deadline[63]_i_1/O
                         net (fo=254, routed)         0.919     9.207    core/gate/shadow_not_before[0]
    SLICE_X62Y49         FDRE                                         r  core/gate/shadow_deadline_reg[21]/CE
  -------------------------------------------------------------------    -------------------

                         (clock mem_clk rise edge)    4.000     4.000 r  
                                                      0.000     4.000 r  mem_clk (IN)
                         net (fo=2481, unset)         1.304     5.304    core/gate/clk
    SLICE_X62Y49         FDRE                                         r  core/gate/shadow_deadline_reg[21]/C
                         clock pessimism              0.000     5.304    
                         clock uncertainty           -0.543     4.761    
    SLICE_X62Y49         FDRE (Setup_fdre_C_CE)      -0.136     4.625    core/gate/shadow_deadline_reg[21]
  -------------------------------------------------------------------
                         required time                          4.625    
                         arrival time                          -9.207    
  -------------------------------------------------------------------
                         slack                                 -4.582    

Slack (VIOLATED) :        -4.582ns  (required time - arrival time)
  Source:                 core/next_offer_reg[9]/C
                            (rising edge-triggered cell FDRE clocked by mem_clk  {rise@0.000ns fall@2.000ns period=4.000ns})
  Destination:            core/gate/shadow_deadline_reg[22]/CE
                            (rising edge-triggered cell FDRE clocked by mem_clk  {rise@0.000ns fall@2.000ns period=4.000ns})
  Path Group:             mem_clk
  Path Type:              Setup (Max at Slow Process Corner)
  Requirement:            4.000ns  (mem_clk rise@4.000ns - mem_clk rise@0.000ns)
  Data Path Delay:        7.786ns  (logic 2.617ns (33.614%)  route 5.169ns (66.386%))
  Logic Levels:           16  (CARRY4=8 LUT3=2 LUT4=2 LUT5=2 LUT6=2)
  Clock Path Skew:        -0.117ns (DCD - SCD + CPR)
    Destination Clock Delay (DCD):    1.304ns = ( 5.304 - 4.000 ) 
    Source Clock Delay      (SCD):    1.421ns
    Clock Pessimism Removal (CPR):    0.000ns
  Clock Uncertainty:      0.543ns  ((TSJ^2 + TIJ^2)^1/2 + DJ) / 2 + PE + UU
    Total System Jitter     (TSJ):    0.071ns
    Total Input Jitter      (TIJ):    0.050ns
    Discrete Jitter          (DJ):    0.000ns
    Phase Error              (PE):    0.000ns
    User Uncertainty         (UU):    0.500ns

    Location             Delay type                Incr(ns)  Path(ns)    Netlist Resource(s)
  -------------------------------------------------------------------    -------------------
                         (clock mem_clk rise edge)    0.000     0.000 r  
                                                      0.000     0.000 r  mem_clk (IN)
                         net (fo=2481, unset)         1.421     1.421    core/clk
    SLICE_X30Y66         FDRE                                         r  core/next_offer_reg[9]/C
  -------------------------------------------------------------------    -------------------
    SLICE_X30Y66         FDRE (Prop_fdre_C_Q)         0.398     1.819 r  core/next_offer_reg[9]/Q
                         net (fo=4, routed)           0.752     2.571    core/next_offer[9]
    SLICE_X34Y66         LUT4 (Prop_lut4_I1_O)        0.232     2.803 r  core/gate_i_142/O
                         net (fo=1, routed)           0.000     2.803    core/gate_i_142_n_0
    SLICE_X34Y66         CARRY4 (Prop_carry4_S[3]_CO[3])
                                                      0.314     3.117 r  core/gate_i_129/CO[3]
                         net (fo=1, routed)           0.000     3.117    core/gate_i_129_n_0
    SLICE_X34Y67         CARRY4 (Prop_carry4_CI_CO[3])
                                                      0.100     3.217 r  core/gate_i_112/CO[3]
                         net (fo=1, routed)           0.000     3.217    core/gate_i_112_n_0
    SLICE_X34Y68         CARRY4 (Prop_carry4_CI_CO[3])
                                                      0.100     3.317 r  core/gate_i_94/CO[3]
                         net (fo=1, routed)           0.000     3.317    core/gate_i_94_n_0
    SLICE_X34Y69         CARRY4 (Prop_carry4_CI_CO[3])
                                                      0.100     3.417 r  core/gate_i_76/CO[3]
                         net (fo=1, routed)           0.000     3.417    core/gate_i_76_n_0
    SLICE_X34Y70         CARRY4 (Prop_carry4_CI_CO[3])
                                                      0.100     3.517 r  core/gate_i_58/CO[3]
                         net (fo=1, routed)           0.000     3.517    core/gate_i_58_n_0
    SLICE_X34Y71         CARRY4 (Prop_carry4_CI_CO[3])
                                                      0.100     3.617 r  core/gate_i_40/CO[3]
                         net (fo=1, routed)           0.000     3.617    core/gate_i_40_n_0
    SLICE_X34Y72         CARRY4 (Prop_carry4_CI_CO[3])
                                                      0.100     3.717 r  core/gate_i_24/CO[3]
                         net (fo=1, routed)           0.000     3.717    core/gate_i_24_n_0
    SLICE_X34Y73         CARRY4 (Prop_carry4_CI_CO[2])
                                                      0.191     3.908 f  core/gate_i_14/CO[2]
                         net (fo=2, routed)           0.635     4.542    core/close01
    SLICE_X45Y72         LUT3 (Prop_lut3_I1_O)        0.252     4.794 f  core/gate_i_6/O
                         net (fo=2, routed)           0.127     4.921    core/p_14_in
    SLICE_X45Y72         LUT6 (Prop_lut6_I0_O)        0.105     5.026 f  core/gate_i_4/O
                         net (fo=1, routed)           0.716     5.742    core/gate_i_4_n_0
    SLICE_X53Y65         LUT6 (Prop_lut6_I5_O)        0.105     5.847 f  core/gate_i_1/O
                         net (fo=2, routed)           0.124     5.970    core/gate/loss
    SLICE_X53Y65         LUT5 (Prop_lut5_I3_O)        0.105     6.075 f  core/gate/command_accepted_i_2/O
                         net (fo=2, routed)           0.412     6.487    core/gate/command_accepted_i_2_n_0
    SLICE_X53Y65         LUT3 (Prop_lut3_I0_O)        0.105     6.592 f  core/gate/permit_at_edge_INST_0_i_4/O
                         net (fo=5, routed)           0.894     7.486    core/gate/permit_at_edge_INST_0_i_4_n_0
    SLICE_X61Y57         LUT5 (Prop_lut5_I0_O)        0.105     7.591 r  core/gate/revoked_valid_i_2/O
                         net (fo=6, routed)           0.592     8.183    core/gate/revoked_valid_i_2_n_0
    SLICE_X61Y57         LUT4 (Prop_lut4_I1_O)        0.105     8.288 r  core/gate/shadow_deadline[63]_i_1/O
                         net (fo=254, routed)         0.919     9.207    core/gate/shadow_not_before[0]
    SLICE_X62Y49         FDRE                                         r  core/gate/shadow_deadline_reg[22]/CE
  -------------------------------------------------------------------    -------------------

                         (clock mem_clk rise edge)    4.000     4.000 r  
                                                      0.000     4.000 r  mem_clk (IN)
                         net (fo=2481, unset)         1.304     5.304    core/gate/clk
    SLICE_X62Y49         FDRE                                         r  core/gate/shadow_deadline_reg[22]/C
                         clock pessimism              0.000     5.304    
                         clock uncertainty           -0.543     4.761    
    SLICE_X62Y49         FDRE (Setup_fdre_C_CE)      -0.136     4.625    core/gate/shadow_deadline_reg[22]
  -------------------------------------------------------------------
                         required time                          4.625    
                         arrival time                          -9.207    
  -------------------------------------------------------------------
                         slack                                 -4.582    

Slack (VIOLATED) :        -4.582ns  (required time - arrival time)
  Source:                 core/next_offer_reg[9]/C
                            (rising edge-triggered cell FDRE clocked by mem_clk  {rise@0.000ns fall@2.000ns period=4.000ns})
  Destination:            core/gate/shadow_deadline_reg[23]/CE
                            (rising edge-triggered cell FDRE clocked by mem_clk  {rise@0.000ns fall@2.000ns period=4.000ns})
  Path Group:             mem_clk
  Path Type:              Setup (Max at Slow Process Corner)
  Requirement:            4.000ns  (mem_clk rise@4.000ns - mem_clk rise@0.000ns)
  Data Path Delay:        7.786ns  (logic 2.617ns (33.614%)  route 5.169ns (66.386%))
  Logic Levels:           16  (CARRY4=8 LUT3=2 LUT4=2 LUT5=2 LUT6=2)
  Clock Path Skew:        -0.117ns (DCD - SCD + CPR)
    Destination Clock Delay (DCD):    1.304ns = ( 5.304 - 4.000 ) 
    Source Clock Delay      (SCD):    1.421ns
    Clock Pessimism Removal (CPR):    0.000ns
  Clock Uncertainty:      0.543ns  ((TSJ^2 + TIJ^2)^1/2 + DJ) / 2 + PE + UU
    Total System Jitter     (TSJ):    0.071ns
    Total Input Jitter      (TIJ):    0.050ns
    Discrete Jitter          (DJ):    0.000ns
    Phase Error              (PE):    0.000ns
    User Uncertainty         (UU):    0.500ns

    Location             Delay type                Incr(ns)  Path(ns)    Netlist Resource(s)
  -------------------------------------------------------------------    -------------------
                         (clock mem_clk rise edge)    0.000     0.000 r  
                                                      0.000     0.000 r  mem_clk (IN)
                         net (fo=2481, unset)         1.421     1.421    core/clk
    SLICE_X30Y66         FDRE                                         r  core/next_offer_reg[9]/C
  -------------------------------------------------------------------    -------------------
    SLICE_X30Y66         FDRE (Prop_fdre_C_Q)         0.398     1.819 r  core/next_offer_reg[9]/Q
                         net (fo=4, routed)           0.752     2.571    core/next_offer[9]
    SLICE_X34Y66         LUT4 (Prop_lut4_I1_O)        0.232     2.803 r  core/gate_i_142/O
                         net (fo=1, routed)           0.000     2.803    core/gate_i_142_n_0
    SLICE_X34Y66         CARRY4 (Prop_carry4_S[3]_CO[3])
                                                      0.314     3.117 r  core/gate_i_129/CO[3]
                         net (fo=1, routed)           0.000     3.117    core/gate_i_129_n_0
    SLICE_X34Y67         CARRY4 (Prop_carry4_CI_CO[3])
                                                      0.100     3.217 r  core/gate_i_112/CO[3]
                         net (fo=1, routed)           0.000     3.217    core/gate_i_112_n_0
    SLICE_X34Y68         CARRY4 (Prop_carry4_CI_CO[3])
                                                      0.100     3.317 r  core/gate_i_94/CO[3]
                         net (fo=1, routed)           0.000     3.317    core/gate_i_94_n_0
    SLICE_X34Y69         CARRY4 (Prop_carry4_CI_CO[3])
                                                      0.100     3.417 r  core/gate_i_76/CO[3]
                         net (fo=1, routed)           0.000     3.417    core/gate_i_76_n_0
    SLICE_X34Y70         CARRY4 (Prop_carry4_CI_CO[3])
                                                      0.100     3.517 r  core/gate_i_58/CO[3]
                         net (fo=1, routed)           0.000     3.517    core/gate_i_58_n_0
    SLICE_X34Y71         CARRY4 (Prop_carry4_CI_CO[3])
                                                      0.100     3.617 r  core/gate_i_40/CO[3]
                         net (fo=1, routed)           0.000     3.617    core/gate_i_40_n_0
    SLICE_X34Y72         CARRY4 (Prop_carry4_CI_CO[3])
                                                      0.100     3.717 r  core/gate_i_24/CO[3]
                         net (fo=1, routed)           0.000     3.717    core/gate_i_24_n_0
    SLICE_X34Y73         CARRY4 (Prop_carry4_CI_CO[2])
                                                      0.191     3.908 f  core/gate_i_14/CO[2]
                         net (fo=2, routed)           0.635     4.542    core/close01
    SLICE_X45Y72         LUT3 (Prop_lut3_I1_O)        0.252     4.794 f  core/gate_i_6/O
                         net (fo=2, routed)           0.127     4.921    core/p_14_in
    SLICE_X45Y72         LUT6 (Prop_lut6_I0_O)        0.105     5.026 f  core/gate_i_4/O
                         net (fo=1, routed)           0.716     5.742    core/gate_i_4_n_0
    SLICE_X53Y65         LUT6 (Prop_lut6_I5_O)        0.105     5.847 f  core/gate_i_1/O
                         net (fo=2, routed)           0.124     5.970    core/gate/loss
    SLICE_X53Y65         LUT5 (Prop_lut5_I3_O)        0.105     6.075 f  core/gate/command_accepted_i_2/O
                         net (fo=2, routed)           0.412     6.487    core/gate/command_accepted_i_2_n_0
    SLICE_X53Y65         LUT3 (Prop_lut3_I0_O)        0.105     6.592 f  core/gate/permit_at_edge_INST_0_i_4/O
                         net (fo=5, routed)           0.894     7.486    core/gate/permit_at_edge_INST_0_i_4_n_0
    SLICE_X61Y57         LUT5 (Prop_lut5_I0_O)        0.105     7.591 r  core/gate/revoked_valid_i_2/O
                         net (fo=6, routed)           0.592     8.183    core/gate/revoked_valid_i_2_n_0
    SLICE_X61Y57         LUT4 (Prop_lut4_I1_O)        0.105     8.288 r  core/gate/shadow_deadline[63]_i_1/O
                         net (fo=254, routed)         0.919     9.207    core/gate/shadow_not_before[0]
    SLICE_X62Y49         FDRE                                         r  core/gate/shadow_deadline_reg[23]/CE
  -------------------------------------------------------------------    -------------------

                         (clock mem_clk rise edge)    4.000     4.000 r  
                                                      0.000     4.000 r  mem_clk (IN)
                         net (fo=2481, unset)         1.304     5.304    core/gate/clk
    SLICE_X62Y49         FDRE                                         r  core/gate/shadow_deadline_reg[23]/C
                         clock pessimism              0.000     5.304    
                         clock uncertainty           -0.543     4.761    
    SLICE_X62Y49         FDRE (Setup_fdre_C_CE)      -0.136     4.625    core/gate/shadow_deadline_reg[23]
  -------------------------------------------------------------------
                         required time                          4.625    
                         arrival time                          -9.207    
  -------------------------------------------------------------------
                         slack                                 -4.582    

Slack (VIOLATED) :        -4.538ns  (required time - arrival time)
  Source:                 core/next_offer_reg[9]/C
                            (rising edge-triggered cell FDRE clocked by mem_clk  {rise@0.000ns fall@2.000ns period=4.000ns})
  Destination:            core/gate/shadow_issued_reg[51]/CE
                            (rising edge-triggered cell FDRE clocked by mem_clk  {rise@0.000ns fall@2.000ns period=4.000ns})
  Path Group:             mem_clk
  Path Type:              Setup (Max at Slow Process Corner)
  Requirement:            4.000ns  (mem_clk rise@4.000ns - mem_clk rise@0.000ns)
  Data Path Delay:        7.704ns  (logic 2.617ns (33.969%)  route 5.087ns (66.031%))
  Logic Levels:           16  (CARRY4=8 LUT3=2 LUT4=2 LUT5=2 LUT6=2)
  Clock Path Skew:        -0.123ns (DCD - SCD + CPR)
    Destination Clock Delay (DCD):    1.286ns = ( 5.286 - 4.000 ) 
    Source Clock Delay      (SCD):    1.421ns
    Clock Pessimism Removal (CPR):    0.012ns
  Clock Uncertainty:      0.543ns  ((TSJ^2 + TIJ^2)^1/2 + DJ) / 2 + PE + UU
    Total System Jitter     (TSJ):    0.071ns
    Total Input Jitter      (TIJ):    0.050ns
    Discrete Jitter          (DJ):    0.000ns
    Phase Error              (PE):    0.000ns
    User Uncertainty         (UU):    0.500ns

    Location             Delay type                Incr(ns)  Path(ns)    Netlist Resource(s)
  -------------------------------------------------------------------    -------------------
                         (clock mem_clk rise edge)    0.000     0.000 r  
                                                      0.000     0.000 r  mem_clk (IN)
                         net (fo=2481, unset)         1.421     1.421    core/clk
    SLICE_X30Y66         FDRE                                         r  core/next_offer_reg[9]/C
  -------------------------------------------------------------------    -------------------
    SLICE_X30Y66         FDRE (Prop_fdre_C_Q)         0.398     1.819 r  core/next_offer_reg[9]/Q
                         net (fo=4, routed)           0.752     2.571    core/next_offer[9]
    SLICE_X34Y66         LUT4 (Prop_lut4_I1_O)        0.232     2.803 r  core/gate_i_142/O
                         net (fo=1, routed)           0.000     2.803    core/gate_i_142_n_0
    SLICE_X34Y66         CARRY4 (Prop_carry4_S[3]_CO[3])
                                                      0.314     3.117 r  core/gate_i_129/CO[3]
                         net (fo=1, routed)           0.000     3.117    core/gate_i_129_n_0
    SLICE_X34Y67         CARRY4 (Prop_carry4_CI_CO[3])
                                                      0.100     3.217 r  core/gate_i_112/CO[3]
                         net (fo=1, routed)           0.000     3.217    core/gate_i_112_n_0
    SLICE_X34Y68         CARRY4 (Prop_carry4_CI_CO[3])
                                                      0.100     3.317 r  core/gate_i_94/CO[3]
                         net (fo=1, routed)           0.000     3.317    core/gate_i_94_n_0
    SLICE_X34Y69         CARRY4 (Prop_carry4_CI_CO[3])
                                                      0.100     3.417 r  core/gate_i_76/CO[3]
                         net (fo=1, routed)           0.000     3.417    core/gate_i_76_n_0
    SLICE_X34Y70         CARRY4 (Prop_carry4_CI_CO[3])
                                                      0.100     3.517 r  core/gate_i_58/CO[3]
                         net (fo=1, routed)           0.000     3.517    core/gate_i_58_n_0
    SLICE_X34Y71         CARRY4 (Prop_carry4_CI_CO[3])
                                                      0.100     3.617 r  core/gate_i_40/CO[3]
                         net (fo=1, routed)           0.000     3.617    core/gate_i_40_n_0
    SLICE_X34Y72         CARRY4 (Prop_carry4_CI_CO[3])
                                                      0.100     3.717 r  core/gate_i_24/CO[3]
                         net (fo=1, routed)           0.000     3.717    core/gate_i_24_n_0
    SLICE_X34Y73         CARRY4 (Prop_carry4_CI_CO[2])
                                                      0.191     3.908 f  core/gate_i_14/CO[2]
                         net (fo=2, routed)           0.635     4.542    core/close01
    SLICE_X45Y72         LUT3 (Prop_lut3_I1_O)        0.252     4.794 f  core/gate_i_6/O
                         net (fo=2, routed)           0.127     4.921    core/p_14_in
    SLICE_X45Y72         LUT6 (Prop_lut6_I0_O)        0.105     5.026 f  core/gate_i_4/O
                         net (fo=1, routed)           0.716     5.742    core/gate_i_4_n_0
    SLICE_X53Y65         LUT6 (Prop_lut6_I5_O)        0.105     5.847 f  core/gate_i_1/O
                         net (fo=2, routed)           0.124     5.970    core/gate/loss
    SLICE_X53Y65         LUT5 (Prop_lut5_I3_O)        0.105     6.075 f  core/gate/command_accepted_i_2/O
                         net (fo=2, routed)           0.412     6.487    core/gate/command_accepted_i_2_n_0
    SLICE_X53Y65         LUT3 (Prop_lut3_I0_O)        0.105     6.592 f  core/gate/permit_at_edge_INST_0_i_4/O
                         net (fo=5, routed)           0.894     7.486    core/gate/permit_at_edge_INST_0_i_4_n_0
    SLICE_X61Y57         LUT5 (Prop_lut5_I0_O)        0.105     7.591 r  core/gate/revoked_valid_i_2/O
                         net (fo=6, routed)           0.592     8.183    core/gate/revoked_valid_i_2_n_0
    SLICE_X61Y57         LUT4 (Prop_lut4_I1_O)        0.105     8.288 r  core/gate/shadow_deadline[63]_i_1/O
                         net (fo=254, routed)         0.837     9.125    core/gate/shadow_not_before[0]
    SLICE_X61Y50         FDRE                                         r  core/gate/shadow_issued_reg[51]/CE
  -------------------------------------------------------------------    -------------------

                         (clock mem_clk rise edge)    4.000     4.000 r  
                                                      0.000     4.000 r  mem_clk (IN)
                         net (fo=2481, unset)         1.286     5.286    core/gate/clk
    SLICE_X61Y50         FDRE                                         r  core/gate/shadow_issued_reg[51]/C
                         clock pessimism              0.012     5.298    
                         clock uncertainty           -0.543     4.755    
    SLICE_X61Y50         FDRE (Setup_fdre_C_CE)      -0.168     4.587    core/gate/shadow_issued_reg[51]
  -------------------------------------------------------------------
                         required time                          4.587    
                         arrival time                          -9.125    
  -------------------------------------------------------------------
                         slack                                 -4.538    

Slack (VIOLATED) :        -4.538ns  (required time - arrival time)
  Source:                 core/next_offer_reg[9]/C
                            (rising edge-triggered cell FDRE clocked by mem_clk  {rise@0.000ns fall@2.000ns period=4.000ns})
  Destination:            core/gate/shadow_issued_reg[52]/CE
                            (rising edge-triggered cell FDRE clocked by mem_clk  {rise@0.000ns fall@2.000ns period=4.000ns})
  Path Group:             mem_clk
  Path Type:              Setup (Max at Slow Process Corner)
  Requirement:            4.000ns  (mem_clk rise@4.000ns - mem_clk rise@0.000ns)
  Data Path Delay:        7.704ns  (logic 2.617ns (33.969%)  route 5.087ns (66.031%))
  Logic Levels:           16  (CARRY4=8 LUT3=2 LUT4=2 LUT5=2 LUT6=2)
  Clock Path Skew:        -0.123ns (DCD - SCD + CPR)
    Destination Clock Delay (DCD):    1.286ns = ( 5.286 - 4.000 ) 
    Source Clock Delay      (SCD):    1.421ns
    Clock Pessimism Removal (CPR):    0.012ns
  Clock Uncertainty:      0.543ns  ((TSJ^2 + TIJ^2)^1/2 + DJ) / 2 + PE + UU
    Total System Jitter     (TSJ):    0.071ns
    Total Input Jitter      (TIJ):    0.050ns
    Discrete Jitter          (DJ):    0.000ns
    Phase Error              (PE):    0.000ns
    User Uncertainty         (UU):    0.500ns

    Location             Delay type                Incr(ns)  Path(ns)    Netlist Resource(s)
  -------------------------------------------------------------------    -------------------
                         (clock mem_clk rise edge)    0.000     0.000 r  
                                                      0.000     0.000 r  mem_clk (IN)
                         net (fo=2481, unset)         1.421     1.421    core/clk
    SLICE_X30Y66         FDRE                                         r  core/next_offer_reg[9]/C
  -------------------------------------------------------------------    -------------------
    SLICE_X30Y66         FDRE (Prop_fdre_C_Q)         0.398     1.819 r  core/next_offer_reg[9]/Q
                         net (fo=4, routed)           0.752     2.571    core/next_offer[9]
    SLICE_X34Y66         LUT4 (Prop_lut4_I1_O)        0.232     2.803 r  core/gate_i_142/O
                         net (fo=1, routed)           0.000     2.803    core/gate_i_142_n_0
    SLICE_X34Y66         CARRY4 (Prop_carry4_S[3]_CO[3])
                                                      0.314     3.117 r  core/gate_i_129/CO[3]
                         net (fo=1, routed)           0.000     3.117    core/gate_i_129_n_0
    SLICE_X34Y67         CARRY4 (Prop_carry4_CI_CO[3])
                                                      0.100     3.217 r  core/gate_i_112/CO[3]
                         net (fo=1, routed)           0.000     3.217    core/gate_i_112_n_0
    SLICE_X34Y68         CARRY4 (Prop_carry4_CI_CO[3])
                                                      0.100     3.317 r  core/gate_i_94/CO[3]
                         net (fo=1, routed)           0.000     3.317    core/gate_i_94_n_0
    SLICE_X34Y69         CARRY4 (Prop_carry4_CI_CO[3])
                                                      0.100     3.417 r  core/gate_i_76/CO[3]
                         net (fo=1, routed)           0.000     3.417    core/gate_i_76_n_0
    SLICE_X34Y70         CARRY4 (Prop_carry4_CI_CO[3])
                                                      0.100     3.517 r  core/gate_i_58/CO[3]
                         net (fo=1, routed)           0.000     3.517    core/gate_i_58_n_0
    SLICE_X34Y71         CARRY4 (Prop_carry4_CI_CO[3])
                                                      0.100     3.617 r  core/gate_i_40/CO[3]
                         net (fo=1, routed)           0.000     3.617    core/gate_i_40_n_0
    SLICE_X34Y72         CARRY4 (Prop_carry4_CI_CO[3])
                                                      0.100     3.717 r  core/gate_i_24/CO[3]
                         net (fo=1, routed)           0.000     3.717    core/gate_i_24_n_0
    SLICE_X34Y73         CARRY4 (Prop_carry4_CI_CO[2])
                                                      0.191     3.908 f  core/gate_i_14/CO[2]
                         net (fo=2, routed)           0.635     4.542    core/close01
    SLICE_X45Y72         LUT3 (Prop_lut3_I1_O)        0.252     4.794 f  core/gate_i_6/O
                         net (fo=2, routed)           0.127     4.921    core/p_14_in
    SLICE_X45Y72         LUT6 (Prop_lut6_I0_O)        0.105     5.026 f  core/gate_i_4/O
                         net (fo=1, routed)           0.716     5.742    core/gate_i_4_n_0
    SLICE_X53Y65         LUT6 (Prop_lut6_I5_O)        0.105     5.847 f  core/gate_i_1/O
                         net (fo=2, routed)           0.124     5.970    core/gate/loss
    SLICE_X53Y65         LUT5 (Prop_lut5_I3_O)        0.105     6.075 f  core/gate/command_accepted_i_2/O
                         net (fo=2, routed)           0.412     6.487    core/gate/command_accepted_i_2_n_0
    SLICE_X53Y65         LUT3 (Prop_lut3_I0_O)        0.105     6.592 f  core/gate/permit_at_edge_INST_0_i_4/O
                         net (fo=5, routed)           0.894     7.486    core/gate/permit_at_edge_INST_0_i_4_n_0
    SLICE_X61Y57         LUT5 (Prop_lut5_I0_O)        0.105     7.591 r  core/gate/revoked_valid_i_2/O
                         net (fo=6, routed)           0.592     8.183    core/gate/revoked_valid_i_2_n_0
    SLICE_X61Y57         LUT4 (Prop_lut4_I1_O)        0.105     8.288 r  core/gate/shadow_deadline[63]_i_1/O
                         net (fo=254, routed)         0.837     9.125    core/gate/shadow_not_before[0]
    SLICE_X61Y50         FDRE                                         r  core/gate/shadow_issued_reg[52]/CE
  -------------------------------------------------------------------    -------------------

                         (clock mem_clk rise edge)    4.000     4.000 r  
                                                      0.000     4.000 r  mem_clk (IN)
                         net (fo=2481, unset)         1.286     5.286    core/gate/clk
    SLICE_X61Y50         FDRE                                         r  core/gate/shadow_issued_reg[52]/C
                         clock pessimism              0.012     5.298    
                         clock uncertainty           -0.543     4.755    
    SLICE_X61Y50         FDRE (Setup_fdre_C_CE)      -0.168     4.587    core/gate/shadow_issued_reg[52]
  -------------------------------------------------------------------
                         required time                          4.587    
                         arrival time                          -9.125    
  -------------------------------------------------------------------
                         slack                                 -4.538    

Slack (VIOLATED) :        -4.538ns  (required time - arrival time)
  Source:                 core/next_offer_reg[9]/C
                            (rising edge-triggered cell FDRE clocked by mem_clk  {rise@0.000ns fall@2.000ns period=4.000ns})
  Destination:            core/gate/shadow_issued_reg[53]/CE
                            (rising edge-triggered cell FDRE clocked by mem_clk  {rise@0.000ns fall@2.000ns period=4.000ns})
  Path Group:             mem_clk
  Path Type:              Setup (Max at Slow Process Corner)
  Requirement:            4.000ns  (mem_clk rise@4.000ns - mem_clk rise@0.000ns)
  Data Path Delay:        7.704ns  (logic 2.617ns (33.969%)  route 5.087ns (66.031%))
  Logic Levels:           16  (CARRY4=8 LUT3=2 LUT4=2 LUT5=2 LUT6=2)
  Clock Path Skew:        -0.123ns (DCD - SCD + CPR)
    Destination Clock Delay (DCD):    1.286ns = ( 5.286 - 4.000 ) 
    Source Clock Delay      (SCD):    1.421ns
    Clock Pessimism Removal (CPR):    0.012ns
  Clock Uncertainty:      0.543ns  ((TSJ^2 + TIJ^2)^1/2 + DJ) / 2 + PE + UU
    Total System Jitter     (TSJ):    0.071ns
    Total Input Jitter      (TIJ):    0.050ns
    Discrete Jitter          (DJ):    0.000ns
    Phase Error              (PE):    0.000ns
    User Uncertainty         (UU):    0.500ns

    Location             Delay type                Incr(ns)  Path(ns)    Netlist Resource(s)
  -------------------------------------------------------------------    -------------------
                         (clock mem_clk rise edge)    0.000     0.000 r  
                                                      0.000     0.000 r  mem_clk (IN)
                         net (fo=2481, unset)         1.421     1.421    core/clk
    SLICE_X30Y66         FDRE                                         r  core/next_offer_reg[9]/C
  -------------------------------------------------------------------    -------------------
    SLICE_X30Y66         FDRE (Prop_fdre_C_Q)         0.398     1.819 r  core/next_offer_reg[9]/Q
                         net (fo=4, routed)           0.752     2.571    core/next_offer[9]
    SLICE_X34Y66         LUT4 (Prop_lut4_I1_O)        0.232     2.803 r  core/gate_i_142/O
                         net (fo=1, routed)           0.000     2.803    core/gate_i_142_n_0
    SLICE_X34Y66         CARRY4 (Prop_carry4_S[3]_CO[3])
                                                      0.314     3.117 r  core/gate_i_129/CO[3]
                         net (fo=1, routed)           0.000     3.117    core/gate_i_129_n_0
    SLICE_X34Y67         CARRY4 (Prop_carry4_CI_CO[3])
                                                      0.100     3.217 r  core/gate_i_112/CO[3]
                         net (fo=1, routed)           0.000     3.217    core/gate_i_112_n_0
    SLICE_X34Y68         CARRY4 (Prop_carry4_CI_CO[3])
                                                      0.100     3.317 r  core/gate_i_94/CO[3]
                         net (fo=1, routed)           0.000     3.317    core/gate_i_94_n_0
    SLICE_X34Y69         CARRY4 (Prop_carry4_CI_CO[3])
                                                      0.100     3.417 r  core/gate_i_76/CO[3]
                         net (fo=1, routed)           0.000     3.417    core/gate_i_76_n_0
    SLICE_X34Y70         CARRY4 (Prop_carry4_CI_CO[3])
                                                      0.100     3.517 r  core/gate_i_58/CO[3]
                         net (fo=1, routed)           0.000     3.517    core/gate_i_58_n_0
    SLICE_X34Y71         CARRY4 (Prop_carry4_CI_CO[3])
                                                      0.100     3.617 r  core/gate_i_40/CO[3]
                         net (fo=1, routed)           0.000     3.617    core/gate_i_40_n_0
    SLICE_X34Y72         CARRY4 (Prop_carry4_CI_CO[3])
                                                      0.100     3.717 r  core/gate_i_24/CO[3]
                         net (fo=1, routed)           0.000     3.717    core/gate_i_24_n_0
    SLICE_X34Y73         CARRY4 (Prop_carry4_CI_CO[2])
                                                      0.191     3.908 f  core/gate_i_14/CO[2]
                         net (fo=2, routed)           0.635     4.542    core/close01
    SLICE_X45Y72         LUT3 (Prop_lut3_I1_O)        0.252     4.794 f  core/gate_i_6/O
                         net (fo=2, routed)           0.127     4.921    core/p_14_in
    SLICE_X45Y72         LUT6 (Prop_lut6_I0_O)        0.105     5.026 f  core/gate_i_4/O
                         net (fo=1, routed)           0.716     5.742    core/gate_i_4_n_0
    SLICE_X53Y65         LUT6 (Prop_lut6_I5_O)        0.105     5.847 f  core/gate_i_1/O
                         net (fo=2, routed)           0.124     5.970    core/gate/loss
    SLICE_X53Y65         LUT5 (Prop_lut5_I3_O)        0.105     6.075 f  core/gate/command_accepted_i_2/O
                         net (fo=2, routed)           0.412     6.487    core/gate/command_accepted_i_2_n_0
    SLICE_X53Y65         LUT3 (Prop_lut3_I0_O)        0.105     6.592 f  core/gate/permit_at_edge_INST_0_i_4/O
                         net (fo=5, routed)           0.894     7.486    core/gate/permit_at_edge_INST_0_i_4_n_0
    SLICE_X61Y57         LUT5 (Prop_lut5_I0_O)        0.105     7.591 r  core/gate/revoked_valid_i_2/O
                         net (fo=6, routed)           0.592     8.183    core/gate/revoked_valid_i_2_n_0
    SLICE_X61Y57         LUT4 (Prop_lut4_I1_O)        0.105     8.288 r  core/gate/shadow_deadline[63]_i_1/O
                         net (fo=254, routed)         0.837     9.125    core/gate/shadow_not_before[0]
    SLICE_X61Y50         FDRE                                         r  core/gate/shadow_issued_reg[53]/CE
  -------------------------------------------------------------------    -------------------

                         (clock mem_clk rise edge)    4.000     4.000 r  
                                                      0.000     4.000 r  mem_clk (IN)
                         net (fo=2481, unset)         1.286     5.286    core/gate/clk
    SLICE_X61Y50         FDRE                                         r  core/gate/shadow_issued_reg[53]/C
                         clock pessimism              0.012     5.298    
                         clock uncertainty           -0.543     4.755    
    SLICE_X61Y50         FDRE (Setup_fdre_C_CE)      -0.168     4.587    core/gate/shadow_issued_reg[53]
  -------------------------------------------------------------------
                         required time                          4.587    
                         arrival time                          -9.125    
  -------------------------------------------------------------------
                         slack                                 -4.538    

Slack (VIOLATED) :        -4.538ns  (required time - arrival time)
  Source:                 core/next_offer_reg[9]/C
                            (rising edge-triggered cell FDRE clocked by mem_clk  {rise@0.000ns fall@2.000ns period=4.000ns})
  Destination:            core/gate/shadow_issued_reg[54]/CE
                            (rising edge-triggered cell FDRE clocked by mem_clk  {rise@0.000ns fall@2.000ns period=4.000ns})
  Path Group:             mem_clk
  Path Type:              Setup (Max at Slow Process Corner)
  Requirement:            4.000ns  (mem_clk rise@4.000ns - mem_clk rise@0.000ns)
  Data Path Delay:        7.704ns  (logic 2.617ns (33.969%)  route 5.087ns (66.031%))
  Logic Levels:           16  (CARRY4=8 LUT3=2 LUT4=2 LUT5=2 LUT6=2)
  Clock Path Skew:        -0.123ns (DCD - SCD + CPR)
    Destination Clock Delay (DCD):    1.286ns = ( 5.286 - 4.000 ) 
    Source Clock Delay      (SCD):    1.421ns
    Clock Pessimism Removal (CPR):    0.012ns
  Clock Uncertainty:      0.543ns  ((TSJ^2 + TIJ^2)^1/2 + DJ) / 2 + PE + UU
    Total System Jitter     (TSJ):    0.071ns
    Total Input Jitter      (TIJ):    0.050ns
    Discrete Jitter          (DJ):    0.000ns
    Phase Error              (PE):    0.000ns
    User Uncertainty         (UU):    0.500ns

    Location             Delay type                Incr(ns)  Path(ns)    Netlist Resource(s)
  -------------------------------------------------------------------    -------------------
                         (clock mem_clk rise edge)    0.000     0.000 r  
                                                      0.000     0.000 r  mem_clk (IN)
                         net (fo=2481, unset)         1.421     1.421    core/clk
    SLICE_X30Y66         FDRE                                         r  core/next_offer_reg[9]/C
  -------------------------------------------------------------------    -------------------
    SLICE_X30Y66         FDRE (Prop_fdre_C_Q)         0.398     1.819 r  core/next_offer_reg[9]/Q
                         net (fo=4, routed)           0.752     2.571    core/next_offer[9]
    SLICE_X34Y66         LUT4 (Prop_lut4_I1_O)        0.232     2.803 r  core/gate_i_142/O
                         net (fo=1, routed)           0.000     2.803    core/gate_i_142_n_0
    SLICE_X34Y66         CARRY4 (Prop_carry4_S[3]_CO[3])
                                                      0.314     3.117 r  core/gate_i_129/CO[3]
                         net (fo=1, routed)           0.000     3.117    core/gate_i_129_n_0
    SLICE_X34Y67         CARRY4 (Prop_carry4_CI_CO[3])
                                                      0.100     3.217 r  core/gate_i_112/CO[3]
                         net (fo=1, routed)           0.000     3.217    core/gate_i_112_n_0
    SLICE_X34Y68         CARRY4 (Prop_carry4_CI_CO[3])
                                                      0.100     3.317 r  core/gate_i_94/CO[3]
                         net (fo=1, routed)           0.000     3.317    core/gate_i_94_n_0
    SLICE_X34Y69         CARRY4 (Prop_carry4_CI_CO[3])
                                                      0.100     3.417 r  core/gate_i_76/CO[3]
                         net (fo=1, routed)           0.000     3.417    core/gate_i_76_n_0
    SLICE_X34Y70         CARRY4 (Prop_carry4_CI_CO[3])
                                                      0.100     3.517 r  core/gate_i_58/CO[3]
                         net (fo=1, routed)           0.000     3.517    core/gate_i_58_n_0
    SLICE_X34Y71         CARRY4 (Prop_carry4_CI_CO[3])
                                                      0.100     3.617 r  core/gate_i_40/CO[3]
                         net (fo=1, routed)           0.000     3.617    core/gate_i_40_n_0
    SLICE_X34Y72         CARRY4 (Prop_carry4_CI_CO[3])
                                                      0.100     3.717 r  core/gate_i_24/CO[3]
                         net (fo=1, routed)           0.000     3.717    core/gate_i_24_n_0
    SLICE_X34Y73         CARRY4 (Prop_carry4_CI_CO[2])
                                                      0.191     3.908 f  core/gate_i_14/CO[2]
                         net (fo=2, routed)           0.635     4.542    core/close01
    SLICE_X45Y72         LUT3 (Prop_lut3_I1_O)        0.252     4.794 f  core/gate_i_6/O
                         net (fo=2, routed)           0.127     4.921    core/p_14_in
    SLICE_X45Y72         LUT6 (Prop_lut6_I0_O)        0.105     5.026 f  core/gate_i_4/O
                         net (fo=1, routed)           0.716     5.742    core/gate_i_4_n_0
    SLICE_X53Y65         LUT6 (Prop_lut6_I5_O)        0.105     5.847 f  core/gate_i_1/O
                         net (fo=2, routed)           0.124     5.970    core/gate/loss
    SLICE_X53Y65         LUT5 (Prop_lut5_I3_O)        0.105     6.075 f  core/gate/command_accepted_i_2/O
                         net (fo=2, routed)           0.412     6.487    core/gate/command_accepted_i_2_n_0
    SLICE_X53Y65         LUT3 (Prop_lut3_I0_O)        0.105     6.592 f  core/gate/permit_at_edge_INST_0_i_4/O
                         net (fo=5, routed)           0.894     7.486    core/gate/permit_at_edge_INST_0_i_4_n_0
    SLICE_X61Y57         LUT5 (Prop_lut5_I0_O)        0.105     7.591 r  core/gate/revoked_valid_i_2/O
                         net (fo=6, routed)           0.592     8.183    core/gate/revoked_valid_i_2_n_0
    SLICE_X61Y57         LUT4 (Prop_lut4_I1_O)        0.105     8.288 r  core/gate/shadow_deadline[63]_i_1/O
                         net (fo=254, routed)         0.837     9.125    core/gate/shadow_not_before[0]
    SLICE_X61Y50         FDRE                                         r  core/gate/shadow_issued_reg[54]/CE
  -------------------------------------------------------------------    -------------------

                         (clock mem_clk rise edge)    4.000     4.000 r  
                                                      0.000     4.000 r  mem_clk (IN)
                         net (fo=2481, unset)         1.286     5.286    core/gate/clk
    SLICE_X61Y50         FDRE                                         r  core/gate/shadow_issued_reg[54]/C
                         clock pessimism              0.012     5.298    
                         clock uncertainty           -0.543     4.755    
    SLICE_X61Y50         FDRE (Setup_fdre_C_CE)      -0.168     4.587    core/gate/shadow_issued_reg[54]
  -------------------------------------------------------------------
                         required time                          4.587    
                         arrival time                          -9.125    
  -------------------------------------------------------------------
                         slack                                 -4.538    

Slack (VIOLATED) :        -4.538ns  (required time - arrival time)
  Source:                 core/next_offer_reg[9]/C
                            (rising edge-triggered cell FDRE clocked by mem_clk  {rise@0.000ns fall@2.000ns period=4.000ns})
  Destination:            core/gate/shadow_issued_reg[55]/CE
                            (rising edge-triggered cell FDRE clocked by mem_clk  {rise@0.000ns fall@2.000ns period=4.000ns})
  Path Group:             mem_clk
  Path Type:              Setup (Max at Slow Process Corner)
  Requirement:            4.000ns  (mem_clk rise@4.000ns - mem_clk rise@0.000ns)
  Data Path Delay:        7.704ns  (logic 2.617ns (33.969%)  route 5.087ns (66.031%))
  Logic Levels:           16  (CARRY4=8 LUT3=2 LUT4=2 LUT5=2 LUT6=2)
  Clock Path Skew:        -0.123ns (DCD - SCD + CPR)
    Destination Clock Delay (DCD):    1.286ns = ( 5.286 - 4.000 ) 
    Source Clock Delay      (SCD):    1.421ns
    Clock Pessimism Removal (CPR):    0.012ns
  Clock Uncertainty:      0.543ns  ((TSJ^2 + TIJ^2)^1/2 + DJ) / 2 + PE + UU
    Total System Jitter     (TSJ):    0.071ns
    Total Input Jitter      (TIJ):    0.050ns
    Discrete Jitter          (DJ):    0.000ns
    Phase Error              (PE):    0.000ns
    User Uncertainty         (UU):    0.500ns

    Location             Delay type                Incr(ns)  Path(ns)    Netlist Resource(s)
  -------------------------------------------------------------------    -------------------
                         (clock mem_clk rise edge)    0.000     0.000 r  
                                                      0.000     0.000 r  mem_clk (IN)
                         net (fo=2481, unset)         1.421     1.421    core/clk
    SLICE_X30Y66         FDRE                                         r  core/next_offer_reg[9]/C
  -------------------------------------------------------------------    -------------------
    SLICE_X30Y66         FDRE (Prop_fdre_C_Q)         0.398     1.819 r  core/next_offer_reg[9]/Q
                         net (fo=4, routed)           0.752     2.571    core/next_offer[9]
    SLICE_X34Y66         LUT4 (Prop_lut4_I1_O)        0.232     2.803 r  core/gate_i_142/O
                         net (fo=1, routed)           0.000     2.803    core/gate_i_142_n_0
    SLICE_X34Y66         CARRY4 (Prop_carry4_S[3]_CO[3])
                                                      0.314     3.117 r  core/gate_i_129/CO[3]
                         net (fo=1, routed)           0.000     3.117    core/gate_i_129_n_0
    SLICE_X34Y67         CARRY4 (Prop_carry4_CI_CO[3])
                                                      0.100     3.217 r  core/gate_i_112/CO[3]
                         net (fo=1, routed)           0.000     3.217    core/gate_i_112_n_0
    SLICE_X34Y68         CARRY4 (Prop_carry4_CI_CO[3])
                                                      0.100     3.317 r  core/gate_i_94/CO[3]
                         net (fo=1, routed)           0.000     3.317    core/gate_i_94_n_0
    SLICE_X34Y69         CARRY4 (Prop_carry4_CI_CO[3])
                                                      0.100     3.417 r  core/gate_i_76/CO[3]
                         net (fo=1, routed)           0.000     3.417    core/gate_i_76_n_0
    SLICE_X34Y70         CARRY4 (Prop_carry4_CI_CO[3])
                                                      0.100     3.517 r  core/gate_i_58/CO[3]
                         net (fo=1, routed)           0.000     3.517    core/gate_i_58_n_0
    SLICE_X34Y71         CARRY4 (Prop_carry4_CI_CO[3])
                                                      0.100     3.617 r  core/gate_i_40/CO[3]
                         net (fo=1, routed)           0.000     3.617    core/gate_i_40_n_0
    SLICE_X34Y72         CARRY4 (Prop_carry4_CI_CO[3])
                                                      0.100     3.717 r  core/gate_i_24/CO[3]
                         net (fo=1, routed)           0.000     3.717    core/gate_i_24_n_0
    SLICE_X34Y73         CARRY4 (Prop_carry4_CI_CO[2])
                                                      0.191     3.908 f  core/gate_i_14/CO[2]
                         net (fo=2, routed)           0.635     4.542    core/close01
    SLICE_X45Y72         LUT3 (Prop_lut3_I1_O)        0.252     4.794 f  core/gate_i_6/O
                         net (fo=2, routed)           0.127     4.921    core/p_14_in
    SLICE_X45Y72         LUT6 (Prop_lut6_I0_O)        0.105     5.026 f  core/gate_i_4/O
                         net (fo=1, routed)           0.716     5.742    core/gate_i_4_n_0
    SLICE_X53Y65         LUT6 (Prop_lut6_I5_O)        0.105     5.847 f  core/gate_i_1/O
                         net (fo=2, routed)           0.124     5.970    core/gate/loss
    SLICE_X53Y65         LUT5 (Prop_lut5_I3_O)        0.105     6.075 f  core/gate/command_accepted_i_2/O
                         net (fo=2, routed)           0.412     6.487    core/gate/command_accepted_i_2_n_0
    SLICE_X53Y65         LUT3 (Prop_lut3_I0_O)        0.105     6.592 f  core/gate/permit_at_edge_INST_0_i_4/O
                         net (fo=5, routed)           0.894     7.486    core/gate/permit_at_edge_INST_0_i_4_n_0
    SLICE_X61Y57         LUT5 (Prop_lut5_I0_O)        0.105     7.591 r  core/gate/revoked_valid_i_2/O
                         net (fo=6, routed)           0.592     8.183    core/gate/revoked_valid_i_2_n_0
    SLICE_X61Y57         LUT4 (Prop_lut4_I1_O)        0.105     8.288 r  core/gate/shadow_deadline[63]_i_1/O
                         net (fo=254, routed)         0.837     9.125    core/gate/shadow_not_before[0]
    SLICE_X61Y50         FDRE                                         r  core/gate/shadow_issued_reg[55]/CE
  -------------------------------------------------------------------    -------------------

                         (clock mem_clk rise edge)    4.000     4.000 r  
                                                      0.000     4.000 r  mem_clk (IN)
                         net (fo=2481, unset)         1.286     5.286    core/gate/clk
    SLICE_X61Y50         FDRE                                         r  core/gate/shadow_issued_reg[55]/C
                         clock pessimism              0.012     5.298    
                         clock uncertainty           -0.543     4.755    
    SLICE_X61Y50         FDRE (Setup_fdre_C_CE)      -0.168     4.587    core/gate/shadow_issued_reg[55]
  -------------------------------------------------------------------
                         required time                          4.587    
                         arrival time                          -9.125    
  -------------------------------------------------------------------
                         slack                                 -4.538    

Slack (VIOLATED) :        -4.538ns  (required time - arrival time)
  Source:                 core/next_offer_reg[9]/C
                            (rising edge-triggered cell FDRE clocked by mem_clk  {rise@0.000ns fall@2.000ns period=4.000ns})
  Destination:            core/gate/shadow_issued_reg[58]/CE
                            (rising edge-triggered cell FDRE clocked by mem_clk  {rise@0.000ns fall@2.000ns period=4.000ns})
  Path Group:             mem_clk
  Path Type:              Setup (Max at Slow Process Corner)
  Requirement:            4.000ns  (mem_clk rise@4.000ns - mem_clk rise@0.000ns)
  Data Path Delay:        7.704ns  (logic 2.617ns (33.969%)  route 5.087ns (66.031%))
  Logic Levels:           16  (CARRY4=8 LUT3=2 LUT4=2 LUT5=2 LUT6=2)
  Clock Path Skew:        -0.123ns (DCD - SCD + CPR)
    Destination Clock Delay (DCD):    1.286ns = ( 5.286 - 4.000 ) 
    Source Clock Delay      (SCD):    1.421ns
    Clock Pessimism Removal (CPR):    0.012ns
  Clock Uncertainty:      0.543ns  ((TSJ^2 + TIJ^2)^1/2 + DJ) / 2 + PE + UU
    Total System Jitter     (TSJ):    0.071ns
    Total Input Jitter      (TIJ):    0.050ns
    Discrete Jitter          (DJ):    0.000ns
    Phase Error              (PE):    0.000ns
    User Uncertainty         (UU):    0.500ns

    Location             Delay type                Incr(ns)  Path(ns)    Netlist Resource(s)
  -------------------------------------------------------------------    -------------------
                         (clock mem_clk rise edge)    0.000     0.000 r  
                                                      0.000     0.000 r  mem_clk (IN)
                         net (fo=2481, unset)         1.421     1.421    core/clk
    SLICE_X30Y66         FDRE                                         r  core/next_offer_reg[9]/C
  -------------------------------------------------------------------    -------------------
    SLICE_X30Y66         FDRE (Prop_fdre_C_Q)         0.398     1.819 r  core/next_offer_reg[9]/Q
                         net (fo=4, routed)           0.752     2.571    core/next_offer[9]
    SLICE_X34Y66         LUT4 (Prop_lut4_I1_O)        0.232     2.803 r  core/gate_i_142/O
                         net (fo=1, routed)           0.000     2.803    core/gate_i_142_n_0
    SLICE_X34Y66         CARRY4 (Prop_carry4_S[3]_CO[3])
                                                      0.314     3.117 r  core/gate_i_129/CO[3]
                         net (fo=1, routed)           0.000     3.117    core/gate_i_129_n_0
    SLICE_X34Y67         CARRY4 (Prop_carry4_CI_CO[3])
                                                      0.100     3.217 r  core/gate_i_112/CO[3]
                         net (fo=1, routed)           0.000     3.217    core/gate_i_112_n_0
    SLICE_X34Y68         CARRY4 (Prop_carry4_CI_CO[3])
                                                      0.100     3.317 r  core/gate_i_94/CO[3]
                         net (fo=1, routed)           0.000     3.317    core/gate_i_94_n_0
    SLICE_X34Y69         CARRY4 (Prop_carry4_CI_CO[3])
                                                      0.100     3.417 r  core/gate_i_76/CO[3]
                         net (fo=1, routed)           0.000     3.417    core/gate_i_76_n_0
    SLICE_X34Y70         CARRY4 (Prop_carry4_CI_CO[3])
                                                      0.100     3.517 r  core/gate_i_58/CO[3]
                         net (fo=1, routed)           0.000     3.517    core/gate_i_58_n_0
    SLICE_X34Y71         CARRY4 (Prop_carry4_CI_CO[3])
                                                      0.100     3.617 r  core/gate_i_40/CO[3]
                         net (fo=1, routed)           0.000     3.617    core/gate_i_40_n_0
    SLICE_X34Y72         CARRY4 (Prop_carry4_CI_CO[3])
                                                      0.100     3.717 r  core/gate_i_24/CO[3]
                         net (fo=1, routed)           0.000     3.717    core/gate_i_24_n_0
    SLICE_X34Y73         CARRY4 (Prop_carry4_CI_CO[2])
                                                      0.191     3.908 f  core/gate_i_14/CO[2]
                         net (fo=2, routed)           0.635     4.542    core/close01
    SLICE_X45Y72         LUT3 (Prop_lut3_I1_O)        0.252     4.794 f  core/gate_i_6/O
                         net (fo=2, routed)           0.127     4.921    core/p_14_in
    SLICE_X45Y72         LUT6 (Prop_lut6_I0_O)        0.105     5.026 f  core/gate_i_4/O
                         net (fo=1, routed)           0.716     5.742    core/gate_i_4_n_0
    SLICE_X53Y65         LUT6 (Prop_lut6_I5_O)        0.105     5.847 f  core/gate_i_1/O
                         net (fo=2, routed)           0.124     5.970    core/gate/loss
    SLICE_X53Y65         LUT5 (Prop_lut5_I3_O)        0.105     6.075 f  core/gate/command_accepted_i_2/O
                         net (fo=2, routed)           0.412     6.487    core/gate/command_accepted_i_2_n_0
    SLICE_X53Y65         LUT3 (Prop_lut3_I0_O)        0.105     6.592 f  core/gate/permit_at_edge_INST_0_i_4/O
                         net (fo=5, routed)           0.894     7.486    core/gate/permit_at_edge_INST_0_i_4_n_0
    SLICE_X61Y57         LUT5 (Prop_lut5_I0_O)        0.105     7.591 r  core/gate/revoked_valid_i_2/O
                         net (fo=6, routed)           0.592     8.183    core/gate/revoked_valid_i_2_n_0
    SLICE_X61Y57         LUT4 (Prop_lut4_I1_O)        0.105     8.288 r  core/gate/shadow_deadline[63]_i_1/O
                         net (fo=254, routed)         0.837     9.125    core/gate/shadow_not_before[0]
    SLICE_X61Y50         FDRE                                         r  core/gate/shadow_issued_reg[58]/CE
  -------------------------------------------------------------------    -------------------

                         (clock mem_clk rise edge)    4.000     4.000 r  
                                                      0.000     4.000 r  mem_clk (IN)
                         net (fo=2481, unset)         1.286     5.286    core/gate/clk
    SLICE_X61Y50         FDRE                                         r  core/gate/shadow_issued_reg[58]/C
                         clock pessimism              0.012     5.298    
                         clock uncertainty           -0.543     4.755    
    SLICE_X61Y50         FDRE (Setup_fdre_C_CE)      -0.168     4.587    core/gate/shadow_issued_reg[58]
  -------------------------------------------------------------------
                         required time                          4.587    
                         arrival time                          -9.125    
  -------------------------------------------------------------------
                         slack                                 -4.538    




