Copyright 1986-2022 Xilinx, Inc. All Rights Reserved. Copyright 2022-2025 Advanced Micro Devices, Inc. All Rights Reserved.
-------------------------------------------------------------------------------------------------------------------------------------------------------
| Tool Version : Vivado v.2025.2 (lin64) Build 6299465 Fri Nov 14 12:34:56 MST 2025
| Date         : Thu Oct  8 21:58:59 2026
| Host         : kompik running 64-bit Ubuntu 26.04 LTS
| Command      : report_timing -from [get_clocks mem_clk] -to [get_clocks mem_clk] -max_paths 10 -path_type full_clock_expanded -file memory_paths.rpt
| Design       : executor
| Device       : 7z020-clg484
| Speed File   : -1  PRODUCTION 1.12 2019-11-22
| Design State : Routed
-------------------------------------------------------------------------------------------------------------------------------------------------------

Timing Report

Slack (VIOLATED) :        -4.840ns  (required time - arrival time)
  Source:                 receiver/saved_reg[384]/C
                            (rising edge-triggered cell FDRE clocked by mem_clk  {rise@0.000ns fall@2.000ns period=4.000ns})
  Destination:            core/calendar/decisions_reg[2]/D
                            (rising edge-triggered cell FDSE clocked by mem_clk  {rise@0.000ns fall@2.000ns period=4.000ns})
  Path Group:             mem_clk
  Path Type:              Setup (Max at Slow Process Corner)
  Requirement:            4.000ns  (mem_clk rise@4.000ns - mem_clk rise@0.000ns)
  Data Path Delay:        8.167ns  (logic 2.493ns (30.526%)  route 5.674ns (69.474%))
  Logic Levels:           11  (CARRY4=3 LUT4=2 LUT5=2 LUT6=4)
  Clock Path Skew:        -0.159ns (DCD - SCD + CPR)
    Destination Clock Delay (DCD):    1.554ns = ( 5.554 - 4.000 ) 
    Source Clock Delay      (SCD):    1.713ns
    Clock Pessimism Removal (CPR):    0.000ns
  Clock Uncertainty:      0.543ns  ((TSJ^2 + TIJ^2)^1/2 + DJ) / 2 + PE + UU
    Total System Jitter     (TSJ):    0.071ns
    Total Input Jitter      (TIJ):    0.050ns
    Discrete Jitter          (DJ):    0.000ns
    Phase Error              (PE):    0.000ns
    User Uncertainty         (UU):    0.500ns

    Location             Delay type                Incr(ns)  Path(ns)    Netlist Resource(s)
  -------------------------------------------------------------------    -------------------
                         (clock mem_clk rise edge)    0.000     0.000 r  
                                                      0.000     0.000 r  mem_clk (IN)
                         net (fo=2501, unset)         1.713     1.713    receiver/clk
    SLICE_X59Y51         FDRE                                         r  receiver/saved_reg[384]/C
  -------------------------------------------------------------------    -------------------
    SLICE_X59Y51         FDRE (Prop_fdre_C_Q)         0.456     2.169 r  receiver/saved_reg[384]/Q
                         net (fo=1, routed)           1.040     3.209    receiver/p_0_in[0]
    SLICE_X58Y51         LUT6 (Prop_lut6_I1_O)        0.124     3.333 r  receiver/integrity_INST_0_i_13/O
                         net (fo=1, routed)           0.000     3.333    receiver/integrity_INST_0_i_13_n_0
    SLICE_X58Y51         CARRY4 (Prop_carry4_S[0]_CO[3])
                                                      0.513     3.846 r  receiver/integrity_INST_0_i_5/CO[3]
                         net (fo=1, routed)           0.000     3.846    receiver/integrity_INST_0_i_5_n_0
    SLICE_X58Y52         CARRY4 (Prop_carry4_CI_CO[3])
                                                      0.117     3.963 r  receiver/integrity_INST_0_i_1/CO[3]
                         net (fo=1, routed)           0.000     3.963    receiver/integrity_INST_0_i_1_n_0
    SLICE_X58Y53         CARRY4 (Prop_carry4_CI_CO[2])
                                                      0.229     4.192 f  receiver/integrity_INST_0/CO[2]
                         net (fo=1, routed)           0.443     4.634    core/gate/cmd_integrity
    SLICE_X60Y54         LUT4 (Prop_lut4_I2_O)        0.310     4.944 r  core/gate/permit_at_edge_INST_0_i_86/O
                         net (fo=1, routed)           0.283     5.227    core/gate/permit_at_edge_INST_0_i_86_n_0
    SLICE_X63Y54         LUT5 (Prop_lut5_I4_O)        0.124     5.351 r  core/gate/permit_at_edge_INST_0_i_24/O
                         net (fo=1, routed)           0.856     6.207    core/gate/permit_at_edge_INST_0_i_24_n_0
    SLICE_X66Y50         LUT6 (Prop_lut6_I5_O)        0.124     6.331 r  core/gate/permit_at_edge_INST_0_i_8/O
                         net (fo=1, routed)           0.292     6.624    core/gate/permit_at_edge_INST_0_i_8_n_0
    SLICE_X67Y50         LUT4 (Prop_lut4_I3_O)        0.124     6.748 f  core/gate/permit_at_edge_INST_0_i_1/O
                         net (fo=7, routed)           1.395     8.143    core/gate/permit_at_edge_INST_0_i_1_n_0
    SLICE_X79Y36         LUT5 (Prop_lut5_I1_O)        0.124     8.267 f  core/gate/permit_at_edge_INST_0/O
                         net (fo=2, routed)           0.571     8.837    core/calendar/skip_permitted
    SLICE_X75Y35         LUT6 (Prop_lut6_I2_O)        0.124     8.961 r  core/calendar/decisions[3]_i_2/O
                         net (fo=3, routed)           0.794     9.756    core/calendar/decide_execute
    SLICE_X75Y35         LUT6 (Prop_lut6_I0_O)        0.124     9.880 r  core/calendar/decisions[2]_i_1/O
                         net (fo=1, routed)           0.000     9.880    core/calendar/decisions[2]_i_1_n_0
    SLICE_X75Y35         FDSE                                         r  core/calendar/decisions_reg[2]/D
  -------------------------------------------------------------------    -------------------

                         (clock mem_clk rise edge)    4.000     4.000 r  
                                                      0.000     4.000 r  mem_clk (IN)
                         net (fo=2501, unset)         1.554     5.554    core/calendar/clk
    SLICE_X75Y35         FDSE                                         r  core/calendar/decisions_reg[2]/C
                         clock pessimism              0.000     5.554    
                         clock uncertainty           -0.543     5.011    
    SLICE_X75Y35         FDSE (Setup_fdse_C_D)        0.029     5.040    core/calendar/decisions_reg[2]
  -------------------------------------------------------------------
                         required time                          5.040    
                         arrival time                          -9.880    
  -------------------------------------------------------------------
                         slack                                 -4.840    

Slack (VIOLATED) :        -4.835ns  (required time - arrival time)
  Source:                 receiver/saved_reg[384]/C
                            (rising edge-triggered cell FDRE clocked by mem_clk  {rise@0.000ns fall@2.000ns period=4.000ns})
  Destination:            core/calendar/decisions_reg[0]/D
                            (rising edge-triggered cell FDSE clocked by mem_clk  {rise@0.000ns fall@2.000ns period=4.000ns})
  Path Group:             mem_clk
  Path Type:              Setup (Max at Slow Process Corner)
  Requirement:            4.000ns  (mem_clk rise@4.000ns - mem_clk rise@0.000ns)
  Data Path Delay:        8.164ns  (logic 2.493ns (30.537%)  route 5.671ns (69.463%))
  Logic Levels:           11  (CARRY4=3 LUT4=2 LUT5=2 LUT6=4)
  Clock Path Skew:        -0.159ns (DCD - SCD + CPR)
    Destination Clock Delay (DCD):    1.554ns = ( 5.554 - 4.000 ) 
    Source Clock Delay      (SCD):    1.713ns
    Clock Pessimism Removal (CPR):    0.000ns
  Clock Uncertainty:      0.543ns  ((TSJ^2 + TIJ^2)^1/2 + DJ) / 2 + PE + UU
    Total System Jitter     (TSJ):    0.071ns
    Total Input Jitter      (TIJ):    0.050ns
    Discrete Jitter          (DJ):    0.000ns
    Phase Error              (PE):    0.000ns
    User Uncertainty         (UU):    0.500ns

    Location             Delay type                Incr(ns)  Path(ns)    Netlist Resource(s)
  -------------------------------------------------------------------    -------------------
                         (clock mem_clk rise edge)    0.000     0.000 r  
                                                      0.000     0.000 r  mem_clk (IN)
                         net (fo=2501, unset)         1.713     1.713    receiver/clk
    SLICE_X59Y51         FDRE                                         r  receiver/saved_reg[384]/C
  -------------------------------------------------------------------    -------------------
    SLICE_X59Y51         FDRE (Prop_fdre_C_Q)         0.456     2.169 r  receiver/saved_reg[384]/Q
                         net (fo=1, routed)           1.040     3.209    receiver/p_0_in[0]
    SLICE_X58Y51         LUT6 (Prop_lut6_I1_O)        0.124     3.333 r  receiver/integrity_INST_0_i_13/O
                         net (fo=1, routed)           0.000     3.333    receiver/integrity_INST_0_i_13_n_0
    SLICE_X58Y51         CARRY4 (Prop_carry4_S[0]_CO[3])
                                                      0.513     3.846 r  receiver/integrity_INST_0_i_5/CO[3]
                         net (fo=1, routed)           0.000     3.846    receiver/integrity_INST_0_i_5_n_0
    SLICE_X58Y52         CARRY4 (Prop_carry4_CI_CO[3])
                                                      0.117     3.963 r  receiver/integrity_INST_0_i_1/CO[3]
                         net (fo=1, routed)           0.000     3.963    receiver/integrity_INST_0_i_1_n_0
    SLICE_X58Y53         CARRY4 (Prop_carry4_CI_CO[2])
                                                      0.229     4.192 f  receiver/integrity_INST_0/CO[2]
                         net (fo=1, routed)           0.443     4.634    core/gate/cmd_integrity
    SLICE_X60Y54         LUT4 (Prop_lut4_I2_O)        0.310     4.944 r  core/gate/permit_at_edge_INST_0_i_86/O
                         net (fo=1, routed)           0.283     5.227    core/gate/permit_at_edge_INST_0_i_86_n_0
    SLICE_X63Y54         LUT5 (Prop_lut5_I4_O)        0.124     5.351 r  core/gate/permit_at_edge_INST_0_i_24/O
                         net (fo=1, routed)           0.856     6.207    core/gate/permit_at_edge_INST_0_i_24_n_0
    SLICE_X66Y50         LUT6 (Prop_lut6_I5_O)        0.124     6.331 r  core/gate/permit_at_edge_INST_0_i_8/O
                         net (fo=1, routed)           0.292     6.624    core/gate/permit_at_edge_INST_0_i_8_n_0
    SLICE_X67Y50         LUT4 (Prop_lut4_I3_O)        0.124     6.748 f  core/gate/permit_at_edge_INST_0_i_1/O
                         net (fo=7, routed)           1.395     8.143    core/gate/permit_at_edge_INST_0_i_1_n_0
    SLICE_X79Y36         LUT5 (Prop_lut5_I1_O)        0.124     8.267 f  core/gate/permit_at_edge_INST_0/O
                         net (fo=2, routed)           0.571     8.837    core/calendar/skip_permitted
    SLICE_X75Y35         LUT6 (Prop_lut6_I2_O)        0.124     8.961 r  core/calendar/decisions[3]_i_2/O
                         net (fo=3, routed)           0.791     9.753    core/calendar/decide_execute
    SLICE_X75Y35         LUT6 (Prop_lut6_I0_O)        0.124     9.877 r  core/calendar/decisions[0]_i_1/O
                         net (fo=1, routed)           0.000     9.877    core/calendar/decisions[0]_i_1_n_0
    SLICE_X75Y35         FDSE                                         r  core/calendar/decisions_reg[0]/D
  -------------------------------------------------------------------    -------------------

                         (clock mem_clk rise edge)    4.000     4.000 r  
                                                      0.000     4.000 r  mem_clk (IN)
                         net (fo=2501, unset)         1.554     5.554    core/calendar/clk
    SLICE_X75Y35         FDSE                                         r  core/calendar/decisions_reg[0]/C
                         clock pessimism              0.000     5.554    
                         clock uncertainty           -0.543     5.011    
    SLICE_X75Y35         FDSE (Setup_fdse_C_D)        0.031     5.042    core/calendar/decisions_reg[0]
  -------------------------------------------------------------------
                         required time                          5.042    
                         arrival time                          -9.877    
  -------------------------------------------------------------------
                         slack                                 -4.835    

Slack (VIOLATED) :        -4.746ns  (required time - arrival time)
  Source:                 core/next_offer_reg[4]/C
                            (rising edge-triggered cell FDRE clocked by mem_clk  {rise@0.000ns fall@2.000ns period=4.000ns})
  Destination:            core/gate/shadow_issued_reg[36]/CE
                            (rising edge-triggered cell FDRE clocked by mem_clk  {rise@0.000ns fall@2.000ns period=4.000ns})
  Path Group:             mem_clk
  Path Type:              Setup (Max at Slow Process Corner)
  Requirement:            4.000ns  (mem_clk rise@4.000ns - mem_clk rise@0.000ns)
  Data Path Delay:        7.949ns  (logic 3.113ns (39.164%)  route 4.836ns (60.836%))
  Logic Levels:           15  (CARRY4=8 LUT3=2 LUT4=1 LUT5=1 LUT6=3)
  Clock Path Skew:        -0.049ns (DCD - SCD + CPR)
    Destination Clock Delay (DCD):    1.562ns = ( 5.562 - 4.000 ) 
    Source Clock Delay      (SCD):    1.726ns
    Clock Pessimism Removal (CPR):    0.115ns
  Clock Uncertainty:      0.543ns  ((TSJ^2 + TIJ^2)^1/2 + DJ) / 2 + PE + UU
    Total System Jitter     (TSJ):    0.071ns
    Total Input Jitter      (TIJ):    0.050ns
    Discrete Jitter          (DJ):    0.000ns
    Phase Error              (PE):    0.000ns
    User Uncertainty         (UU):    0.500ns

    Location             Delay type                Incr(ns)  Path(ns)    Netlist Resource(s)
  -------------------------------------------------------------------    -------------------
                         (clock mem_clk rise edge)    0.000     0.000 r  
                                                      0.000     0.000 r  mem_clk (IN)
                         net (fo=2501, unset)         1.726     1.726    core/clk
    SLICE_X87Y19         FDRE                                         r  core/next_offer_reg[4]/C
  -------------------------------------------------------------------    -------------------
    SLICE_X87Y19         FDRE (Prop_fdre_C_Q)         0.419     2.145 r  core/next_offer_reg[4]/Q
                         net (fo=4, routed)           0.855     3.000    core/next_offer[4]
    SLICE_X84Y19         LUT4 (Prop_lut4_I2_O)        0.299     3.299 r  core/gate_i_144/O
                         net (fo=1, routed)           0.000     3.299    core/gate_i_144_n_0
    SLICE_X84Y19         CARRY4 (Prop_carry4_S[1]_CO[3])
                                                      0.550     3.849 r  core/gate_i_129/CO[3]
                         net (fo=1, routed)           0.000     3.849    core/gate_i_129_n_0
    SLICE_X84Y20         CARRY4 (Prop_carry4_CI_CO[3])
                                                      0.114     3.963 r  core/gate_i_112/CO[3]
                         net (fo=1, routed)           0.000     3.963    core/gate_i_112_n_0
    SLICE_X84Y21         CARRY4 (Prop_carry4_CI_CO[3])
                                                      0.114     4.077 r  core/gate_i_94/CO[3]
                         net (fo=1, routed)           0.000     4.077    core/gate_i_94_n_0
    SLICE_X84Y22         CARRY4 (Prop_carry4_CI_CO[3])
                                                      0.114     4.191 r  core/gate_i_76/CO[3]
                         net (fo=1, routed)           0.000     4.191    core/gate_i_76_n_0
    SLICE_X84Y23         CARRY4 (Prop_carry4_CI_CO[3])
                                                      0.114     4.305 r  core/gate_i_58/CO[3]
                         net (fo=1, routed)           0.000     4.305    core/gate_i_58_n_0
    SLICE_X84Y24         CARRY4 (Prop_carry4_CI_CO[3])
                                                      0.114     4.419 r  core/gate_i_40/CO[3]
                         net (fo=1, routed)           0.009     4.428    core/gate_i_40_n_0
    SLICE_X84Y25         CARRY4 (Prop_carry4_CI_CO[3])
                                                      0.114     4.542 r  core/gate_i_24/CO[3]
                         net (fo=1, routed)           0.000     4.542    core/gate_i_24_n_0
    SLICE_X84Y26         CARRY4 (Prop_carry4_CI_CO[2])
                                                      0.228     4.770 f  core/gate_i_14/CO[2]
                         net (fo=2, routed)           0.436     5.207    core/close01
    SLICE_X84Y27         LUT3 (Prop_lut3_I1_O)        0.313     5.520 f  core/gate_i_6/O
                         net (fo=2, routed)           0.458     5.977    core/p_14_in
    SLICE_X84Y30         LUT6 (Prop_lut6_I0_O)        0.124     6.101 f  core/gate_i_4/O
                         net (fo=1, routed)           0.644     6.745    core/gate_i_4_n_0
    SLICE_X79Y36         LUT6 (Prop_lut6_I5_O)        0.124     6.869 f  core/gate_i_1/O
                         net (fo=2, routed)           0.164     7.033    core/gate/loss
    SLICE_X79Y36         LUT5 (Prop_lut5_I3_O)        0.124     7.157 f  core/gate/command_accepted_i_2/O
                         net (fo=2, routed)           0.616     7.773    core/gate/command_accepted_i_2_n_0
    SLICE_X78Y37         LUT3 (Prop_lut3_I0_O)        0.124     7.897 f  core/gate/permit_at_edge_INST_0_i_4/O
                         net (fo=7, routed)           0.787     8.684    core/gate/permit_at_edge_INST_0_i_4_n_0
    SLICE_X83Y37         LUT6 (Prop_lut6_I4_O)        0.124     8.808 r  core/gate/shadow_deadline[63]_i_1_comp/O
                         net (fo=254, routed)         0.867     9.675    core/gate/shadow_not_before[0]
    SLICE_X81Y44         FDRE                                         r  core/gate/shadow_issued_reg[36]/CE
  -------------------------------------------------------------------    -------------------

                         (clock mem_clk rise edge)    4.000     4.000 r  
                                                      0.000     4.000 r  mem_clk (IN)
                         net (fo=2501, unset)         1.562     5.562    core/gate/clk
    SLICE_X81Y44         FDRE                                         r  core/gate/shadow_issued_reg[36]/C
                         clock pessimism              0.115     5.677    
                         clock uncertainty           -0.543     5.134    
    SLICE_X81Y44         FDRE (Setup_fdre_C_CE)      -0.205     4.929    core/gate/shadow_issued_reg[36]
  -------------------------------------------------------------------
                         required time                          4.929    
                         arrival time                          -9.675    
  -------------------------------------------------------------------
                         slack                                 -4.746    

Slack (VIOLATED) :        -4.746ns  (required time - arrival time)
  Source:                 core/next_offer_reg[4]/C
                            (rising edge-triggered cell FDRE clocked by mem_clk  {rise@0.000ns fall@2.000ns period=4.000ns})
  Destination:            core/gate/shadow_issued_reg[37]/CE
                            (rising edge-triggered cell FDRE clocked by mem_clk  {rise@0.000ns fall@2.000ns period=4.000ns})
  Path Group:             mem_clk
  Path Type:              Setup (Max at Slow Process Corner)
  Requirement:            4.000ns  (mem_clk rise@4.000ns - mem_clk rise@0.000ns)
  Data Path Delay:        7.949ns  (logic 3.113ns (39.164%)  route 4.836ns (60.836%))
  Logic Levels:           15  (CARRY4=8 LUT3=2 LUT4=1 LUT5=1 LUT6=3)
  Clock Path Skew:        -0.049ns (DCD - SCD + CPR)
    Destination Clock Delay (DCD):    1.562ns = ( 5.562 - 4.000 ) 
    Source Clock Delay      (SCD):    1.726ns
    Clock Pessimism Removal (CPR):    0.115ns
  Clock Uncertainty:      0.543ns  ((TSJ^2 + TIJ^2)^1/2 + DJ) / 2 + PE + UU
    Total System Jitter     (TSJ):    0.071ns
    Total Input Jitter      (TIJ):    0.050ns
    Discrete Jitter          (DJ):    0.000ns
    Phase Error              (PE):    0.000ns
    User Uncertainty         (UU):    0.500ns

    Location             Delay type                Incr(ns)  Path(ns)    Netlist Resource(s)
  -------------------------------------------------------------------    -------------------
                         (clock mem_clk rise edge)    0.000     0.000 r  
                                                      0.000     0.000 r  mem_clk (IN)
                         net (fo=2501, unset)         1.726     1.726    core/clk
    SLICE_X87Y19         FDRE                                         r  core/next_offer_reg[4]/C
  -------------------------------------------------------------------    -------------------
    SLICE_X87Y19         FDRE (Prop_fdre_C_Q)         0.419     2.145 r  core/next_offer_reg[4]/Q
                         net (fo=4, routed)           0.855     3.000    core/next_offer[4]
    SLICE_X84Y19         LUT4 (Prop_lut4_I2_O)        0.299     3.299 r  core/gate_i_144/O
                         net (fo=1, routed)           0.000     3.299    core/gate_i_144_n_0
    SLICE_X84Y19         CARRY4 (Prop_carry4_S[1]_CO[3])
                                                      0.550     3.849 r  core/gate_i_129/CO[3]
                         net (fo=1, routed)           0.000     3.849    core/gate_i_129_n_0
    SLICE_X84Y20         CARRY4 (Prop_carry4_CI_CO[3])
                                                      0.114     3.963 r  core/gate_i_112/CO[3]
                         net (fo=1, routed)           0.000     3.963    core/gate_i_112_n_0
    SLICE_X84Y21         CARRY4 (Prop_carry4_CI_CO[3])
                                                      0.114     4.077 r  core/gate_i_94/CO[3]
                         net (fo=1, routed)           0.000     4.077    core/gate_i_94_n_0
    SLICE_X84Y22         CARRY4 (Prop_carry4_CI_CO[3])
                                                      0.114     4.191 r  core/gate_i_76/CO[3]
                         net (fo=1, routed)           0.000     4.191    core/gate_i_76_n_0
    SLICE_X84Y23         CARRY4 (Prop_carry4_CI_CO[3])
                                                      0.114     4.305 r  core/gate_i_58/CO[3]
                         net (fo=1, routed)           0.000     4.305    core/gate_i_58_n_0
    SLICE_X84Y24         CARRY4 (Prop_carry4_CI_CO[3])
                                                      0.114     4.419 r  core/gate_i_40/CO[3]
                         net (fo=1, routed)           0.009     4.428    core/gate_i_40_n_0
    SLICE_X84Y25         CARRY4 (Prop_carry4_CI_CO[3])
                                                      0.114     4.542 r  core/gate_i_24/CO[3]
                         net (fo=1, routed)           0.000     4.542    core/gate_i_24_n_0
    SLICE_X84Y26         CARRY4 (Prop_carry4_CI_CO[2])
                                                      0.228     4.770 f  core/gate_i_14/CO[2]
                         net (fo=2, routed)           0.436     5.207    core/close01
    SLICE_X84Y27         LUT3 (Prop_lut3_I1_O)        0.313     5.520 f  core/gate_i_6/O
                         net (fo=2, routed)           0.458     5.977    core/p_14_in
    SLICE_X84Y30         LUT6 (Prop_lut6_I0_O)        0.124     6.101 f  core/gate_i_4/O
                         net (fo=1, routed)           0.644     6.745    core/gate_i_4_n_0
    SLICE_X79Y36         LUT6 (Prop_lut6_I5_O)        0.124     6.869 f  core/gate_i_1/O
                         net (fo=2, routed)           0.164     7.033    core/gate/loss
    SLICE_X79Y36         LUT5 (Prop_lut5_I3_O)        0.124     7.157 f  core/gate/command_accepted_i_2/O
                         net (fo=2, routed)           0.616     7.773    core/gate/command_accepted_i_2_n_0
    SLICE_X78Y37         LUT3 (Prop_lut3_I0_O)        0.124     7.897 f  core/gate/permit_at_edge_INST_0_i_4/O
                         net (fo=7, routed)           0.787     8.684    core/gate/permit_at_edge_INST_0_i_4_n_0
    SLICE_X83Y37         LUT6 (Prop_lut6_I4_O)        0.124     8.808 r  core/gate/shadow_deadline[63]_i_1_comp/O
                         net (fo=254, routed)         0.867     9.675    core/gate/shadow_not_before[0]
    SLICE_X81Y44         FDRE                                         r  core/gate/shadow_issued_reg[37]/CE
  -------------------------------------------------------------------    -------------------

                         (clock mem_clk rise edge)    4.000     4.000 r  
                                                      0.000     4.000 r  mem_clk (IN)
                         net (fo=2501, unset)         1.562     5.562    core/gate/clk
    SLICE_X81Y44         FDRE                                         r  core/gate/shadow_issued_reg[37]/C
                         clock pessimism              0.115     5.677    
                         clock uncertainty           -0.543     5.134    
    SLICE_X81Y44         FDRE (Setup_fdre_C_CE)      -0.205     4.929    core/gate/shadow_issued_reg[37]
  -------------------------------------------------------------------
                         required time                          4.929    
                         arrival time                          -9.675    
  -------------------------------------------------------------------
                         slack                                 -4.746    

Slack (VIOLATED) :        -4.746ns  (required time - arrival time)
  Source:                 core/next_offer_reg[4]/C
                            (rising edge-triggered cell FDRE clocked by mem_clk  {rise@0.000ns fall@2.000ns period=4.000ns})
  Destination:            core/gate/shadow_issued_reg[38]/CE
                            (rising edge-triggered cell FDRE clocked by mem_clk  {rise@0.000ns fall@2.000ns period=4.000ns})
  Path Group:             mem_clk
  Path Type:              Setup (Max at Slow Process Corner)
  Requirement:            4.000ns  (mem_clk rise@4.000ns - mem_clk rise@0.000ns)
  Data Path Delay:        7.949ns  (logic 3.113ns (39.164%)  route 4.836ns (60.836%))
  Logic Levels:           15  (CARRY4=8 LUT3=2 LUT4=1 LUT5=1 LUT6=3)
  Clock Path Skew:        -0.049ns (DCD - SCD + CPR)
    Destination Clock Delay (DCD):    1.562ns = ( 5.562 - 4.000 ) 
    Source Clock Delay      (SCD):    1.726ns
    Clock Pessimism Removal (CPR):    0.115ns
  Clock Uncertainty:      0.543ns  ((TSJ^2 + TIJ^2)^1/2 + DJ) / 2 + PE + UU
    Total System Jitter     (TSJ):    0.071ns
    Total Input Jitter      (TIJ):    0.050ns
    Discrete Jitter          (DJ):    0.000ns
    Phase Error              (PE):    0.000ns
    User Uncertainty         (UU):    0.500ns

    Location             Delay type                Incr(ns)  Path(ns)    Netlist Resource(s)
  -------------------------------------------------------------------    -------------------
                         (clock mem_clk rise edge)    0.000     0.000 r  
                                                      0.000     0.000 r  mem_clk (IN)
                         net (fo=2501, unset)         1.726     1.726    core/clk
    SLICE_X87Y19         FDRE                                         r  core/next_offer_reg[4]/C
  -------------------------------------------------------------------    -------------------
    SLICE_X87Y19         FDRE (Prop_fdre_C_Q)         0.419     2.145 r  core/next_offer_reg[4]/Q
                         net (fo=4, routed)           0.855     3.000    core/next_offer[4]
    SLICE_X84Y19         LUT4 (Prop_lut4_I2_O)        0.299     3.299 r  core/gate_i_144/O
                         net (fo=1, routed)           0.000     3.299    core/gate_i_144_n_0
    SLICE_X84Y19         CARRY4 (Prop_carry4_S[1]_CO[3])
                                                      0.550     3.849 r  core/gate_i_129/CO[3]
                         net (fo=1, routed)           0.000     3.849    core/gate_i_129_n_0
    SLICE_X84Y20         CARRY4 (Prop_carry4_CI_CO[3])
                                                      0.114     3.963 r  core/gate_i_112/CO[3]
                         net (fo=1, routed)           0.000     3.963    core/gate_i_112_n_0
    SLICE_X84Y21         CARRY4 (Prop_carry4_CI_CO[3])
                                                      0.114     4.077 r  core/gate_i_94/CO[3]
                         net (fo=1, routed)           0.000     4.077    core/gate_i_94_n_0
    SLICE_X84Y22         CARRY4 (Prop_carry4_CI_CO[3])
                                                      0.114     4.191 r  core/gate_i_76/CO[3]
                         net (fo=1, routed)           0.000     4.191    core/gate_i_76_n_0
    SLICE_X84Y23         CARRY4 (Prop_carry4_CI_CO[3])
                                                      0.114     4.305 r  core/gate_i_58/CO[3]
                         net (fo=1, routed)           0.000     4.305    core/gate_i_58_n_0
    SLICE_X84Y24         CARRY4 (Prop_carry4_CI_CO[3])
                                                      0.114     4.419 r  core/gate_i_40/CO[3]
                         net (fo=1, routed)           0.009     4.428    core/gate_i_40_n_0
    SLICE_X84Y25         CARRY4 (Prop_carry4_CI_CO[3])
                                                      0.114     4.542 r  core/gate_i_24/CO[3]
                         net (fo=1, routed)           0.000     4.542    core/gate_i_24_n_0
    SLICE_X84Y26         CARRY4 (Prop_carry4_CI_CO[2])
                                                      0.228     4.770 f  core/gate_i_14/CO[2]
                         net (fo=2, routed)           0.436     5.207    core/close01
    SLICE_X84Y27         LUT3 (Prop_lut3_I1_O)        0.313     5.520 f  core/gate_i_6/O
                         net (fo=2, routed)           0.458     5.977    core/p_14_in
    SLICE_X84Y30         LUT6 (Prop_lut6_I0_O)        0.124     6.101 f  core/gate_i_4/O
                         net (fo=1, routed)           0.644     6.745    core/gate_i_4_n_0
    SLICE_X79Y36         LUT6 (Prop_lut6_I5_O)        0.124     6.869 f  core/gate_i_1/O
                         net (fo=2, routed)           0.164     7.033    core/gate/loss
    SLICE_X79Y36         LUT5 (Prop_lut5_I3_O)        0.124     7.157 f  core/gate/command_accepted_i_2/O
                         net (fo=2, routed)           0.616     7.773    core/gate/command_accepted_i_2_n_0
    SLICE_X78Y37         LUT3 (Prop_lut3_I0_O)        0.124     7.897 f  core/gate/permit_at_edge_INST_0_i_4/O
                         net (fo=7, routed)           0.787     8.684    core/gate/permit_at_edge_INST_0_i_4_n_0
    SLICE_X83Y37         LUT6 (Prop_lut6_I4_O)        0.124     8.808 r  core/gate/shadow_deadline[63]_i_1_comp/O
                         net (fo=254, routed)         0.867     9.675    core/gate/shadow_not_before[0]
    SLICE_X81Y44         FDRE                                         r  core/gate/shadow_issued_reg[38]/CE
  -------------------------------------------------------------------    -------------------

                         (clock mem_clk rise edge)    4.000     4.000 r  
                                                      0.000     4.000 r  mem_clk (IN)
                         net (fo=2501, unset)         1.562     5.562    core/gate/clk
    SLICE_X81Y44         FDRE                                         r  core/gate/shadow_issued_reg[38]/C
                         clock pessimism              0.115     5.677    
                         clock uncertainty           -0.543     5.134    
    SLICE_X81Y44         FDRE (Setup_fdre_C_CE)      -0.205     4.929    core/gate/shadow_issued_reg[38]
  -------------------------------------------------------------------
                         required time                          4.929    
                         arrival time                          -9.675    
  -------------------------------------------------------------------
                         slack                                 -4.746    

Slack (VIOLATED) :        -4.746ns  (required time - arrival time)
  Source:                 core/next_offer_reg[4]/C
                            (rising edge-triggered cell FDRE clocked by mem_clk  {rise@0.000ns fall@2.000ns period=4.000ns})
  Destination:            core/gate/shadow_issued_reg[39]/CE
                            (rising edge-triggered cell FDRE clocked by mem_clk  {rise@0.000ns fall@2.000ns period=4.000ns})
  Path Group:             mem_clk
  Path Type:              Setup (Max at Slow Process Corner)
  Requirement:            4.000ns  (mem_clk rise@4.000ns - mem_clk rise@0.000ns)
  Data Path Delay:        7.949ns  (logic 3.113ns (39.164%)  route 4.836ns (60.836%))
  Logic Levels:           15  (CARRY4=8 LUT3=2 LUT4=1 LUT5=1 LUT6=3)
  Clock Path Skew:        -0.049ns (DCD - SCD + CPR)
    Destination Clock Delay (DCD):    1.562ns = ( 5.562 - 4.000 ) 
    Source Clock Delay      (SCD):    1.726ns
    Clock Pessimism Removal (CPR):    0.115ns
  Clock Uncertainty:      0.543ns  ((TSJ^2 + TIJ^2)^1/2 + DJ) / 2 + PE + UU
    Total System Jitter     (TSJ):    0.071ns
    Total Input Jitter      (TIJ):    0.050ns
    Discrete Jitter          (DJ):    0.000ns
    Phase Error              (PE):    0.000ns
    User Uncertainty         (UU):    0.500ns

    Location             Delay type                Incr(ns)  Path(ns)    Netlist Resource(s)
  -------------------------------------------------------------------    -------------------
                         (clock mem_clk rise edge)    0.000     0.000 r  
                                                      0.000     0.000 r  mem_clk (IN)
                         net (fo=2501, unset)         1.726     1.726    core/clk
    SLICE_X87Y19         FDRE                                         r  core/next_offer_reg[4]/C
  -------------------------------------------------------------------    -------------------
    SLICE_X87Y19         FDRE (Prop_fdre_C_Q)         0.419     2.145 r  core/next_offer_reg[4]/Q
                         net (fo=4, routed)           0.855     3.000    core/next_offer[4]
    SLICE_X84Y19         LUT4 (Prop_lut4_I2_O)        0.299     3.299 r  core/gate_i_144/O
                         net (fo=1, routed)           0.000     3.299    core/gate_i_144_n_0
    SLICE_X84Y19         CARRY4 (Prop_carry4_S[1]_CO[3])
                                                      0.550     3.849 r  core/gate_i_129/CO[3]
                         net (fo=1, routed)           0.000     3.849    core/gate_i_129_n_0
    SLICE_X84Y20         CARRY4 (Prop_carry4_CI_CO[3])
                                                      0.114     3.963 r  core/gate_i_112/CO[3]
                         net (fo=1, routed)           0.000     3.963    core/gate_i_112_n_0
    SLICE_X84Y21         CARRY4 (Prop_carry4_CI_CO[3])
                                                      0.114     4.077 r  core/gate_i_94/CO[3]
                         net (fo=1, routed)           0.000     4.077    core/gate_i_94_n_0
    SLICE_X84Y22         CARRY4 (Prop_carry4_CI_CO[3])
                                                      0.114     4.191 r  core/gate_i_76/CO[3]
                         net (fo=1, routed)           0.000     4.191    core/gate_i_76_n_0
    SLICE_X84Y23         CARRY4 (Prop_carry4_CI_CO[3])
                                                      0.114     4.305 r  core/gate_i_58/CO[3]
                         net (fo=1, routed)           0.000     4.305    core/gate_i_58_n_0
    SLICE_X84Y24         CARRY4 (Prop_carry4_CI_CO[3])
                                                      0.114     4.419 r  core/gate_i_40/CO[3]
                         net (fo=1, routed)           0.009     4.428    core/gate_i_40_n_0
    SLICE_X84Y25         CARRY4 (Prop_carry4_CI_CO[3])
                                                      0.114     4.542 r  core/gate_i_24/CO[3]
                         net (fo=1, routed)           0.000     4.542    core/gate_i_24_n_0
    SLICE_X84Y26         CARRY4 (Prop_carry4_CI_CO[2])
                                                      0.228     4.770 f  core/gate_i_14/CO[2]
                         net (fo=2, routed)           0.436     5.207    core/close01
    SLICE_X84Y27         LUT3 (Prop_lut3_I1_O)        0.313     5.520 f  core/gate_i_6/O
                         net (fo=2, routed)           0.458     5.977    core/p_14_in
    SLICE_X84Y30         LUT6 (Prop_lut6_I0_O)        0.124     6.101 f  core/gate_i_4/O
                         net (fo=1, routed)           0.644     6.745    core/gate_i_4_n_0
    SLICE_X79Y36         LUT6 (Prop_lut6_I5_O)        0.124     6.869 f  core/gate_i_1/O
                         net (fo=2, routed)           0.164     7.033    core/gate/loss
    SLICE_X79Y36         LUT5 (Prop_lut5_I3_O)        0.124     7.157 f  core/gate/command_accepted_i_2/O
                         net (fo=2, routed)           0.616     7.773    core/gate/command_accepted_i_2_n_0
    SLICE_X78Y37         LUT3 (Prop_lut3_I0_O)        0.124     7.897 f  core/gate/permit_at_edge_INST_0_i_4/O
                         net (fo=7, routed)           0.787     8.684    core/gate/permit_at_edge_INST_0_i_4_n_0
    SLICE_X83Y37         LUT6 (Prop_lut6_I4_O)        0.124     8.808 r  core/gate/shadow_deadline[63]_i_1_comp/O
                         net (fo=254, routed)         0.867     9.675    core/gate/shadow_not_before[0]
    SLICE_X81Y44         FDRE                                         r  core/gate/shadow_issued_reg[39]/CE
  -------------------------------------------------------------------    -------------------

                         (clock mem_clk rise edge)    4.000     4.000 r  
                                                      0.000     4.000 r  mem_clk (IN)
                         net (fo=2501, unset)         1.562     5.562    core/gate/clk
    SLICE_X81Y44         FDRE                                         r  core/gate/shadow_issued_reg[39]/C
                         clock pessimism              0.115     5.677    
                         clock uncertainty           -0.543     5.134    
    SLICE_X81Y44         FDRE (Setup_fdre_C_CE)      -0.205     4.929    core/gate/shadow_issued_reg[39]
  -------------------------------------------------------------------
                         required time                          4.929    
                         arrival time                          -9.675    
  -------------------------------------------------------------------
                         slack                                 -4.746    

Slack (VIOLATED) :        -4.707ns  (required time - arrival time)
  Source:                 core/next_offer_reg[4]/C
                            (rising edge-triggered cell FDRE clocked by mem_clk  {rise@0.000ns fall@2.000ns period=4.000ns})
  Destination:            core/gate/shadow_deadline_reg[41]/CE
                            (rising edge-triggered cell FDRE clocked by mem_clk  {rise@0.000ns fall@2.000ns period=4.000ns})
  Path Group:             mem_clk
  Path Type:              Setup (Max at Slow Process Corner)
  Requirement:            4.000ns  (mem_clk rise@4.000ns - mem_clk rise@0.000ns)
  Data Path Delay:        7.946ns  (logic 3.113ns (39.179%)  route 4.833ns (60.821%))
  Logic Levels:           15  (CARRY4=8 LUT3=2 LUT4=1 LUT5=1 LUT6=3)
  Clock Path Skew:        -0.049ns (DCD - SCD + CPR)
    Destination Clock Delay (DCD):    1.562ns = ( 5.562 - 4.000 ) 
    Source Clock Delay      (SCD):    1.726ns
    Clock Pessimism Removal (CPR):    0.115ns
  Clock Uncertainty:      0.543ns  ((TSJ^2 + TIJ^2)^1/2 + DJ) / 2 + PE + UU
    Total System Jitter     (TSJ):    0.071ns
    Total Input Jitter      (TIJ):    0.050ns
    Discrete Jitter          (DJ):    0.000ns
    Phase Error              (PE):    0.000ns
    User Uncertainty         (UU):    0.500ns

    Location             Delay type                Incr(ns)  Path(ns)    Netlist Resource(s)
  -------------------------------------------------------------------    -------------------
                         (clock mem_clk rise edge)    0.000     0.000 r  
                                                      0.000     0.000 r  mem_clk (IN)
                         net (fo=2501, unset)         1.726     1.726    core/clk
    SLICE_X87Y19         FDRE                                         r  core/next_offer_reg[4]/C
  -------------------------------------------------------------------    -------------------
    SLICE_X87Y19         FDRE (Prop_fdre_C_Q)         0.419     2.145 r  core/next_offer_reg[4]/Q
                         net (fo=4, routed)           0.855     3.000    core/next_offer[4]
    SLICE_X84Y19         LUT4 (Prop_lut4_I2_O)        0.299     3.299 r  core/gate_i_144/O
                         net (fo=1, routed)           0.000     3.299    core/gate_i_144_n_0
    SLICE_X84Y19         CARRY4 (Prop_carry4_S[1]_CO[3])
                                                      0.550     3.849 r  core/gate_i_129/CO[3]
                         net (fo=1, routed)           0.000     3.849    core/gate_i_129_n_0
    SLICE_X84Y20         CARRY4 (Prop_carry4_CI_CO[3])
                                                      0.114     3.963 r  core/gate_i_112/CO[3]
                         net (fo=1, routed)           0.000     3.963    core/gate_i_112_n_0
    SLICE_X84Y21         CARRY4 (Prop_carry4_CI_CO[3])
                                                      0.114     4.077 r  core/gate_i_94/CO[3]
                         net (fo=1, routed)           0.000     4.077    core/gate_i_94_n_0
    SLICE_X84Y22         CARRY4 (Prop_carry4_CI_CO[3])
                                                      0.114     4.191 r  core/gate_i_76/CO[3]
                         net (fo=1, routed)           0.000     4.191    core/gate_i_76_n_0
    SLICE_X84Y23         CARRY4 (Prop_carry4_CI_CO[3])
                                                      0.114     4.305 r  core/gate_i_58/CO[3]
                         net (fo=1, routed)           0.000     4.305    core/gate_i_58_n_0
    SLICE_X84Y24         CARRY4 (Prop_carry4_CI_CO[3])
                                                      0.114     4.419 r  core/gate_i_40/CO[3]
                         net (fo=1, routed)           0.009     4.428    core/gate_i_40_n_0
    SLICE_X84Y25         CARRY4 (Prop_carry4_CI_CO[3])
                                                      0.114     4.542 r  core/gate_i_24/CO[3]
                         net (fo=1, routed)           0.000     4.542    core/gate_i_24_n_0
    SLICE_X84Y26         CARRY4 (Prop_carry4_CI_CO[2])
                                                      0.228     4.770 f  core/gate_i_14/CO[2]
                         net (fo=2, routed)           0.436     5.207    core/close01
    SLICE_X84Y27         LUT3 (Prop_lut3_I1_O)        0.313     5.520 f  core/gate_i_6/O
                         net (fo=2, routed)           0.458     5.977    core/p_14_in
    SLICE_X84Y30         LUT6 (Prop_lut6_I0_O)        0.124     6.101 f  core/gate_i_4/O
                         net (fo=1, routed)           0.644     6.745    core/gate_i_4_n_0
    SLICE_X79Y36         LUT6 (Prop_lut6_I5_O)        0.124     6.869 f  core/gate_i_1/O
                         net (fo=2, routed)           0.164     7.033    core/gate/loss
    SLICE_X79Y36         LUT5 (Prop_lut5_I3_O)        0.124     7.157 f  core/gate/command_accepted_i_2/O
                         net (fo=2, routed)           0.616     7.773    core/gate/command_accepted_i_2_n_0
    SLICE_X78Y37         LUT3 (Prop_lut3_I0_O)        0.124     7.897 f  core/gate/permit_at_edge_INST_0_i_4/O
                         net (fo=7, routed)           0.787     8.684    core/gate/permit_at_edge_INST_0_i_4_n_0
    SLICE_X83Y37         LUT6 (Prop_lut6_I4_O)        0.124     8.808 r  core/gate/shadow_deadline[63]_i_1_comp/O
                         net (fo=254, routed)         0.864     9.672    core/gate/shadow_not_before[0]
    SLICE_X82Y45         FDRE                                         r  core/gate/shadow_deadline_reg[41]/CE
  -------------------------------------------------------------------    -------------------

                         (clock mem_clk rise edge)    4.000     4.000 r  
                                                      0.000     4.000 r  mem_clk (IN)
                         net (fo=2501, unset)         1.562     5.562    core/gate/clk
    SLICE_X82Y45         FDRE                                         r  core/gate/shadow_deadline_reg[41]/C
                         clock pessimism              0.115     5.677    
                         clock uncertainty           -0.543     5.134    
    SLICE_X82Y45         FDRE (Setup_fdre_C_CE)      -0.169     4.965    core/gate/shadow_deadline_reg[41]
  -------------------------------------------------------------------
                         required time                          4.965    
                         arrival time                          -9.672    
  -------------------------------------------------------------------
                         slack                                 -4.707    

Slack (VIOLATED) :        -4.707ns  (required time - arrival time)
  Source:                 core/next_offer_reg[4]/C
                            (rising edge-triggered cell FDRE clocked by mem_clk  {rise@0.000ns fall@2.000ns period=4.000ns})
  Destination:            core/gate/shadow_not_before_reg[55]/CE
                            (rising edge-triggered cell FDRE clocked by mem_clk  {rise@0.000ns fall@2.000ns period=4.000ns})
  Path Group:             mem_clk
  Path Type:              Setup (Max at Slow Process Corner)
  Requirement:            4.000ns  (mem_clk rise@4.000ns - mem_clk rise@0.000ns)
  Data Path Delay:        7.946ns  (logic 3.113ns (39.179%)  route 4.833ns (60.821%))
  Logic Levels:           15  (CARRY4=8 LUT3=2 LUT4=1 LUT5=1 LUT6=3)
  Clock Path Skew:        -0.049ns (DCD - SCD + CPR)
    Destination Clock Delay (DCD):    1.562ns = ( 5.562 - 4.000 ) 
    Source Clock Delay      (SCD):    1.726ns
    Clock Pessimism Removal (CPR):    0.115ns
  Clock Uncertainty:      0.543ns  ((TSJ^2 + TIJ^2)^1/2 + DJ) / 2 + PE + UU
    Total System Jitter     (TSJ):    0.071ns
    Total Input Jitter      (TIJ):    0.050ns
    Discrete Jitter          (DJ):    0.000ns
    Phase Error              (PE):    0.000ns
    User Uncertainty         (UU):    0.500ns

    Location             Delay type                Incr(ns)  Path(ns)    Netlist Resource(s)
  -------------------------------------------------------------------    -------------------
                         (clock mem_clk rise edge)    0.000     0.000 r  
                                                      0.000     0.000 r  mem_clk (IN)
                         net (fo=2501, unset)         1.726     1.726    core/clk
    SLICE_X87Y19         FDRE                                         r  core/next_offer_reg[4]/C
  -------------------------------------------------------------------    -------------------
    SLICE_X87Y19         FDRE (Prop_fdre_C_Q)         0.419     2.145 r  core/next_offer_reg[4]/Q
                         net (fo=4, routed)           0.855     3.000    core/next_offer[4]
    SLICE_X84Y19         LUT4 (Prop_lut4_I2_O)        0.299     3.299 r  core/gate_i_144/O
                         net (fo=1, routed)           0.000     3.299    core/gate_i_144_n_0
    SLICE_X84Y19         CARRY4 (Prop_carry4_S[1]_CO[3])
                                                      0.550     3.849 r  core/gate_i_129/CO[3]
                         net (fo=1, routed)           0.000     3.849    core/gate_i_129_n_0
    SLICE_X84Y20         CARRY4 (Prop_carry4_CI_CO[3])
                                                      0.114     3.963 r  core/gate_i_112/CO[3]
                         net (fo=1, routed)           0.000     3.963    core/gate_i_112_n_0
    SLICE_X84Y21         CARRY4 (Prop_carry4_CI_CO[3])
                                                      0.114     4.077 r  core/gate_i_94/CO[3]
                         net (fo=1, routed)           0.000     4.077    core/gate_i_94_n_0
    SLICE_X84Y22         CARRY4 (Prop_carry4_CI_CO[3])
                                                      0.114     4.191 r  core/gate_i_76/CO[3]
                         net (fo=1, routed)           0.000     4.191    core/gate_i_76_n_0
    SLICE_X84Y23         CARRY4 (Prop_carry4_CI_CO[3])
                                                      0.114     4.305 r  core/gate_i_58/CO[3]
                         net (fo=1, routed)           0.000     4.305    core/gate_i_58_n_0
    SLICE_X84Y24         CARRY4 (Prop_carry4_CI_CO[3])
                                                      0.114     4.419 r  core/gate_i_40/CO[3]
                         net (fo=1, routed)           0.009     4.428    core/gate_i_40_n_0
    SLICE_X84Y25         CARRY4 (Prop_carry4_CI_CO[3])
                                                      0.114     4.542 r  core/gate_i_24/CO[3]
                         net (fo=1, routed)           0.000     4.542    core/gate_i_24_n_0
    SLICE_X84Y26         CARRY4 (Prop_carry4_CI_CO[2])
                                                      0.228     4.770 f  core/gate_i_14/CO[2]
                         net (fo=2, routed)           0.436     5.207    core/close01
    SLICE_X84Y27         LUT3 (Prop_lut3_I1_O)        0.313     5.520 f  core/gate_i_6/O
                         net (fo=2, routed)           0.458     5.977    core/p_14_in
    SLICE_X84Y30         LUT6 (Prop_lut6_I0_O)        0.124     6.101 f  core/gate_i_4/O
                         net (fo=1, routed)           0.644     6.745    core/gate_i_4_n_0
    SLICE_X79Y36         LUT6 (Prop_lut6_I5_O)        0.124     6.869 f  core/gate_i_1/O
                         net (fo=2, routed)           0.164     7.033    core/gate/loss
    SLICE_X79Y36         LUT5 (Prop_lut5_I3_O)        0.124     7.157 f  core/gate/command_accepted_i_2/O
                         net (fo=2, routed)           0.616     7.773    core/gate/command_accepted_i_2_n_0
    SLICE_X78Y37         LUT3 (Prop_lut3_I0_O)        0.124     7.897 f  core/gate/permit_at_edge_INST_0_i_4/O
                         net (fo=7, routed)           0.787     8.684    core/gate/permit_at_edge_INST_0_i_4_n_0
    SLICE_X83Y37         LUT6 (Prop_lut6_I4_O)        0.124     8.808 r  core/gate/shadow_deadline[63]_i_1_comp/O
                         net (fo=254, routed)         0.864     9.672    core/gate/shadow_not_before[0]
    SLICE_X82Y45         FDRE                                         r  core/gate/shadow_not_before_reg[55]/CE
  -------------------------------------------------------------------    -------------------

                         (clock mem_clk rise edge)    4.000     4.000 r  
                                                      0.000     4.000 r  mem_clk (IN)
                         net (fo=2501, unset)         1.562     5.562    core/gate/clk
    SLICE_X82Y45         FDRE                                         r  core/gate/shadow_not_before_reg[55]/C
                         clock pessimism              0.115     5.677    
                         clock uncertainty           -0.543     5.134    
    SLICE_X82Y45         FDRE (Setup_fdre_C_CE)      -0.169     4.965    core/gate/shadow_not_before_reg[55]
  -------------------------------------------------------------------
                         required time                          4.965    
                         arrival time                          -9.672    
  -------------------------------------------------------------------
                         slack                                 -4.707    

Slack (VIOLATED) :        -4.707ns  (required time - arrival time)
  Source:                 core/next_offer_reg[4]/C
                            (rising edge-triggered cell FDRE clocked by mem_clk  {rise@0.000ns fall@2.000ns period=4.000ns})
  Destination:            core/gate/shadow_not_before_reg[57]/CE
                            (rising edge-triggered cell FDRE clocked by mem_clk  {rise@0.000ns fall@2.000ns period=4.000ns})
  Path Group:             mem_clk
  Path Type:              Setup (Max at Slow Process Corner)
  Requirement:            4.000ns  (mem_clk rise@4.000ns - mem_clk rise@0.000ns)
  Data Path Delay:        7.946ns  (logic 3.113ns (39.179%)  route 4.833ns (60.821%))
  Logic Levels:           15  (CARRY4=8 LUT3=2 LUT4=1 LUT5=1 LUT6=3)
  Clock Path Skew:        -0.049ns (DCD - SCD + CPR)
    Destination Clock Delay (DCD):    1.562ns = ( 5.562 - 4.000 ) 
    Source Clock Delay      (SCD):    1.726ns
    Clock Pessimism Removal (CPR):    0.115ns
  Clock Uncertainty:      0.543ns  ((TSJ^2 + TIJ^2)^1/2 + DJ) / 2 + PE + UU
    Total System Jitter     (TSJ):    0.071ns
    Total Input Jitter      (TIJ):    0.050ns
    Discrete Jitter          (DJ):    0.000ns
    Phase Error              (PE):    0.000ns
    User Uncertainty         (UU):    0.500ns

    Location             Delay type                Incr(ns)  Path(ns)    Netlist Resource(s)
  -------------------------------------------------------------------    -------------------
                         (clock mem_clk rise edge)    0.000     0.000 r  
                                                      0.000     0.000 r  mem_clk (IN)
                         net (fo=2501, unset)         1.726     1.726    core/clk
    SLICE_X87Y19         FDRE                                         r  core/next_offer_reg[4]/C
  -------------------------------------------------------------------    -------------------
    SLICE_X87Y19         FDRE (Prop_fdre_C_Q)         0.419     2.145 r  core/next_offer_reg[4]/Q
                         net (fo=4, routed)           0.855     3.000    core/next_offer[4]
    SLICE_X84Y19         LUT4 (Prop_lut4_I2_O)        0.299     3.299 r  core/gate_i_144/O
                         net (fo=1, routed)           0.000     3.299    core/gate_i_144_n_0
    SLICE_X84Y19         CARRY4 (Prop_carry4_S[1]_CO[3])
                                                      0.550     3.849 r  core/gate_i_129/CO[3]
                         net (fo=1, routed)           0.000     3.849    core/gate_i_129_n_0
    SLICE_X84Y20         CARRY4 (Prop_carry4_CI_CO[3])
                                                      0.114     3.963 r  core/gate_i_112/CO[3]
                         net (fo=1, routed)           0.000     3.963    core/gate_i_112_n_0
    SLICE_X84Y21         CARRY4 (Prop_carry4_CI_CO[3])
                                                      0.114     4.077 r  core/gate_i_94/CO[3]
                         net (fo=1, routed)           0.000     4.077    core/gate_i_94_n_0
    SLICE_X84Y22         CARRY4 (Prop_carry4_CI_CO[3])
                                                      0.114     4.191 r  core/gate_i_76/CO[3]
                         net (fo=1, routed)           0.000     4.191    core/gate_i_76_n_0
    SLICE_X84Y23         CARRY4 (Prop_carry4_CI_CO[3])
                                                      0.114     4.305 r  core/gate_i_58/CO[3]
                         net (fo=1, routed)           0.000     4.305    core/gate_i_58_n_0
    SLICE_X84Y24         CARRY4 (Prop_carry4_CI_CO[3])
                                                      0.114     4.419 r  core/gate_i_40/CO[3]
                         net (fo=1, routed)           0.009     4.428    core/gate_i_40_n_0
    SLICE_X84Y25         CARRY4 (Prop_carry4_CI_CO[3])
                                                      0.114     4.542 r  core/gate_i_24/CO[3]
                         net (fo=1, routed)           0.000     4.542    core/gate_i_24_n_0
    SLICE_X84Y26         CARRY4 (Prop_carry4_CI_CO[2])
                                                      0.228     4.770 f  core/gate_i_14/CO[2]
                         net (fo=2, routed)           0.436     5.207    core/close01
    SLICE_X84Y27         LUT3 (Prop_lut3_I1_O)        0.313     5.520 f  core/gate_i_6/O
                         net (fo=2, routed)           0.458     5.977    core/p_14_in
    SLICE_X84Y30         LUT6 (Prop_lut6_I0_O)        0.124     6.101 f  core/gate_i_4/O
                         net (fo=1, routed)           0.644     6.745    core/gate_i_4_n_0
    SLICE_X79Y36         LUT6 (Prop_lut6_I5_O)        0.124     6.869 f  core/gate_i_1/O
                         net (fo=2, routed)           0.164     7.033    core/gate/loss
    SLICE_X79Y36         LUT5 (Prop_lut5_I3_O)        0.124     7.157 f  core/gate/command_accepted_i_2/O
                         net (fo=2, routed)           0.616     7.773    core/gate/command_accepted_i_2_n_0
    SLICE_X78Y37         LUT3 (Prop_lut3_I0_O)        0.124     7.897 f  core/gate/permit_at_edge_INST_0_i_4/O
                         net (fo=7, routed)           0.787     8.684    core/gate/permit_at_edge_INST_0_i_4_n_0
    SLICE_X83Y37         LUT6 (Prop_lut6_I4_O)        0.124     8.808 r  core/gate/shadow_deadline[63]_i_1_comp/O
                         net (fo=254, routed)         0.864     9.672    core/gate/shadow_not_before[0]
    SLICE_X82Y45         FDRE                                         r  core/gate/shadow_not_before_reg[57]/CE
  -------------------------------------------------------------------    -------------------

                         (clock mem_clk rise edge)    4.000     4.000 r  
                                                      0.000     4.000 r  mem_clk (IN)
                         net (fo=2501, unset)         1.562     5.562    core/gate/clk
    SLICE_X82Y45         FDRE                                         r  core/gate/shadow_not_before_reg[57]/C
                         clock pessimism              0.115     5.677    
                         clock uncertainty           -0.543     5.134    
    SLICE_X82Y45         FDRE (Setup_fdre_C_CE)      -0.169     4.965    core/gate/shadow_not_before_reg[57]
  -------------------------------------------------------------------
                         required time                          4.965    
                         arrival time                          -9.672    
  -------------------------------------------------------------------
                         slack                                 -4.707    

Slack (VIOLATED) :        -4.702ns  (required time - arrival time)
  Source:                 core/next_offer_reg[4]/C
                            (rising edge-triggered cell FDRE clocked by mem_clk  {rise@0.000ns fall@2.000ns period=4.000ns})
  Destination:            core/gate/shadow_expires_reg[22]/CE
                            (rising edge-triggered cell FDRE clocked by mem_clk  {rise@0.000ns fall@2.000ns period=4.000ns})
  Path Group:             mem_clk
  Path Type:              Setup (Max at Slow Process Corner)
  Requirement:            4.000ns  (mem_clk rise@4.000ns - mem_clk rise@0.000ns)
  Data Path Delay:        7.900ns  (logic 3.113ns (39.406%)  route 4.787ns (60.594%))
  Logic Levels:           15  (CARRY4=8 LUT3=2 LUT4=1 LUT5=1 LUT6=3)
  Clock Path Skew:        -0.054ns (DCD - SCD + CPR)
    Destination Clock Delay (DCD):    1.557ns = ( 5.557 - 4.000 ) 
    Source Clock Delay      (SCD):    1.726ns
    Clock Pessimism Removal (CPR):    0.115ns
  Clock Uncertainty:      0.543ns  ((TSJ^2 + TIJ^2)^1/2 + DJ) / 2 + PE + UU
    Total System Jitter     (TSJ):    0.071ns
    Total Input Jitter      (TIJ):    0.050ns
    Discrete Jitter          (DJ):    0.000ns
    Phase Error              (PE):    0.000ns
    User Uncertainty         (UU):    0.500ns

    Location             Delay type                Incr(ns)  Path(ns)    Netlist Resource(s)
  -------------------------------------------------------------------    -------------------
                         (clock mem_clk rise edge)    0.000     0.000 r  
                                                      0.000     0.000 r  mem_clk (IN)
                         net (fo=2501, unset)         1.726     1.726    core/clk
    SLICE_X87Y19         FDRE                                         r  core/next_offer_reg[4]/C
  -------------------------------------------------------------------    -------------------
    SLICE_X87Y19         FDRE (Prop_fdre_C_Q)         0.419     2.145 r  core/next_offer_reg[4]/Q
                         net (fo=4, routed)           0.855     3.000    core/next_offer[4]
    SLICE_X84Y19         LUT4 (Prop_lut4_I2_O)        0.299     3.299 r  core/gate_i_144/O
                         net (fo=1, routed)           0.000     3.299    core/gate_i_144_n_0
    SLICE_X84Y19         CARRY4 (Prop_carry4_S[1]_CO[3])
                                                      0.550     3.849 r  core/gate_i_129/CO[3]
                         net (fo=1, routed)           0.000     3.849    core/gate_i_129_n_0
    SLICE_X84Y20         CARRY4 (Prop_carry4_CI_CO[3])
                                                      0.114     3.963 r  core/gate_i_112/CO[3]
                         net (fo=1, routed)           0.000     3.963    core/gate_i_112_n_0
    SLICE_X84Y21         CARRY4 (Prop_carry4_CI_CO[3])
                                                      0.114     4.077 r  core/gate_i_94/CO[3]
                         net (fo=1, routed)           0.000     4.077    core/gate_i_94_n_0
    SLICE_X84Y22         CARRY4 (Prop_carry4_CI_CO[3])
                                                      0.114     4.191 r  core/gate_i_76/CO[3]
                         net (fo=1, routed)           0.000     4.191    core/gate_i_76_n_0
    SLICE_X84Y23         CARRY4 (Prop_carry4_CI_CO[3])
                                                      0.114     4.305 r  core/gate_i_58/CO[3]
                         net (fo=1, routed)           0.000     4.305    core/gate_i_58_n_0
    SLICE_X84Y24         CARRY4 (Prop_carry4_CI_CO[3])
                                                      0.114     4.419 r  core/gate_i_40/CO[3]
                         net (fo=1, routed)           0.009     4.428    core/gate_i_40_n_0
    SLICE_X84Y25         CARRY4 (Prop_carry4_CI_CO[3])
                                                      0.114     4.542 r  core/gate_i_24/CO[3]
                         net (fo=1, routed)           0.000     4.542    core/gate_i_24_n_0
    SLICE_X84Y26         CARRY4 (Prop_carry4_CI_CO[2])
                                                      0.228     4.770 f  core/gate_i_14/CO[2]
                         net (fo=2, routed)           0.436     5.207    core/close01
    SLICE_X84Y27         LUT3 (Prop_lut3_I1_O)        0.313     5.520 f  core/gate_i_6/O
                         net (fo=2, routed)           0.458     5.977    core/p_14_in
    SLICE_X84Y30         LUT6 (Prop_lut6_I0_O)        0.124     6.101 f  core/gate_i_4/O
                         net (fo=1, routed)           0.644     6.745    core/gate_i_4_n_0
    SLICE_X79Y36         LUT6 (Prop_lut6_I5_O)        0.124     6.869 f  core/gate_i_1/O
                         net (fo=2, routed)           0.164     7.033    core/gate/loss
    SLICE_X79Y36         LUT5 (Prop_lut5_I3_O)        0.124     7.157 f  core/gate/command_accepted_i_2/O
                         net (fo=2, routed)           0.616     7.773    core/gate/command_accepted_i_2_n_0
    SLICE_X78Y37         LUT3 (Prop_lut3_I0_O)        0.124     7.897 f  core/gate/permit_at_edge_INST_0_i_4/O
                         net (fo=7, routed)           0.787     8.684    core/gate/permit_at_edge_INST_0_i_4_n_0
    SLICE_X83Y37         LUT6 (Prop_lut6_I4_O)        0.124     8.808 r  core/gate/shadow_deadline[63]_i_1_comp/O
                         net (fo=254, routed)         0.818     9.626    core/gate/shadow_not_before[0]
    SLICE_X85Y35         FDRE                                         r  core/gate/shadow_expires_reg[22]/CE
  -------------------------------------------------------------------    -------------------

                         (clock mem_clk rise edge)    4.000     4.000 r  
                                                      0.000     4.000 r  mem_clk (IN)
                         net (fo=2501, unset)         1.557     5.557    core/gate/clk
    SLICE_X85Y35         FDRE                                         r  core/gate/shadow_expires_reg[22]/C
                         clock pessimism              0.115     5.672    
                         clock uncertainty           -0.543     5.129    
    SLICE_X85Y35         FDRE (Setup_fdre_C_CE)      -0.205     4.924    core/gate/shadow_expires_reg[22]
  -------------------------------------------------------------------
                         required time                          4.924    
                         arrival time                          -9.626    
  -------------------------------------------------------------------
                         slack                                 -4.702    




