IOBUF_COUNT 16
PAD sram_a[19] R20 LVCMOS33
PAD sram_a[18] R21 LVCMOS33
PAD sram_a[17] J21 LVCMOS33
PAD sram_a[16] J22 LVCMOS33
PAD sram_a[15] T16 LVCMOS33
PAD sram_a[14] T17 LVCMOS33
PAD sram_a[13] L21 LVCMOS33
PAD sram_a[12] L22 LVCMOS33
PAD sram_a[11] J18 LVCMOS33
PAD sram_a[10] K18 LVCMOS33
PAD sram_a[9] M21 LVCMOS33
PAD sram_a[8] M22 LVCMOS33
PAD sram_a[7] N22 LVCMOS33
PAD sram_a[6] P22 LVCMOS33
PAD sram_a[5] P17 LVCMOS33
PAD sram_a[4] P18 LVCMOS33
PAD sram_a[3] N19 LVCMOS33
PAD sram_a[2] N20 LVCMOS33
PAD sram_a[1] M19 LVCMOS33
PAD sram_a[0] M20 LVCMOS33
PAD sram_dq[15] B19 LVCMOS33
PAD sram_dq[14] B20 LVCMOS33
PAD sram_dq[13] J20 LVCMOS33
PAD sram_dq[12] K21 LVCMOS33
PAD sram_dq[11] J16 LVCMOS33
PAD sram_dq[10] J17 LVCMOS33
PAD sram_dq[9] K19 LVCMOS33
PAD sram_dq[8] K20 LVCMOS33
PAD sram_dq[7] L17 LVCMOS33
PAD sram_dq[6] M17 LVCMOS33
PAD sram_dq[5] P20 LVCMOS33
PAD sram_dq[4] P21 LVCMOS33
PAD sram_dq[3] N17 LVCMOS33
PAD sram_dq[2] N18 LVCMOS33
PAD sram_dq[1] R19 LVCMOS33
PAD sram_dq[0] T19 LVCMOS33
PAD sram_ce_n C20 LVCMOS33
PAD sram_lb_n G15 LVCMOS33
PAD sram_oe_n D20 LVCMOS33
PAD sram_ub_n G21 LVCMOS33
PAD sram_we_n G16 LVCMOS33
PAD sram_err G20 LVCMOS33
